[0.006s] Invoking command in '/home/prithiv/tentacle2/build/tentacle_controller': CMAKE_PREFIX_PATH=${CMAKE_PREFIX_PATH}:/home/prithiv/tentacle2/install/tentacle_description:/opt/ros/humble /usr/bin/cmake --build /home/prithiv/tentacle2/build/tentacle_controller -- -j12 -l12
[0.020s] -- Found ament_cmake: 1.3.11 (/opt/ros/humble/share/ament_cmake/cmake)
[0.106s] -- Found ament_lint_auto: 0.12.12 (/opt/ros/humble/share/ament_lint_auto/cmake)
[0.153s] -- Added test 'flake8' to check Python code syntax and style conventions
[0.153s] -- Added test 'lint_cmake' to check CMake code style
[0.154s] -- Added test 'pep257' to check Python code against some of the docstring style conventions in PEP 257
[0.154s] -- Added test 'xmllint' to check XML markup files
[0.155s] -- Configuring done
[0.157s] -- Generating done
[0.158s] -- Build files have been written to: /home/prithiv/tentacle2/build/tentacle_controller
[0.171s] Invoked command in '/home/prithiv/tentacle2/build/tentacle_controller' returned '0': CMAKE_PREFIX_PATH=${CMAKE_PREFIX_PATH}:/home/prithiv/tentacle2/install/tentacle_description:/opt/ros/humble /usr/bin/cmake --build /home/prithiv/tentacle2/build/tentacle_controller -- -j12 -l12
[0.177s] Invoking command in '/home/prithiv/tentacle2/build/tentacle_controller': CMAKE_PREFIX_PATH=${CMAKE_PREFIX_PATH}:/home/prithiv/tentacle2/install/tentacle_description:/opt/ros/humble /usr/bin/cmake --install /home/prithiv/tentacle2/build/tentacle_controller
[0.181s] -- Install configuration: ""
[0.181s] -- Up-to-date: /home/prithiv/tentacle2/install/tentacle_controller/share/tentacle_controller/config
[0.181s] -- Up-to-date: /home/prithiv/tentacle2/install/tentacle_controller/share/tentacle_controller/config/tentacle_controllers.yaml
[0.181s] -- Up-to-date: /home/prithiv/tentacle2/install/tentacle_controller/share/tentacle_controller/launch
[0.181s] -- Up-to-date: /home/prithiv/tentacle2/install/tentacle_controller/share/tentacle_controller/launch/controller.launch.py
[0.181s] -- Installing: /home/prithiv/tentacle2/install/tentacle_controller/share/ament_index/resource_index/package_run_dependencies/tentacle_controller
[0.182s] -- Installing: /home/prithiv/tentacle2/install/tentacle_controller/share/ament_index/resource_index/parent_prefix_path/tentacle_controller
[0.182s] -- Up-to-date: /home/prithiv/tentacle2/install/tentacle_controller/share/tentacle_controller/environment/ament_prefix_path.sh
[0.182s] -- Installing: /home/prithiv/tentacle2/install/tentacle_controller/share/tentacle_controller/environment/ament_prefix_path.dsv
[0.182s] -- Up-to-date: /home/prithiv/tentacle2/install/tentacle_controller/share/tentacle_controller/environment/path.sh
[0.182s] -- Installing: /home/prithiv/tentacle2/install/tentacle_controller/share/tentacle_controller/environment/path.dsv
[0.182s] -- Up-to-date: /home/prithiv/tentacle2/install/tentacle_controller/share/tentacle_controller/local_setup.bash
[0.182s] -- Up-to-date: /home/prithiv/tentacle2/install/tentacle_controller/share/tentacle_controller/local_setup.sh
[0.182s] -- Up-to-date: /home/prithiv/tentacle2/install/tentacle_controller/share/tentacle_controller/local_setup.zsh
[0.182s] -- Installing: /home/prithiv/tentacle2/install/tentacle_controller/share/tentacle_controller/local_setup.dsv
[0.182s] -- Installing: /home/prithiv/tentacle2/install/tentacle_controller/share/tentacle_controller/package.dsv
[0.182s] -- Up-to-date: /home/prithiv/tentacle2/install/tentacle_controller/share/ament_index/resource_index/packages/tentacle_controller
[0.182s] -- Up-to-date: /home/prithiv/tentacle2/install/tentacle_controller/share/tentacle_controller/cmake/tentacle_controllerConfig.cmake
[0.182s] -- Up-to-date: /home/prithiv/tentacle2/install/tentacle_controller/share/tentacle_controller/cmake/tentacle_controllerConfig-version.cmake
[0.182s] -- Installing: /home/prithiv/tentacle2/install/tentacle_controller/share/tentacle_controller/package.xml
[0.183s] Invoked command in '/home/prithiv/tentacle2/build/tentacle_controller' returned '0': CMAKE_PREFIX_PATH=${CMAKE_PREFIX_PATH}:/home/prithiv/tentacle2/install/tentacle_description:/opt/ros/humble /usr/bin/cmake --install /home/prithiv/tentacle2/build/tentacle_controller
