[2.175s] Invoking command in '/home/prithiv/tentacle2/src/tentacle_description': PYTHONPATH=/home/prithiv/tentacle2/build/tentacle_description/prefix_override:/usr/lib/python3/dist-packages/colcon_core/task/python/colcon_distutils_commands:/home/prithiv/tentacle2/install/tentacle_description/lib/python3.10/site-packages:${PYTHONPATH} /usr/bin/python3 -W ignore:setup.py install is deprecated -W ignore:easy_install command is deprecated setup.py egg_info --egg-base ../../build/tentacle_description build --build-base /home/prithiv/tentacle2/build/tentacle_description/build install --record /home/prithiv/tentacle2/build/tentacle_description/install.log --single-version-externally-managed install_data
[2.311s] running egg_info
[2.311s] writing ../../build/tentacle_description/tentacle_description.egg-info/PKG-INFO
[2.311s] writing dependency_links to ../../build/tentacle_description/tentacle_description.egg-info/dependency_links.txt
[2.311s] writing entry points to ../../build/tentacle_description/tentacle_description.egg-info/entry_points.txt
[2.312s] writing requirements to ../../build/tentacle_description/tentacle_description.egg-info/requires.txt
[2.312s] writing top-level names to ../../build/tentacle_description/tentacle_description.egg-info/top_level.txt
[2.313s] reading manifest file '../../build/tentacle_description/tentacle_description.egg-info/SOURCES.txt'
[2.317s] writing manifest file '../../build/tentacle_description/tentacle_description.egg-info/SOURCES.txt'
[2.317s] running build
[2.317s] running build_py
[2.317s] running install
[2.317s] running install_lib
[2.318s] running install_data
[2.318s] copying package.xml -> /home/prithiv/tentacle2/install/tentacle_description/share/tentacle_description
[2.318s] copying urdf/tentacle_gazebo.xacro -> /home/prithiv/tentacle2/install/tentacle_description/share/tentacle_description/urdf
[2.318s] copying urdf/tentacle_ros2_control.xacro -> /home/prithiv/tentacle2/install/tentacle_description/share/tentacle_description/urdf
[2.318s] copying urdf/tentacle.xacro -> /home/prithiv/tentacle2/install/tentacle_description/share/tentacle_description/urdf
[2.318s] running install_egg_info
[2.319s] removing '/home/prithiv/tentacle2/install/tentacle_description/lib/python3.10/site-packages/tentacle_description-0.0.0-py3.10.egg-info' (and everything under it)
[2.319s] Copying ../../build/tentacle_description/tentacle_description.egg-info to /home/prithiv/tentacle2/install/tentacle_description/lib/python3.10/site-packages/tentacle_description-0.0.0-py3.10.egg-info
[2.320s] running install_scripts
[2.333s] writing list of installed files to '/home/prithiv/tentacle2/build/tentacle_description/install.log'
[2.345s] Invoked command in '/home/prithiv/tentacle2/src/tentacle_description' returned '0': PYTHONPATH=/home/prithiv/tentacle2/build/tentacle_description/prefix_override:/usr/lib/python3/dist-packages/colcon_core/task/python/colcon_distutils_commands:/home/prithiv/tentacle2/install/tentacle_description/lib/python3.10/site-packages:${PYTHONPATH} /usr/bin/python3 -W ignore:setup.py install is deprecated -W ignore:easy_install command is deprecated setup.py egg_info --egg-base ../../build/tentacle_description build --build-base /home/prithiv/tentacle2/build/tentacle_description/build install --record /home/prithiv/tentacle2/build/tentacle_description/install.log --single-version-externally-managed install_data
