[0.010s] Invoking command in '/home/prithiv/tentacle2/build/ros_gz_sim': CMAKE_PREFIX_PATH=${CMAKE_PREFIX_PATH}:/home/prithiv/tentacle2/install/tentacle_description:/opt/ros/humble /usr/bin/cmake /home/prithiv/tentacle2/src/ros_ign/ros_gz_sim -DCMAKE_INSTALL_PREFIX=/home/prithiv/tentacle2/install/ros_gz_sim
[0.089s] -- The C compiler identification is GNU 11.4.0
[0.161s] -- The CXX compiler identification is GNU 11.4.0
[0.167s] -- Detecting C compiler ABI info
[0.211s] -- Detecting C compiler ABI info - done
[0.216s] -- Check for working C compiler: /usr/bin/cc - skipped
[0.216s] -- Detecting C compile features
[0.217s] -- Detecting C compile features - done
[0.219s] -- Detecting CXX compiler ABI info
[0.269s] -- Detecting CXX compiler ABI info - done
[0.273s] -- Check for working CXX compiler: /usr/bin/c++ - skipped
[0.274s] -- Detecting CXX compile features
[0.274s] -- Detecting CXX compile features - done
[0.276s] -- Found ament_cmake: 1.3.11 (/opt/ros/humble/share/ament_cmake/cmake)
[0.372s] -- Found Python3: /usr/bin/python3 (found version "3.10.12") found components: Interpreter 
[0.439s] -- Found rclcpp: 16.0.12 (/opt/ros/humble/share/rclcpp/cmake)
[0.476s] -- Found rosidl_generator_c: 3.1.6 (/opt/ros/humble/share/rosidl_generator_c/cmake)
[0.481s] -- Found rosidl_adapter: 3.1.6 (/opt/ros/humble/share/rosidl_adapter/cmake)
[0.489s] -- Found rosidl_generator_cpp: 3.1.6 (/opt/ros/humble/share/rosidl_generator_cpp/cmake)
[0.501s] -- Using all available rosidl_typesupport_c: rosidl_typesupport_fastrtps_c;rosidl_typesupport_introspection_c
[0.516s] -- Using all available rosidl_typesupport_cpp: rosidl_typesupport_fastrtps_cpp;rosidl_typesupport_introspection_cpp
[0.555s] -- Found rmw_implementation_cmake: 6.1.2 (/opt/ros/humble/share/rmw_implementation_cmake/cmake)
[0.558s] -- Found rmw_fastrtps_cpp: 6.2.7 (/opt/ros/humble/share/rmw_fastrtps_cpp/cmake)
[0.623s] -- Found OpenSSL: /usr/lib/x86_64-linux-gnu/libcrypto.so (found version "3.0.2")  
[0.642s] -- Found FastRTPS: /opt/ros/humble/include  
[0.669s] -- Using RMW implementation 'rmw_fastrtps_cpp' as default
[0.679s] -- Looking for pthread.h
[0.723s] -- Looking for pthread.h - found
[0.723s] -- Performing Test CMAKE_HAVE_LIBC_PTHREAD
[0.770s] -- Performing Test CMAKE_HAVE_LIBC_PTHREAD - Success
[0.771s] -- Found Threads: TRUE  
[0.817s] -- Looking for ignition-math6 -- found version 6.15.1
[0.825s] -- Searching for dependencies of ignition-math6
[0.828s] -- Looking for ignition-transport11 -- found version 11.4.1
[0.828s] -- Searching for dependencies of ignition-transport11
[0.850s] -- Found Protobuf: /usr/lib/x86_64-linux-gnu/libprotobuf.so (found version "3.12.4") 
[0.857s] -- Config-file not installed for ZeroMQ -- checking for pkg-config
[0.861s] -- Checking for module 'libzmq >= 4'
[0.868s] --   Found libzmq , version 4.3.4
[0.887s] -- Found ZeroMQ: TRUE (Required is at least version "4") 
[0.891s] -- Checking for module 'uuid'
[0.897s] --   Found uuid, version 2.37.2
[0.914s] -- Found UUID: TRUE  
[0.916s] -- Looking for ignition-utils1 -- found version 1.5.1
[0.916s] -- Searching for dependencies of ignition-utils1
[0.917s] -- Searching for <ignition-utils1> component [cli]
[0.919s] -- Looking for ignition-utils1-cli -- found version 1.5.1
[0.919s] -- Searching for dependencies of ignition-utils1-cli
[0.922s] -- Looking for ignition-msgs8 -- found version 8.7.0
[0.922s] -- Searching for dependencies of ignition-msgs8
[0.937s] -- Found Protobuf: /usr/lib/x86_64-linux-gnu/libprotobuf.so (found suitable version "3.12.4", minimum required is "3") 
[0.938s] -- Looking for ignition-math6 -- found version 6.15.1
[0.942s] -- Checking for module 'tinyxml2'
[0.949s] --   Found tinyxml2, version 9.0.0
[0.967s] -- Looking for ignition-msgs8 -- found version 8.7.0
[0.969s] -- Looking for ignition-gazebo6 -- found version 6.16.0
[0.969s] -- Searching for dependencies of ignition-gazebo6
[0.971s] -- Looking for sdformat12 -- found version 12.7.2
[0.972s] -- Searching for dependencies of sdformat12
[0.977s] -- Looking for ignition-math6 -- found version 6.15.1
[0.977s] -- Looking for ignition-utils1 -- found version 1.5.1
[0.979s] -- Looking for ignition-plugin1 -- found version 1.4.0
[0.980s] -- Searching for dependencies of ignition-plugin1
[0.980s] -- Searching for <ignition-plugin1> component [loader]
[0.982s] -- Looking for ignition-plugin1-loader -- found version 1.4.0
[0.983s] -- Searching for dependencies of ignition-plugin1-loader
[0.983s] -- Searching for <ignition-plugin1> component [register]
[0.985s] -- Looking for ignition-plugin1-register -- found version 1.4.0
[0.986s] -- Searching for dependencies of ignition-plugin1-register
[0.987s] -- Looking for ignition-transport11 -- found version 11.4.1
[0.987s] -- Searching for dependencies of ignition-transport11
[1.003s] -- Found Protobuf: /usr/lib/x86_64-linux-gnu/libprotobuf.so (found version "3.12.4") 
[1.014s] -- Config-file not installed for ZeroMQ -- checking for pkg-config
[1.017s] -- Checking for module 'libzmq >= 4'
[1.025s] --   Found libzmq , version 4.3.4
[1.049s] -- Looking for ignition-utils1 -- found version 1.5.1
[1.049s] -- Looking for ignition-msgs8 -- found version 8.7.0
[1.049s] -- Searching for <ignition-transport11> component [log]
[1.052s] -- Looking for ignition-transport11-log -- found version 11.4.1
[1.052s] -- Searching for dependencies of ignition-transport11-log
[1.053s] -- Searching for <ignition-transport11> component [parameters]
[1.055s] -- Looking for ignition-transport11-parameters -- found version 11.4.1
[1.055s] -- Searching for dependencies of ignition-transport11-parameters
[1.056s] -- Looking for ignition-msgs8 -- found version 8.7.0
[1.058s] -- Looking for ignition-common4 -- found version 4.7.0
[1.059s] -- Searching for dependencies of ignition-common4
[1.059s] -- Looking for dlfcn.h - found
[1.060s] -- Looking for libdl - found
[1.061s] -- Found DL: TRUE  
[1.068s] -- Searching for <ignition-common4> component [profiler]
[1.071s] -- Looking for ignition-common4-profiler -- found version 4.7.0
[1.071s] -- Searching for dependencies of ignition-common4-profiler
[1.072s] -- Searching for <ignition-common4> component [events]
[1.075s] -- Looking for ignition-common4-events -- found version 4.7.0
[1.076s] -- Searching for dependencies of ignition-common4-events
[1.076s] -- Looking for ignition-math6 -- found version 6.15.1
[1.077s] -- Searching for <ignition-common4> component [av]
[1.079s] -- Looking for ignition-common4-av -- found version 4.7.0
[1.080s] -- Searching for dependencies of ignition-common4-av
[1.084s] -- Checking for module 'libswscale'
[1.092s] --   Found libswscale, version 5.9.100
[1.109s] -- Found SWSCALE: TRUE  
[1.113s] -- Checking for module 'libavdevice >= 56.4.100'
[1.122s] --   Found libavdevice , version 58.13.100
[1.141s] -- Found AVDEVICE: TRUE (Required is at least version "56.4.100") 
[1.144s] -- Checking for module 'libavformat'
[1.151s] --   Found libavformat, version 58.76.100
[1.169s] -- Found AVFORMAT: TRUE  
[1.172s] -- Checking for module 'libavcodec'
[1.179s] --   Found libavcodec, version 58.134.100
[1.200s] -- Found AVCODEC: TRUE  
[1.205s] -- Checking for module 'libavutil'
[1.213s] --   Found libavutil, version 56.70.100
[1.235s] -- Found AVUTIL: TRUE  
[1.238s] -- Looking for ignition-fuel_tools7 -- found version 7.3.0
[1.238s] -- Searching for dependencies of ignition-fuel_tools7
[1.289s] -- Found CURL: /usr/lib/x86_64-linux-gnu/libcurl.so (found version "7.81.0")  
[1.298s] -- Checking for module 'jsoncpp'
[1.306s] --   Found jsoncpp, version 1.9.5
[1.326s] -- Found JSONCPP: TRUE  
[1.333s] -- Checking for module 'libzip'
[1.342s] --   Found libzip, version 1.7.3
[1.363s] -- Found ZIP: TRUE  
[1.364s] -- Looking for ignition-common4 -- found version 4.7.0
[1.364s] -- Looking for ignition-math6 -- found version 6.15.1
[1.364s] -- Looking for ignition-msgs8 -- found version 8.7.0
[1.367s] -- Looking for ignition-gui6 -- found version 6.8.0
[1.368s] -- Searching for dependencies of ignition-gui6
[1.381s] -- Found Protobuf: /usr/lib/x86_64-linux-gnu/libprotobuf.so (found suitable version "3.12.4", minimum required is "3") 
[1.389s] -- Looking for ignition-math6 -- found version 6.15.1
[1.389s] -- Looking for ignition-common4 -- found version 4.7.0
[1.389s] -- Looking for ignition-plugin1 -- found version 1.4.0
[1.390s] -- Looking for ignition-transport11 -- found version 11.4.1
[1.393s] -- Looking for ignition-rendering6 -- found version 6.6.3
[1.393s] -- Searching for dependencies of ignition-rendering6
[1.394s] -- Looking for ignition-math6 -- found version 6.15.1
[1.394s] -- Searching for dependencies of ignition-math6
[1.394s] -- Searching for <ignition-math6> component [eigen3]
[1.397s] -- Looking for ignition-math6-eigen3 -- found version 6.15.1
[1.398s] -- Searching for dependencies of ignition-math6-eigen3
[1.406s] -- Looking for ignition-common4 -- found version 4.7.0
[1.407s] -- Searching for dependencies of ignition-common4
[1.407s] -- Looking for dlfcn.h - found
[1.407s] -- Looking for libdl - found
[1.413s] -- Searching for <ignition-common4> component [graphics]
[1.415s] -- Looking for ignition-common4-graphics -- found version 4.7.0
[1.416s] -- Searching for dependencies of ignition-common4-graphics
[1.416s] -- Looking for ignition-math6 -- found version 6.15.1
[1.416s] -- Looking for ignition-utils1 -- found version 1.5.1
[1.417s] -- Searching for <ignition-common4> component [events]
[1.417s] -- Looking for ignition-plugin1 -- found version 1.4.0
[1.418s] -- Searching for dependencies of ignition-plugin1
[1.418s] -- Searching for <ignition-plugin1> component [all]
[1.420s] -- Looking for all libraries of ignition-plugin1 -- found version 1.4.0
[1.420s] -- Looking for ignition-plugin1 -- found version 1.4.0
[1.423s] -- Looking for ignition-msgs8 -- found version 8.7.0
[1.454s] -- Looking for ignition-physics5 -- found version 5.3.2
[1.454s] -- Searching for dependencies of ignition-physics5
[1.455s] -- Looking for ignition-math6 -- found version 6.15.1
[1.455s] -- Looking for ignition-plugin1 -- found version 1.4.0
[1.455s] -- Looking for ignition-utils1 -- found version 1.5.1
[1.457s] -- Searching for <ignition-physics5> component [heightmap]
[1.460s] -- Looking for ignition-physics5-heightmap -- found version 5.3.2
[1.460s] -- Searching for dependencies of ignition-physics5-heightmap
[1.461s] -- Looking for ignition-common4 -- found version 4.7.0
[1.461s] -- Searching for <ignition-physics5> component [mesh]
[1.464s] -- Looking for ignition-physics5-mesh -- found version 5.3.2
[1.465s] -- Searching for dependencies of ignition-physics5-mesh
[1.465s] -- Looking for ignition-common4 -- found version 4.7.0
[1.466s] -- Searching for <ignition-physics5> component [sdf]
[1.469s] -- Looking for ignition-physics5-sdf -- found version 5.3.2
[1.469s] -- Searching for dependencies of ignition-physics5-sdf
[1.469s] -- Looking for sdformat12 -- found version 12.7.2
[1.473s] -- Looking for ignition-sensors6 -- found version 6.8.0
[1.474s] -- Searching for dependencies of ignition-sensors6
[1.490s] -- Found Protobuf: /usr/lib/x86_64-linux-gnu/libprotobuf.so (found version "3.12.4") 
[1.491s] -- Looking for ignition-math6 -- found version 6.15.1
[1.492s] -- Looking for ignition-common4 -- found version 4.7.0
[1.492s] -- Looking for ignition-transport11 -- found version 11.4.1
[1.493s] -- Looking for ignition-rendering6 -- found version 6.6.3
[1.493s] -- Looking for ignition-msgs8 -- found version 8.7.0
[1.493s] -- Looking for sdformat12 -- found version 12.7.2
[1.494s] -- Searching for <ignition-sensors6> component [air_pressure]
[1.497s] -- Looking for ignition-sensors6-air_pressure -- found version 6.8.0
[1.498s] -- Searching for dependencies of ignition-sensors6-air_pressure
[1.499s] -- Searching for <ignition-sensors6> component [altimeter]
[1.501s] -- Looking for ignition-sensors6-altimeter -- found version 6.8.0
[1.502s] -- Searching for dependencies of ignition-sensors6-altimeter
[1.503s] -- Searching for <ignition-sensors6> component [imu]
[1.506s] -- Looking for ignition-sensors6-imu -- found version 6.8.0
[1.506s] -- Searching for dependencies of ignition-sensors6-imu
[1.507s] -- Searching for <ignition-sensors6> component [force_torque]
[1.510s] -- Looking for ignition-sensors6-force_torque -- found version 6.8.0
[1.511s] -- Searching for dependencies of ignition-sensors6-force_torque
[1.511s] -- Searching for <ignition-sensors6> component [logical_camera]
[1.514s] -- Looking for ignition-sensors6-logical_camera -- found version 6.8.0
[1.515s] -- Searching for dependencies of ignition-sensors6-logical_camera
[1.516s] -- Searching for <ignition-sensors6> component [magnetometer]
[1.518s] -- Looking for ignition-sensors6-magnetometer -- found version 6.8.0
[1.519s] -- Searching for dependencies of ignition-sensors6-magnetometer
[1.520s] -- Searching for <ignition-sensors6> component [navsat]
[1.522s] -- Looking for ignition-sensors6-navsat -- found version 6.8.0
[1.523s] -- Searching for dependencies of ignition-sensors6-navsat
[1.524s] -- Searching for <ignition-sensors6> component [rendering]
[1.527s] -- Looking for ignition-sensors6-rendering -- found version 6.8.0
[1.527s] -- Searching for dependencies of ignition-sensors6-rendering
[1.528s] -- Searching for <ignition-sensors6> component [lidar]
[1.531s] -- Looking for ignition-sensors6-lidar -- found version 6.8.0
[1.531s] -- Searching for dependencies of ignition-sensors6-lidar
[1.531s] -- Looking for ignition-sensors6 -- found version 6.8.0
[1.532s] -- Searching for <ignition-sensors6> component [gpu_lidar]
[1.535s] -- Looking for ignition-sensors6-gpu_lidar -- found version 6.8.0
[1.536s] -- Searching for dependencies of ignition-sensors6-gpu_lidar
[1.536s] -- Looking for ignition-sensors6 -- found version 6.8.0
[1.537s] -- Searching for <ignition-sensors6> component [camera]
[1.539s] -- Looking for ignition-sensors6-camera -- found version 6.8.0
[1.540s] -- Searching for dependencies of ignition-sensors6-camera
[1.540s] -- Looking for ignition-sensors6 -- found version 6.8.0
[1.541s] -- Searching for <ignition-sensors6> component [boundingbox_camera]
[1.543s] -- Looking for ignition-sensors6-boundingbox_camera -- found version 6.8.0
[1.543s] -- Searching for dependencies of ignition-sensors6-boundingbox_camera
[1.544s] -- Searching for <ignition-sensors6> component [segmentation_camera]
[1.546s] -- Looking for ignition-sensors6-segmentation_camera -- found version 6.8.0
[1.546s] -- Searching for dependencies of ignition-sensors6-segmentation_camera
[1.547s] -- Searching for <ignition-sensors6> component [depth_camera]
[1.549s] -- Looking for ignition-sensors6-depth_camera -- found version 6.8.0
[1.549s] -- Searching for dependencies of ignition-sensors6-depth_camera
[1.549s] -- Looking for ignition-sensors6 -- found version 6.8.0
[1.550s] -- Searching for <ignition-sensors6> component [rgbd_camera]
[1.552s] -- Looking for ignition-sensors6-rgbd_camera -- found version 6.8.0
[1.552s] -- Searching for dependencies of ignition-sensors6-rgbd_camera
[1.552s] -- Looking for ignition-sensors6 -- found version 6.8.0
[1.553s] -- Searching for <ignition-sensors6> component [thermal_camera]
[1.555s] -- Looking for ignition-sensors6-thermal_camera -- found version 6.8.0
[1.555s] -- Searching for dependencies of ignition-sensors6-thermal_camera
[1.556s] -- Looking for ignition-sensors6 -- found version 6.8.0
[1.557s] -- Looking for ignition-rendering6 -- found version 6.6.3
[1.557s] -- Looking for ignition-math6 -- found version 6.15.1
[1.559s] -- Looking for ignition-utils1 -- found version 1.5.1
[1.572s] -- Compiling against Gazebo Fortress
[1.575s] -- Looking for gflags - found
[1.575s] 
[1.578s] -- Found ament_lint_auto: 0.12.12 (/opt/ros/humble/share/ament_lint_auto/cmake)
[1.643s] -- Found ament_cmake_gtest: 1.3.11 (/opt/ros/humble/share/ament_cmake_gtest/cmake)
[1.645s] -- Found gtest sources under '/opt/ros/humble/src/gtest_vendor': C++ tests using 'Google Test' will be built
[1.651s] -- Added test 'copyright' to check source files copyright and LICENSE
[1.652s] -- Added test 'cppcheck' to perform static code analysis on C / C++ code
[1.652s] -- Configured cppcheck include dirs: $<BUILD_INTERFACE:/home/prithiv/tentacle2/src/ros_ign/ros_gz_sim/include>
[1.652s] -- Configured cppcheck exclude dirs and/or files: 
[1.653s] -- Added test 'cpplint' to check C / C++ code against the Google style
[1.653s] -- Configured cpplint exclude dirs and/or files: 
[1.653s] -- Added test 'lint_cmake' to check CMake code style
[1.654s] -- Added test 'uncrustify' to check C / C++ code style
[1.654s] -- Configured uncrustify additional arguments: 
[1.654s] -- Added test 'xmllint' to check XML markup files
[1.655s] -- Configuring done
[1.666s] -- Generating done
[1.670s] -- Build files have been written to: /home/prithiv/tentacle2/build/ros_gz_sim
[1.679s] Invoked command in '/home/prithiv/tentacle2/build/ros_gz_sim' returned '0': CMAKE_PREFIX_PATH=${CMAKE_PREFIX_PATH}:/home/prithiv/tentacle2/install/tentacle_description:/opt/ros/humble /usr/bin/cmake /home/prithiv/tentacle2/src/ros_ign/ros_gz_sim -DCMAKE_INSTALL_PREFIX=/home/prithiv/tentacle2/install/ros_gz_sim
[1.680s] Invoking command in '/home/prithiv/tentacle2/build/ros_gz_sim': CMAKE_PREFIX_PATH=${CMAKE_PREFIX_PATH}:/home/prithiv/tentacle2/install/tentacle_description:/opt/ros/humble /usr/bin/cmake --build /home/prithiv/tentacle2/build/ros_gz_sim -- -j12 -l12
[1.712s] [ 10%] [32mBuilding CXX object CMakeFiles/ros_gz_sim.dir/src/Stopwatch.cpp.o[0m
[1.714s] [ 20%] [32mBuilding CXX object CMakeFiles/create.dir/src/create.cpp.o[0m
[1.714s] [ 30%] [32mBuilding CXX object gtest/CMakeFiles/gtest_main.dir/src/gtest_main.cc.o[0m
[1.715s] [ 40%] [32mBuilding CXX object gtest/CMakeFiles/gtest.dir/src/gtest-all.cc.o[0m
[2.128s] [ 50%] [32m[1mLinking CXX static library libgtest_main.a[0m
[2.151s] [ 50%] Built target gtest_main
[2.412s] [ 60%] [32m[1mLinking CXX shared library libros_gz_sim.so[0m
[2.480s] [ 60%] Built target ros_gz_sim
[3.789s] [ 70%] [32m[1mLinking CXX static library libgtest.a[0m
[3.870s] [ 70%] Built target gtest
[3.883s] [ 80%] [32mBuilding CXX object CMakeFiles/test_stopwatch.dir/test/test_stopwatch.cpp.o[0m
[10.052s] [ 90%] [32m[1mLinking CXX executable test_stopwatch[0m
[10.239s] [ 90%] Built target test_stopwatch
[13.589s] [100%] [32m[1mLinking CXX executable create[0m
[14.016s] [100%] Built target create
[14.023s] Invoked command in '/home/prithiv/tentacle2/build/ros_gz_sim' returned '0': CMAKE_PREFIX_PATH=${CMAKE_PREFIX_PATH}:/home/prithiv/tentacle2/install/tentacle_description:/opt/ros/humble /usr/bin/cmake --build /home/prithiv/tentacle2/build/ros_gz_sim -- -j12 -l12
[14.024s] Invoking command in '/home/prithiv/tentacle2/build/ros_gz_sim': CMAKE_PREFIX_PATH=${CMAKE_PREFIX_PATH}:/home/prithiv/tentacle2/install/tentacle_description:/opt/ros/humble /usr/bin/cmake --install /home/prithiv/tentacle2/build/ros_gz_sim
[14.028s] -- Install configuration: ""
[14.028s] -- Installing: /home/prithiv/tentacle2/install/ros_gz_sim/include/ros_gz_sim
[14.028s] -- Installing: /home/prithiv/tentacle2/install/ros_gz_sim/include/ros_gz_sim/Stopwatch.hpp
[14.028s] -- Installing: /home/prithiv/tentacle2/install/ros_gz_sim/share/ros_gz_sim/launch/gz_sim.launch.py
[14.028s] -- Installing: /home/prithiv/tentacle2/install/ros_gz_sim/lib/ros_gz_sim/create
[14.031s] -- Set runtime path of "/home/prithiv/tentacle2/install/ros_gz_sim/lib/ros_gz_sim/create" to ""
[14.031s] -- Installing: /home/prithiv/tentacle2/install/ros_gz_sim/lib/libros_gz_sim.so
[14.031s] -- Set runtime path of "/home/prithiv/tentacle2/install/ros_gz_sim/lib/libros_gz_sim.so" to ""
[14.031s] -- Installing: /home/prithiv/tentacle2/install/ros_gz_sim/lib/ros_gz_sim/test_stopwatch
[14.032s] -- Set runtime path of "/home/prithiv/tentacle2/install/ros_gz_sim/lib/ros_gz_sim/test_stopwatch" to ""
[14.032s] -- Installing: /home/prithiv/tentacle2/install/ros_gz_sim/share/ament_index/resource_index/package_run_dependencies/ros_gz_sim
[14.032s] -- Installing: /home/prithiv/tentacle2/install/ros_gz_sim/share/ament_index/resource_index/parent_prefix_path/ros_gz_sim
[14.032s] -- Installing: /home/prithiv/tentacle2/install/ros_gz_sim/share/ros_gz_sim/environment/ament_prefix_path.sh
[14.032s] -- Installing: /home/prithiv/tentacle2/install/ros_gz_sim/share/ros_gz_sim/environment/ament_prefix_path.dsv
[14.032s] -- Installing: /home/prithiv/tentacle2/install/ros_gz_sim/share/ros_gz_sim/environment/path.sh
[14.032s] -- Installing: /home/prithiv/tentacle2/install/ros_gz_sim/share/ros_gz_sim/environment/path.dsv
[14.032s] -- Installing: /home/prithiv/tentacle2/install/ros_gz_sim/share/ros_gz_sim/local_setup.bash
[14.032s] -- Installing: /home/prithiv/tentacle2/install/ros_gz_sim/share/ros_gz_sim/local_setup.sh
[14.032s] -- Installing: /home/prithiv/tentacle2/install/ros_gz_sim/share/ros_gz_sim/local_setup.zsh
[14.033s] -- Installing: /home/prithiv/tentacle2/install/ros_gz_sim/share/ros_gz_sim/local_setup.dsv
[14.033s] -- Installing: /home/prithiv/tentacle2/install/ros_gz_sim/share/ros_gz_sim/package.dsv
[14.033s] -- Installing: /home/prithiv/tentacle2/install/ros_gz_sim/share/ament_index/resource_index/packages/ros_gz_sim
[14.033s] -- Installing: /home/prithiv/tentacle2/install/ros_gz_sim/share/ros_gz_sim/cmake/ros_gz_simExport.cmake
[14.033s] -- Installing: /home/prithiv/tentacle2/install/ros_gz_sim/share/ros_gz_sim/cmake/ros_gz_simExport-noconfig.cmake
[14.033s] -- Installing: /home/prithiv/tentacle2/install/ros_gz_sim/share/ros_gz_sim/cmake/ament_cmake_export_targets-extras.cmake
[14.033s] -- Installing: /home/prithiv/tentacle2/install/ros_gz_sim/share/ros_gz_sim/cmake/ament_cmake_export_dependencies-extras.cmake
[14.033s] -- Installing: /home/prithiv/tentacle2/install/ros_gz_sim/share/ros_gz_sim/cmake/ros_gz_simConfig.cmake
[14.033s] -- Installing: /home/prithiv/tentacle2/install/ros_gz_sim/share/ros_gz_sim/cmake/ros_gz_simConfig-version.cmake
[14.033s] -- Installing: /home/prithiv/tentacle2/install/ros_gz_sim/share/ros_gz_sim/package.xml
[14.034s] Invoked command in '/home/prithiv/tentacle2/build/ros_gz_sim' returned '0': CMAKE_PREFIX_PATH=${CMAKE_PREFIX_PATH}:/home/prithiv/tentacle2/install/tentacle_description:/opt/ros/humble /usr/bin/cmake --install /home/prithiv/tentacle2/build/ros_gz_sim
