[0.019s] Invoking command in '/home/prithiv/tentacle2/build/ros_gz_bridge': AMENT_PREFIX_PATH=/home/prithiv/tentacle2/install/ros_gz_interfaces:${AMENT_PREFIX_PATH} CMAKE_PREFIX_PATH=/home/prithiv/tentacle2/install/ros_gz_interfaces:/opt/ros/humble LD_LIBRARY_PATH=/home/prithiv/tentacle2/install/ros_gz_interfaces/lib:${LD_LIBRARY_PATH} PYTHONPATH=/home/prithiv/tentacle2/install/ros_gz_interfaces/local/lib/python3.10/dist-packages:${PYTHONPATH} /usr/bin/cmake --build /home/prithiv/tentacle2/build/ros_gz_bridge -- -j12 -l12
[0.104s] [35m[1mConsolidate compiler generated dependencies of target gtest[0m
[0.104s] [35m[1mConsolidate compiler generated dependencies of target gtest_main[0m
[0.106s] [35m[1mConsolidate compiler generated dependencies of target bridge_node[0m
[0.130s] [  2%] Built target gtest_main
[0.130s] [  4%] Built target gtest
[0.142s] [  6%] Built target bridge_node
[0.152s] [35m[1mConsolidate compiler generated dependencies of target test_rcl_interfaces[0m
[0.154s] [35m[1mConsolidate compiler generated dependencies of target test_utils[0m
[0.172s] [  9%] Built target test_rcl_interfaces
[0.198s] [ 13%] Built target test_utils
[0.201s] [35m[1mConsolidate compiler generated dependencies of target ros_gz_bridge[0m
[0.224s] [35m[1mConsolidate compiler generated dependencies of target test_gz_server[0m
[0.224s] [35m[1mConsolidate compiler generated dependencies of target test_ros_client[0m
[0.224s] [35m[1mConsolidate compiler generated dependencies of target test_gz_publisher[0m
[0.239s] [ 14%] [32mBuilding CXX object CMakeFiles/test_gz_subscriber.dir/generated/test/gz_subscriber.cpp.o[0m
[0.241s] [ 15%] [32mBuilding CXX object CMakeFiles/test_ros_publisher.dir/generated/test/ros_publisher.cpp.o[0m
[0.246s] [ 17%] Built target test_ros_client
[0.250s] [ 18%] [32mBuilding CXX object CMakeFiles/test_ros_subscriber.dir/test/subscribers/ros_subscriber.cpp.o[0m
[0.250s] [ 20%] Built target test_gz_server
[0.251s] [ 24%] Built target test_gz_publisher
[0.251s] [ 25%] [32mBuilding CXX object CMakeFiles/test_ros_subscriber.dir/generated/test/actuator_msgs_subscriber.cpp.o[0m
[0.251s] [ 26%] [32mBuilding CXX object CMakeFiles/test_ros_subscriber.dir/generated/test/nav_msgs_subscriber.cpp.o[0m
[0.252s] [ 27%] [32mBuilding CXX object CMakeFiles/test_ros_subscriber.dir/generated/test/builtin_interfaces_subscriber.cpp.o[0m
[0.252s] [ 28%] [32mBuilding CXX object CMakeFiles/test_ros_subscriber.dir/generated/test/geometry_msgs_subscriber.cpp.o[0m
[0.252s] [ 29%] [32mBuilding CXX object CMakeFiles/test_ros_subscriber.dir/generated/test/gps_msgs_subscriber.cpp.o[0m
[0.254s] [ 30%] [32mBuilding CXX object CMakeFiles/test_ros_subscriber.dir/generated/test/rcl_interfaces_subscriber.cpp.o[0m
[0.256s] [ 32%] [32mBuilding CXX object CMakeFiles/test_ros_subscriber.dir/generated/test/rosgraph_msgs_subscriber.cpp.o[0m
[0.256s] [ 32%] [32mBuilding CXX object CMakeFiles/test_ros_subscriber.dir/generated/test/ros_gz_interfaces_subscriber.cpp.o[0m
[0.287s] [ 34%] [32mBuilding CXX object CMakeFiles/ros_gz_bridge.dir/generated/factories/geometry_msgs.cpp.o[0m
[12.114s] [ 35%] [32mBuilding CXX object CMakeFiles/test_ros_subscriber.dir/generated/test/sensor_msgs_subscriber.cpp.o[0m
[19.152s] [ 36%] [32mBuilding CXX object CMakeFiles/ros_gz_bridge.dir/generated/factories/ros_gz_interfaces.cpp.o[0m
[19.607s] [ 37%] [32mBuilding CXX object CMakeFiles/ros_gz_bridge.dir/generated/factories/sensor_msgs.cpp.o[0m
[19.673s] [ 38%] [32mBuilding CXX object CMakeFiles/ros_gz_bridge.dir/generated/factories/std_msgs.cpp.o[0m
[19.684s] [ 39%] [32mBuilding CXX object CMakeFiles/test_ros_subscriber.dir/generated/test/std_msgs_subscriber.cpp.o[0m
[19.715s] [ 40%] [32mBuilding CXX object CMakeFiles/test_ros_subscriber.dir/generated/test/tf2_msgs_subscriber.cpp.o[0m
[19.744s] [ 41%] [32mBuilding CXX object CMakeFiles/test_ros_subscriber.dir/generated/test/trajectory_msgs_subscriber.cpp.o[0m
[25.621s] [ 42%] [32m[1mLinking CXX executable test_gz_subscriber[0m
[29.429s] [ 43%] Built target test_gz_subscriber
[29.440s] [ 45%] [32mBuilding CXX object CMakeFiles/test_ros_subscriber.dir/generated/test/vision_msgs_subscriber.cpp.o[0m
[38.872s] [ 46%] [32mBuilding CXX object CMakeFiles/ros_gz_bridge.dir/generated/factories/vision_msgs.cpp.o[0m
