-- Install configuration: ""
-- Up-to-date: /home/prithiv/tentacle2/install/tentacle_moveit/share/tentacle_moveit/launch
-- Up-to-date: /home/prithiv/tentacle2/install/tentacle_moveit/share/tentacle_moveit/launch/moveit.launch.py
-- Up-to-date: /home/prithiv/tentacle2/install/tentacle_moveit/share/tentacle_moveit/config
-- Up-to-date: /home/prithiv/tentacle2/install/tentacle_moveit/share/tentacle_moveit/config/tentacle.srdf
-- Up-to-date: /home/prithiv/tentacle2/install/tentacle_moveit/share/tentacle_moveit/config/initial_positions.yaml
-- Up-to-date: /home/prithiv/tentacle2/install/tentacle_moveit/share/tentacle_moveit/config/moveit_controllers.yaml
-- Up-to-date: /home/prithiv/tentacle2/install/tentacle_moveit/share/tentacle_moveit/config/kinematics.yaml
-- Up-to-date: /home/prithiv/tentacle2/install/tentacle_moveit/share/tentacle_moveit/config/joint_limits.yaml
-- Up-to-date: /home/prithiv/tentacle2/install/tentacle_moveit/share/tentacle_moveit/config/pliz_cartesian_limits.yaml
-- Up-to-date: /home/prithiv/tentacle2/install/tentacle_moveit/share/ament_index/resource_index/package_run_dependencies/tentacle_moveit
-- Up-to-date: /home/prithiv/tentacle2/install/tentacle_moveit/share/ament_index/resource_index/parent_prefix_path/tentacle_moveit
-- Up-to-date: /home/prithiv/tentacle2/install/tentacle_moveit/share/tentacle_moveit/environment/ament_prefix_path.sh
-- Up-to-date: /home/prithiv/tentacle2/install/tentacle_moveit/share/tentacle_moveit/environment/ament_prefix_path.dsv
-- Up-to-date: /home/prithiv/tentacle2/install/tentacle_moveit/share/tentacle_moveit/environment/path.sh
-- Up-to-date: /home/prithiv/tentacle2/install/tentacle_moveit/share/tentacle_moveit/environment/path.dsv
-- Up-to-date: /home/prithiv/tentacle2/install/tentacle_moveit/share/tentacle_moveit/local_setup.bash
-- Up-to-date: /home/prithiv/tentacle2/install/tentacle_moveit/share/tentacle_moveit/local_setup.sh
-- Up-to-date: /home/prithiv/tentacle2/install/tentacle_moveit/share/tentacle_moveit/local_setup.zsh
-- Up-to-date: /home/prithiv/tentacle2/install/tentacle_moveit/share/tentacle_moveit/local_setup.dsv
-- Installing: /home/prithiv/tentacle2/install/tentacle_moveit/share/tentacle_moveit/package.dsv
-- Up-to-date: /home/prithiv/tentacle2/install/tentacle_moveit/share/ament_index/resource_index/packages/tentacle_moveit
-- Up-to-date: /home/prithiv/tentacle2/install/tentacle_moveit/share/tentacle_moveit/cmake/tentacle_moveitConfig.cmake
-- Up-to-date: /home/prithiv/tentacle2/install/tentacle_moveit/share/tentacle_moveit/cmake/tentacle_moveitConfig-version.cmake
-- Up-to-date: /home/prithiv/tentacle2/install/tentacle_moveit/share/tentacle_moveit/package.xml
