[0.144s] Invoking command in '/home/prithiv/tentacle2/build/tentacle_moveit': CMAKE_PREFIX_PATH=/opt/ros/humble /usr/bin/cmake --build /home/prithiv/tentacle2/build/tentacle_moveit -- -j12 -l12
[0.156s] -- Found ament_cmake: 1.3.11 (/opt/ros/humble/share/ament_cmake/cmake)
[0.230s] -- Found ament_lint_auto: 0.12.12 (/opt/ros/humble/share/ament_lint_auto/cmake)
[0.270s] -- Added test 'flake8' to check Python code syntax and style conventions
[0.270s] -- Added test 'lint_cmake' to check CMake code style
[0.270s] -- Added test 'pep257' to check Python code against some of the docstring style conventions in PEP 257
[0.270s] -- Added test 'xmllint' to check XML markup files
[0.271s] -- Configuring done
[0.272s] -- Generating done
[0.273s] -- Build files have been written to: /home/prithiv/tentacle2/build/tentacle_moveit
[0.285s] Invoked command in '/home/prithiv/tentacle2/build/tentacle_moveit' returned '0': CMAKE_PREFIX_PATH=/opt/ros/humble /usr/bin/cmake --build /home/prithiv/tentacle2/build/tentacle_moveit -- -j12 -l12
[0.290s] Invoking command in '/home/prithiv/tentacle2/build/tentacle_moveit': CMAKE_PREFIX_PATH=/opt/ros/humble /usr/bin/cmake --install /home/prithiv/tentacle2/build/tentacle_moveit
[0.293s] -- Install configuration: ""
[0.293s] -- Up-to-date: /home/prithiv/tentacle2/install/tentacle_moveit/share/tentacle_moveit/launch
[0.293s] -- Up-to-date: /home/prithiv/tentacle2/install/tentacle_moveit/share/tentacle_moveit/launch/moveit.launch.py
[0.293s] -- Installing: /home/prithiv/tentacle2/install/tentacle_moveit/share/tentacle_moveit/config
[0.293s] -- Installing: /home/prithiv/tentacle2/install/tentacle_moveit/share/tentacle_moveit/config/tentacle.srdf
[0.294s] -- Installing: /home/prithiv/tentacle2/install/tentacle_moveit/share/tentacle_moveit/config/initial_positions.yaml
[0.294s] -- Installing: /home/prithiv/tentacle2/install/tentacle_moveit/share/tentacle_moveit/config/moveit_controllers.yaml
[0.294s] -- Installing: /home/prithiv/tentacle2/install/tentacle_moveit/share/tentacle_moveit/config/kinematics.yaml
[0.294s] -- Installing: /home/prithiv/tentacle2/install/tentacle_moveit/share/tentacle_moveit/config/joint_limits.yaml
[0.294s] -- Installing: /home/prithiv/tentacle2/install/tentacle_moveit/share/tentacle_moveit/config/pliz_cartesian_limits.yaml
[0.294s] -- Up-to-date: /home/prithiv/tentacle2/install/tentacle_moveit/share/ament_index/resource_index/package_run_dependencies/tentacle_moveit
[0.294s] -- Up-to-date: /home/prithiv/tentacle2/install/tentacle_moveit/share/ament_index/resource_index/parent_prefix_path/tentacle_moveit
[0.294s] -- Up-to-date: /home/prithiv/tentacle2/install/tentacle_moveit/share/tentacle_moveit/environment/ament_prefix_path.sh
[0.294s] -- Installing: /home/prithiv/tentacle2/install/tentacle_moveit/share/tentacle_moveit/environment/ament_prefix_path.dsv
[0.294s] -- Up-to-date: /home/prithiv/tentacle2/install/tentacle_moveit/share/tentacle_moveit/environment/path.sh
[0.294s] -- Installing: /home/prithiv/tentacle2/install/tentacle_moveit/share/tentacle_moveit/environment/path.dsv
[0.294s] -- Up-to-date: /home/prithiv/tentacle2/install/tentacle_moveit/share/tentacle_moveit/local_setup.bash
[0.294s] -- Up-to-date: /home/prithiv/tentacle2/install/tentacle_moveit/share/tentacle_moveit/local_setup.sh
[0.294s] -- Up-to-date: /home/prithiv/tentacle2/install/tentacle_moveit/share/tentacle_moveit/local_setup.zsh
[0.294s] -- Installing: /home/prithiv/tentacle2/install/tentacle_moveit/share/tentacle_moveit/local_setup.dsv
[0.294s] -- Installing: /home/prithiv/tentacle2/install/tentacle_moveit/share/tentacle_moveit/package.dsv
[0.294s] -- Up-to-date: /home/prithiv/tentacle2/install/tentacle_moveit/share/ament_index/resource_index/packages/tentacle_moveit
[0.294s] -- Up-to-date: /home/prithiv/tentacle2/install/tentacle_moveit/share/tentacle_moveit/cmake/tentacle_moveitConfig.cmake
[0.294s] -- Up-to-date: /home/prithiv/tentacle2/install/tentacle_moveit/share/tentacle_moveit/cmake/tentacle_moveitConfig-version.cmake
[0.294s] -- Up-to-date: /home/prithiv/tentacle2/install/tentacle_moveit/share/tentacle_moveit/package.xml
[0.295s] Invoked command in '/home/prithiv/tentacle2/build/tentacle_moveit' returned '0': CMAKE_PREFIX_PATH=/opt/ros/humble /usr/bin/cmake --install /home/prithiv/tentacle2/build/tentacle_moveit
