[0.007s] Invoking command in '/home/prithiv/tentacle2/build/tentacle_description': CMAKE_PREFIX_PATH=${CMAKE_PREFIX_PATH}:/home/prithiv/tentacle2/install/tentacle_description:/opt/ros/humble /usr/bin/cmake /home/prithiv/tentacle2/src/tentacle_description -DCMAKE_INSTALL_PREFIX=/home/prithiv/tentacle2/install/tentacle_description
[0.039s] -- The C compiler identification is GNU 11.4.0
[0.074s] -- The CXX compiler identification is GNU 11.4.0
[0.079s] -- Detecting C compiler ABI info
[0.137s] -- Detecting C compiler ABI info - done
[0.147s] -- Check for working C compiler: /usr/bin/cc - skipped
[0.148s] -- Detecting C compile features
[0.148s] -- Detecting C compile features - done
[0.151s] -- Detecting CXX compiler ABI info
[0.232s] -- Detecting CXX compiler ABI info - done
[0.238s] -- Check for working CXX compiler: /usr/bin/c++ - skipped
[0.239s] -- Detecting CXX compile features
[0.239s] -- Detecting CXX compile features - done
[0.242s] -- Found ament_cmake: 1.3.11 (/opt/ros/humble/share/ament_cmake/cmake)
[0.335s] -- Found Python3: /usr/bin/python3 (found version "3.10.12") found components: Interpreter 
[0.394s] -- Found ament_lint_auto: 0.12.12 (/opt/ros/humble/share/ament_lint_auto/cmake)
[0.447s] -- Added test 'flake8' to check Python code syntax and style conventions
[0.448s] -- Added test 'lint_cmake' to check CMake code style
[0.448s] -- Added test 'pep257' to check Python code against some of the docstring style conventions in PEP 257
[0.449s] -- Added test 'xmllint' to check XML markup files
[0.450s] -- Configuring done
[0.452s] -- Generating done
[0.453s] -- Build files have been written to: /home/prithiv/tentacle2/build/tentacle_description
[0.456s] Invoked command in '/home/prithiv/tentacle2/build/tentacle_description' returned '0': CMAKE_PREFIX_PATH=${CMAKE_PREFIX_PATH}:/home/prithiv/tentacle2/install/tentacle_description:/opt/ros/humble /usr/bin/cmake /home/prithiv/tentacle2/src/tentacle_description -DCMAKE_INSTALL_PREFIX=/home/prithiv/tentacle2/install/tentacle_description
[0.457s] Invoking command in '/home/prithiv/tentacle2/build/tentacle_description': CMAKE_PREFIX_PATH=${CMAKE_PREFIX_PATH}:/home/prithiv/tentacle2/install/tentacle_description:/opt/ros/humble /usr/bin/cmake --build /home/prithiv/tentacle2/build/tentacle_description -- -j12 -l12
[0.478s] Invoked command in '/home/prithiv/tentacle2/build/tentacle_description' returned '0': CMAKE_PREFIX_PATH=${CMAKE_PREFIX_PATH}:/home/prithiv/tentacle2/install/tentacle_description:/opt/ros/humble /usr/bin/cmake --build /home/prithiv/tentacle2/build/tentacle_description -- -j12 -l12
[0.479s] Invoking command in '/home/prithiv/tentacle2/build/tentacle_description': CMAKE_PREFIX_PATH=${CMAKE_PREFIX_PATH}:/home/prithiv/tentacle2/install/tentacle_description:/opt/ros/humble /usr/bin/cmake --install /home/prithiv/tentacle2/build/tentacle_description
[0.482s] -- Install configuration: ""
[0.482s] -- Up-to-date: /home/prithiv/tentacle2/install/tentacle_description/share/tentacle_description/launch
[0.483s] -- Up-to-date: /home/prithiv/tentacle2/install/tentacle_description/share/tentacle_description/launch/gazebo.launch.py
[0.483s] -- Up-to-date: /home/prithiv/tentacle2/install/tentacle_description/share/tentacle_description/launch/display.launch.py
[0.483s] -- Up-to-date: /home/prithiv/tentacle2/install/tentacle_description/share/tentacle_description/meshes
[0.483s] -- Up-to-date: /home/prithiv/tentacle2/install/tentacle_description/share/tentacle_description/meshes/forearm_1.stl
[0.483s] -- Up-to-date: /home/prithiv/tentacle2/install/tentacle_description/share/tentacle_description/meshes/center_1.stl
[0.483s] -- Up-to-date: /home/prithiv/tentacle2/install/tentacle_description/share/tentacle_description/meshes/gripper_right_1.stl
[0.483s] -- Up-to-date: /home/prithiv/tentacle2/install/tentacle_description/share/tentacle_description/meshes/gripper_base_1.stl
[0.483s] -- Up-to-date: /home/prithiv/tentacle2/install/tentacle_description/share/tentacle_description/meshes/base_link.stl
[0.483s] -- Up-to-date: /home/prithiv/tentacle2/install/tentacle_description/share/tentacle_description/meshes/gripper_left_1.stl
[0.483s] -- Up-to-date: /home/prithiv/tentacle2/install/tentacle_description/share/tentacle_description/meshes/arm_1.stl
[0.483s] -- Up-to-date: /home/prithiv/tentacle2/install/tentacle_description/share/tentacle_description/urdf
[0.483s] -- Up-to-date: /home/prithiv/tentacle2/install/tentacle_description/share/tentacle_description/urdf/tentacle.gazebo
[0.483s] -- Up-to-date: /home/prithiv/tentacle2/install/tentacle_description/share/tentacle_description/urdf/tentacle_gazebo.xacro
[0.483s] -- Up-to-date: /home/prithiv/tentacle2/install/tentacle_description/share/tentacle_description/urdf/tentacle.xacro
[0.483s] -- Up-to-date: /home/prithiv/tentacle2/install/tentacle_description/share/tentacle_description/urdf/materials.xacro
[0.483s] -- Up-to-date: /home/prithiv/tentacle2/install/tentacle_description/share/tentacle_description/urdf/tentacle_ros2_control.xacro
[0.483s] -- Installing: /home/prithiv/tentacle2/install/tentacle_description/share/ament_index/resource_index/package_run_dependencies/tentacle_description
[0.484s] -- Installing: /home/prithiv/tentacle2/install/tentacle_description/share/ament_index/resource_index/parent_prefix_path/tentacle_description
[0.484s] -- Installing: /home/prithiv/tentacle2/install/tentacle_description/share/tentacle_description/environment/ament_prefix_path.sh
[0.484s] -- Installing: /home/prithiv/tentacle2/install/tentacle_description/share/tentacle_description/environment/ament_prefix_path.dsv
[0.484s] -- Installing: /home/prithiv/tentacle2/install/tentacle_description/share/tentacle_description/environment/path.sh
[0.484s] -- Installing: /home/prithiv/tentacle2/install/tentacle_description/share/tentacle_description/environment/path.dsv
[0.484s] -- Installing: /home/prithiv/tentacle2/install/tentacle_description/share/tentacle_description/local_setup.bash
[0.484s] -- Installing: /home/prithiv/tentacle2/install/tentacle_description/share/tentacle_description/local_setup.sh
[0.484s] -- Installing: /home/prithiv/tentacle2/install/tentacle_description/share/tentacle_description/local_setup.zsh
[0.484s] -- Installing: /home/prithiv/tentacle2/install/tentacle_description/share/tentacle_description/local_setup.dsv
[0.484s] -- Installing: /home/prithiv/tentacle2/install/tentacle_description/share/tentacle_description/package.dsv
[0.484s] -- Installing: /home/prithiv/tentacle2/install/tentacle_description/share/ament_index/resource_index/packages/tentacle_description
[0.484s] -- Installing: /home/prithiv/tentacle2/install/tentacle_description/share/tentacle_description/cmake/tentacle_descriptionConfig.cmake
[0.484s] -- Installing: /home/prithiv/tentacle2/install/tentacle_description/share/tentacle_description/cmake/tentacle_descriptionConfig-version.cmake
[0.484s] -- Installing: /home/prithiv/tentacle2/install/tentacle_description/share/tentacle_description/package.xml
[0.485s] Invoked command in '/home/prithiv/tentacle2/build/tentacle_description' returned '0': CMAKE_PREFIX_PATH=${CMAKE_PREFIX_PATH}:/home/prithiv/tentacle2/install/tentacle_description:/opt/ros/humble /usr/bin/cmake --install /home/prithiv/tentacle2/build/tentacle_description
