[0.008s] Invoking command in '/home/prithiv/tentacle2/build/tentacle_controller': CMAKE_PREFIX_PATH=/opt/ros/humble /usr/bin/cmake --build /home/prithiv/tentacle2/build/tentacle_controller -- -j12 -l12
[0.021s] -- Found ament_cmake: 1.3.11 (/opt/ros/humble/share/ament_cmake/cmake)
[0.095s] -- Found ament_lint_auto: 0.12.12 (/opt/ros/humble/share/ament_lint_auto/cmake)
[0.136s] -- Added test 'lint_cmake' to check CMake code style
[0.136s] -- Added test 'xmllint' to check XML markup files
[0.136s] -- Configuring done
[0.138s] -- Generating done
[0.138s] -- Build files have been written to: /home/prithiv/tentacle2/build/tentacle_controller
[0.158s] Invoked command in '/home/prithiv/tentacle2/build/tentacle_controller' returned '0': CMAKE_PREFIX_PATH=/opt/ros/humble /usr/bin/cmake --build /home/prithiv/tentacle2/build/tentacle_controller -- -j12 -l12
[0.163s] Invoking command in '/home/prithiv/tentacle2/build/tentacle_controller': CMAKE_PREFIX_PATH=/opt/ros/humble /usr/bin/cmake --install /home/prithiv/tentacle2/build/tentacle_controller
[0.167s] -- Install configuration: ""
[0.167s] -- Up-to-date: /home/prithiv/tentacle2/install/tentacle_controller/share/tentacle_controller/config
[0.167s] -- Up-to-date: /home/prithiv/tentacle2/install/tentacle_controller/share/tentacle_controller/config/tentacle_controllers.yaml
[0.167s] -- Installing: /home/prithiv/tentacle2/install/tentacle_controller/share/ament_index/resource_index/package_run_dependencies/tentacle_controller
[0.167s] -- Installing: /home/prithiv/tentacle2/install/tentacle_controller/share/ament_index/resource_index/parent_prefix_path/tentacle_controller
[0.167s] -- Up-to-date: /home/prithiv/tentacle2/install/tentacle_controller/share/tentacle_controller/environment/ament_prefix_path.sh
[0.168s] -- Installing: /home/prithiv/tentacle2/install/tentacle_controller/share/tentacle_controller/environment/ament_prefix_path.dsv
[0.168s] -- Up-to-date: /home/prithiv/tentacle2/install/tentacle_controller/share/tentacle_controller/environment/path.sh
[0.168s] -- Installing: /home/prithiv/tentacle2/install/tentacle_controller/share/tentacle_controller/environment/path.dsv
[0.168s] -- Up-to-date: /home/prithiv/tentacle2/install/tentacle_controller/share/tentacle_controller/local_setup.bash
[0.168s] -- Up-to-date: /home/prithiv/tentacle2/install/tentacle_controller/share/tentacle_controller/local_setup.sh
[0.168s] -- Up-to-date: /home/prithiv/tentacle2/install/tentacle_controller/share/tentacle_controller/local_setup.zsh
[0.168s] -- Installing: /home/prithiv/tentacle2/install/tentacle_controller/share/tentacle_controller/local_setup.dsv
[0.168s] -- Installing: /home/prithiv/tentacle2/install/tentacle_controller/share/tentacle_controller/package.dsv
[0.168s] -- Up-to-date: /home/prithiv/tentacle2/install/tentacle_controller/share/ament_index/resource_index/packages/tentacle_controller
[0.168s] -- Up-to-date: /home/prithiv/tentacle2/install/tentacle_controller/share/tentacle_controller/cmake/tentacle_controllerConfig.cmake
[0.168s] -- Up-to-date: /home/prithiv/tentacle2/install/tentacle_controller/share/tentacle_controller/cmake/tentacle_controllerConfig-version.cmake
[0.168s] -- Installing: /home/prithiv/tentacle2/install/tentacle_controller/share/tentacle_controller/package.xml
[0.169s] Invoked command in '/home/prithiv/tentacle2/build/tentacle_controller' returned '0': CMAKE_PREFIX_PATH=/opt/ros/humble /usr/bin/cmake --install /home/prithiv/tentacle2/build/tentacle_controller
