[0.142s] Invoking command in '/home/prithiv/tentacle2/build/tentacle_moveit': CMAKE_PREFIX_PATH=/opt/ros/humble /usr/bin/cmake --build /home/prithiv/tentacle2/build/tentacle_moveit -- -j12 -l12
[0.161s] Invoked command in '/home/prithiv/tentacle2/build/tentacle_moveit' returned '0': CMAKE_PREFIX_PATH=/opt/ros/humble /usr/bin/cmake --build /home/prithiv/tentacle2/build/tentacle_moveit -- -j12 -l12
[0.166s] Invoking command in '/home/prithiv/tentacle2/build/tentacle_moveit': CMAKE_PREFIX_PATH=/opt/ros/humble /usr/bin/cmake --install /home/prithiv/tentacle2/build/tentacle_moveit
[0.170s] -- Install configuration: ""
[0.170s] -- Up-to-date: /home/prithiv/tentacle2/install/tentacle_moveit/share/tentacle_moveit/launch
[0.170s] -- Installing: /home/prithiv/tentacle2/install/tentacle_moveit/share/tentacle_moveit/launch/moveit.launch.py
[0.170s] -- Up-to-date: /home/prithiv/tentacle2/install/tentacle_moveit/share/ament_index/resource_index/package_run_dependencies/tentacle_moveit
[0.170s] -- Up-to-date: /home/prithiv/tentacle2/install/tentacle_moveit/share/ament_index/resource_index/parent_prefix_path/tentacle_moveit
[0.170s] -- Up-to-date: /home/prithiv/tentacle2/install/tentacle_moveit/share/tentacle_moveit/environment/ament_prefix_path.sh
[0.170s] -- Up-to-date: /home/prithiv/tentacle2/install/tentacle_moveit/share/tentacle_moveit/environment/ament_prefix_path.dsv
[0.170s] -- Up-to-date: /home/prithiv/tentacle2/install/tentacle_moveit/share/tentacle_moveit/environment/path.sh
[0.170s] -- Up-to-date: /home/prithiv/tentacle2/install/tentacle_moveit/share/tentacle_moveit/environment/path.dsv
[0.170s] -- Up-to-date: /home/prithiv/tentacle2/install/tentacle_moveit/share/tentacle_moveit/local_setup.bash
[0.170s] -- Up-to-date: /home/prithiv/tentacle2/install/tentacle_moveit/share/tentacle_moveit/local_setup.sh
[0.170s] -- Up-to-date: /home/prithiv/tentacle2/install/tentacle_moveit/share/tentacle_moveit/local_setup.zsh
[0.170s] -- Up-to-date: /home/prithiv/tentacle2/install/tentacle_moveit/share/tentacle_moveit/local_setup.dsv
[0.171s] -- Installing: /home/prithiv/tentacle2/install/tentacle_moveit/share/tentacle_moveit/package.dsv
[0.171s] -- Up-to-date: /home/prithiv/tentacle2/install/tentacle_moveit/share/ament_index/resource_index/packages/tentacle_moveit
[0.171s] -- Up-to-date: /home/prithiv/tentacle2/install/tentacle_moveit/share/tentacle_moveit/cmake/tentacle_moveitConfig.cmake
[0.171s] -- Up-to-date: /home/prithiv/tentacle2/install/tentacle_moveit/share/tentacle_moveit/cmake/tentacle_moveitConfig-version.cmake
[0.171s] -- Up-to-date: /home/prithiv/tentacle2/install/tentacle_moveit/share/tentacle_moveit/package.xml
[0.172s] Invoked command in '/home/prithiv/tentacle2/build/tentacle_moveit' returned '0': CMAKE_PREFIX_PATH=/opt/ros/humble /usr/bin/cmake --install /home/prithiv/tentacle2/build/tentacle_moveit
