[0.199s] DEBUG:colcon:Command line arguments: ['/usr/bin/colcon', 'build']
[0.199s] DEBUG:colcon:Parsed command line arguments: Namespace(log_base=None, log_level=None, verb_name='build', build_base='build', install_base='install', merge_install=False, symlink_install=False, test_result_base=None, continue_on_error=False, executor='parallel', parallel_workers=12, event_handlers=None, ignore_user_meta=False, metas=['./colcon.meta'], base_paths=['.'], packages_ignore=None, packages_ignore_regex=None, paths=None, packages_up_to=None, packages_up_to_regex=None, packages_above=None, packages_above_and_dependencies=None, packages_above_depth=None, packages_select_by_dep=None, packages_skip_by_dep=None, packages_skip_up_to=None, packages_select_build_failed=False, packages_skip_build_finished=False, packages_select_test_failures=False, packages_skip_test_passed=False, packages_select=None, packages_skip=None, packages_select_regex=None, packages_skip_regex=None, packages_start=None, packages_end=None, allow_overriding=[], cmake_args=None, cmake_target=None, cmake_target_skip_unavailable=False, cmake_clean_cache=False, cmake_clean_first=False, cmake_force_configure=False, ament_cmake_args=None, catkin_cmake_args=None, catkin_skip_building_tests=False, mixin_files=None, mixin=None, verb_parser=<colcon_mixin.mixin.mixin_argument.MixinArgumentDecorator object at 0x7b353bf7a6b0>, verb_extension=<colcon_core.verb.build.BuildVerb object at 0x7b353bf79900>, main=<bound method BuildVerb.main of <colcon_core.verb.build.BuildVerb object at 0x7b353bf79900>>, mixin_verb=('build',))
[0.311s] Level 1:colcon.colcon_core.package_discovery:discover_packages(colcon_meta) check parameters
[0.311s] Level 1:colcon.colcon_core.package_discovery:discover_packages(recursive) check parameters
[0.311s] Level 1:colcon.colcon_core.package_discovery:discover_packages(ignore) check parameters
[0.311s] Level 1:colcon.colcon_core.package_discovery:discover_packages(path) check parameters
[0.311s] Level 1:colcon.colcon_core.package_discovery:discover_packages(colcon_meta) discover
[0.311s] Level 1:colcon.colcon_core.package_discovery:discover_packages(recursive) discover
[0.311s] INFO:colcon.colcon_core.package_discovery:Crawling recursively for packages in '/home/prithiv/tentacle2'
[0.312s] Level 1:colcon.colcon_core.package_identification:_identify(.) by extensions ['ignore', 'ignore_ament_install']
[0.312s] Level 1:colcon.colcon_core.package_identification:_identify(.) by extension 'ignore'
[0.312s] Level 1:colcon.colcon_core.package_identification:_identify(.) by extension 'ignore_ament_install'
[0.312s] Level 1:colcon.colcon_core.package_identification:_identify(.) by extensions ['colcon_pkg']
[0.312s] Level 1:colcon.colcon_core.package_identification:_identify(.) by extension 'colcon_pkg'
[0.312s] Level 1:colcon.colcon_core.package_identification:_identify(.) by extensions ['colcon_meta']
[0.312s] Level 1:colcon.colcon_core.package_identification:_identify(.) by extension 'colcon_meta'
[0.312s] Level 1:colcon.colcon_core.package_identification:_identify(.) by extensions ['ros']
[0.312s] Level 1:colcon.colcon_core.package_identification:_identify(.) by extension 'ros'
[0.318s] Level 1:colcon.colcon_core.package_identification:_identify(.) by extensions ['cmake', 'python']
[0.318s] Level 1:colcon.colcon_core.package_identification:_identify(.) by extension 'cmake'
[0.318s] Level 1:colcon.colcon_core.package_identification:_identify(.) by extension 'python'
[0.318s] Level 1:colcon.colcon_core.package_identification:_identify(.) by extensions ['python_setup_py']
[0.318s] Level 1:colcon.colcon_core.package_identification:_identify(.) by extension 'python_setup_py'
[0.319s] Level 1:colcon.colcon_core.package_identification:_identify(build) by extensions ['ignore', 'ignore_ament_install']
[0.319s] Level 1:colcon.colcon_core.package_identification:_identify(build) by extension 'ignore'
[0.319s] Level 1:colcon.colcon_core.package_identification:_identify(build) ignored
[0.319s] Level 1:colcon.colcon_core.package_identification:_identify(install) by extensions ['ignore', 'ignore_ament_install']
[0.319s] Level 1:colcon.colcon_core.package_identification:_identify(install) by extension 'ignore'
[0.319s] Level 1:colcon.colcon_core.package_identification:_identify(install) ignored
[0.319s] Level 1:colcon.colcon_core.package_identification:_identify(log) by extensions ['ignore', 'ignore_ament_install']
[0.319s] Level 1:colcon.colcon_core.package_identification:_identify(log) by extension 'ignore'
[0.319s] Level 1:colcon.colcon_core.package_identification:_identify(log) ignored
[0.319s] Level 1:colcon.colcon_core.package_identification:_identify(src) by extensions ['ignore', 'ignore_ament_install']
[0.319s] Level 1:colcon.colcon_core.package_identification:_identify(src) by extension 'ignore'
[0.319s] Level 1:colcon.colcon_core.package_identification:_identify(src) by extension 'ignore_ament_install'
[0.319s] Level 1:colcon.colcon_core.package_identification:_identify(src) by extensions ['colcon_pkg']
[0.319s] Level 1:colcon.colcon_core.package_identification:_identify(src) by extension 'colcon_pkg'
[0.319s] Level 1:colcon.colcon_core.package_identification:_identify(src) by extensions ['colcon_meta']
[0.319s] Level 1:colcon.colcon_core.package_identification:_identify(src) by extension 'colcon_meta'
[0.319s] Level 1:colcon.colcon_core.package_identification:_identify(src) by extensions ['ros']
[0.319s] Level 1:colcon.colcon_core.package_identification:_identify(src) by extension 'ros'
[0.319s] Level 1:colcon.colcon_core.package_identification:_identify(src) by extensions ['cmake', 'python']
[0.319s] Level 1:colcon.colcon_core.package_identification:_identify(src) by extension 'cmake'
[0.319s] Level 1:colcon.colcon_core.package_identification:_identify(src) by extension 'python'
[0.319s] Level 1:colcon.colcon_core.package_identification:_identify(src) by extensions ['python_setup_py']
[0.319s] Level 1:colcon.colcon_core.package_identification:_identify(src) by extension 'python_setup_py'
[0.319s] Level 1:colcon.colcon_core.package_identification:_identify(src/tentacle_controller) by extensions ['ignore', 'ignore_ament_install']
[0.319s] Level 1:colcon.colcon_core.package_identification:_identify(src/tentacle_controller) by extension 'ignore'
[0.319s] Level 1:colcon.colcon_core.package_identification:_identify(src/tentacle_controller) by extension 'ignore_ament_install'
[0.319s] Level 1:colcon.colcon_core.package_identification:_identify(src/tentacle_controller) by extensions ['colcon_pkg']
[0.319s] Level 1:colcon.colcon_core.package_identification:_identify(src/tentacle_controller) by extension 'colcon_pkg'
[0.319s] Level 1:colcon.colcon_core.package_identification:_identify(src/tentacle_controller) by extensions ['colcon_meta']
[0.319s] Level 1:colcon.colcon_core.package_identification:_identify(src/tentacle_controller) by extension 'colcon_meta'
[0.319s] Level 1:colcon.colcon_core.package_identification:_identify(src/tentacle_controller) by extensions ['ros']
[0.319s] Level 1:colcon.colcon_core.package_identification:_identify(src/tentacle_controller) by extension 'ros'
[0.332s] DEBUG:colcon.colcon_core.package_identification:Package 'src/tentacle_controller' with type 'ros.ament_cmake' and name 'tentacle_controller'
[0.332s] Level 1:colcon.colcon_core.package_identification:_identify(src/tentacle_description) by extensions ['ignore', 'ignore_ament_install']
[0.332s] Level 1:colcon.colcon_core.package_identification:_identify(src/tentacle_description) by extension 'ignore'
[0.332s] Level 1:colcon.colcon_core.package_identification:_identify(src/tentacle_description) by extension 'ignore_ament_install'
[0.332s] Level 1:colcon.colcon_core.package_identification:_identify(src/tentacle_description) by extensions ['colcon_pkg']
[0.332s] Level 1:colcon.colcon_core.package_identification:_identify(src/tentacle_description) by extension 'colcon_pkg'
[0.333s] Level 1:colcon.colcon_core.package_identification:_identify(src/tentacle_description) by extensions ['colcon_meta']
[0.333s] Level 1:colcon.colcon_core.package_identification:_identify(src/tentacle_description) by extension 'colcon_meta'
[0.333s] Level 1:colcon.colcon_core.package_identification:_identify(src/tentacle_description) by extensions ['ros']
[0.333s] Level 1:colcon.colcon_core.package_identification:_identify(src/tentacle_description) by extension 'ros'
[0.339s] DEBUG:colcon.colcon_core.package_identification:Package 'src/tentacle_description' with type 'ros.ament_python' and name 'tentacle_description'
[0.339s] Level 1:colcon.colcon_core.package_identification:_identify(test) by extensions ['ignore', 'ignore_ament_install']
[0.339s] Level 1:colcon.colcon_core.package_identification:_identify(test) by extension 'ignore'
[0.339s] Level 1:colcon.colcon_core.package_identification:_identify(test) by extension 'ignore_ament_install'
[0.339s] Level 1:colcon.colcon_core.package_identification:_identify(test) by extensions ['colcon_pkg']
[0.339s] Level 1:colcon.colcon_core.package_identification:_identify(test) by extension 'colcon_pkg'
[0.339s] Level 1:colcon.colcon_core.package_identification:_identify(test) by extensions ['colcon_meta']
[0.339s] Level 1:colcon.colcon_core.package_identification:_identify(test) by extension 'colcon_meta'
[0.339s] Level 1:colcon.colcon_core.package_identification:_identify(test) by extensions ['ros']
[0.339s] Level 1:colcon.colcon_core.package_identification:_identify(test) by extension 'ros'
[0.339s] Level 1:colcon.colcon_core.package_identification:_identify(test) by extensions ['cmake', 'python']
[0.339s] Level 1:colcon.colcon_core.package_identification:_identify(test) by extension 'cmake'
[0.339s] Level 1:colcon.colcon_core.package_identification:_identify(test) by extension 'python'
[0.339s] Level 1:colcon.colcon_core.package_identification:_identify(test) by extensions ['python_setup_py']
[0.339s] Level 1:colcon.colcon_core.package_identification:_identify(test) by extension 'python_setup_py'
[0.339s] Level 1:colcon.colcon_core.package_discovery:discover_packages(recursive) using defaults
[0.339s] Level 1:colcon.colcon_core.package_discovery:discover_packages(ignore) discover
[0.339s] Level 1:colcon.colcon_core.package_discovery:discover_packages(ignore) using defaults
[0.339s] Level 1:colcon.colcon_core.package_discovery:discover_packages(path) discover
[0.339s] Level 1:colcon.colcon_core.package_discovery:discover_packages(path) using defaults
[0.352s] Level 1:colcon.colcon_core.package_discovery:discover_packages(prefix_path) check parameters
[0.352s] Level 1:colcon.colcon_core.package_discovery:discover_packages(prefix_path) discover
[0.372s] DEBUG:colcon.colcon_installed_package_information.package_discovery:Found 1 installed packages in /home/prithiv/tentacle2/install
[0.374s] DEBUG:colcon.colcon_installed_package_information.package_discovery:Found 456 installed packages in /opt/ros/humble
[0.376s] Level 1:colcon.colcon_core.package_discovery:discover_packages(prefix_path) using defaults
[0.424s] Level 5:colcon.colcon_core.verb:set package 'tentacle_controller' build argument 'cmake_args' from command line to 'None'
[0.424s] Level 5:colcon.colcon_core.verb:set package 'tentacle_controller' build argument 'cmake_target' from command line to 'None'
[0.424s] Level 5:colcon.colcon_core.verb:set package 'tentacle_controller' build argument 'cmake_target_skip_unavailable' from command line to 'False'
[0.424s] Level 5:colcon.colcon_core.verb:set package 'tentacle_controller' build argument 'cmake_clean_cache' from command line to 'False'
[0.424s] Level 5:colcon.colcon_core.verb:set package 'tentacle_controller' build argument 'cmake_clean_first' from command line to 'False'
[0.424s] Level 5:colcon.colcon_core.verb:set package 'tentacle_controller' build argument 'cmake_force_configure' from command line to 'False'
[0.424s] Level 5:colcon.colcon_core.verb:set package 'tentacle_controller' build argument 'ament_cmake_args' from command line to 'None'
[0.424s] Level 5:colcon.colcon_core.verb:set package 'tentacle_controller' build argument 'catkin_cmake_args' from command line to 'None'
[0.424s] Level 5:colcon.colcon_core.verb:set package 'tentacle_controller' build argument 'catkin_skip_building_tests' from command line to 'False'
[0.424s] DEBUG:colcon.colcon_core.verb:Building package 'tentacle_controller' with the following arguments: {'ament_cmake_args': None, 'build_base': '/home/prithiv/tentacle2/build/tentacle_controller', 'catkin_cmake_args': None, 'catkin_skip_building_tests': False, 'cmake_args': None, 'cmake_clean_cache': False, 'cmake_clean_first': False, 'cmake_force_configure': False, 'cmake_target': None, 'cmake_target_skip_unavailable': False, 'install_base': '/home/prithiv/tentacle2/install/tentacle_controller', 'merge_install': False, 'path': '/home/prithiv/tentacle2/src/tentacle_controller', 'symlink_install': False, 'test_result_base': None}
[0.424s] Level 5:colcon.colcon_core.verb:set package 'tentacle_description' build argument 'cmake_args' from command line to 'None'
[0.424s] Level 5:colcon.colcon_core.verb:set package 'tentacle_description' build argument 'cmake_target' from command line to 'None'
[0.424s] Level 5:colcon.colcon_core.verb:set package 'tentacle_description' build argument 'cmake_target_skip_unavailable' from command line to 'False'
[0.424s] Level 5:colcon.colcon_core.verb:set package 'tentacle_description' build argument 'cmake_clean_cache' from command line to 'False'
[0.424s] Level 5:colcon.colcon_core.verb:set package 'tentacle_description' build argument 'cmake_clean_first' from command line to 'False'
[0.424s] Level 5:colcon.colcon_core.verb:set package 'tentacle_description' build argument 'cmake_force_configure' from command line to 'False'
[0.424s] Level 5:colcon.colcon_core.verb:set package 'tentacle_description' build argument 'ament_cmake_args' from command line to 'None'
[0.424s] Level 5:colcon.colcon_core.verb:set package 'tentacle_description' build argument 'catkin_cmake_args' from command line to 'None'
[0.424s] Level 5:colcon.colcon_core.verb:set package 'tentacle_description' build argument 'catkin_skip_building_tests' from command line to 'False'
[0.424s] DEBUG:colcon.colcon_core.verb:Building package 'tentacle_description' with the following arguments: {'ament_cmake_args': None, 'build_base': '/home/prithiv/tentacle2/build/tentacle_description', 'catkin_cmake_args': None, 'catkin_skip_building_tests': False, 'cmake_args': None, 'cmake_clean_cache': False, 'cmake_clean_first': False, 'cmake_force_configure': False, 'cmake_target': None, 'cmake_target_skip_unavailable': False, 'install_base': '/home/prithiv/tentacle2/install/tentacle_description', 'merge_install': False, 'path': '/home/prithiv/tentacle2/src/tentacle_description', 'symlink_install': False, 'test_result_base': None}
[0.424s] INFO:colcon.colcon_core.executor:Executing jobs using 'parallel' executor
[0.425s] DEBUG:colcon.colcon_parallel_executor.executor.parallel:run_until_complete
[0.425s] INFO:colcon.colcon_ros.task.ament_cmake.build:Building ROS package in '/home/prithiv/tentacle2/src/tentacle_controller' with build type 'ament_cmake'
[0.425s] INFO:colcon.colcon_cmake.task.cmake.build:Building CMake package in '/home/prithiv/tentacle2/src/tentacle_controller'
[0.450s] INFO:colcon.colcon_core.plugin_system:Skipping extension 'colcon_core.shell.bat': Not used on non-Windows systems
[0.450s] INFO:colcon.colcon_core.shell:Skip shell extension 'powershell' for command environment: Not usable outside of PowerShell
[0.450s] DEBUG:colcon.colcon_core.shell:Skip shell extension 'dsv' for command environment
[0.455s] INFO:colcon.colcon_ros.task.ament_python.build:Building ROS package in '/home/prithiv/tentacle2/src/tentacle_description' with build type 'ament_python'
[0.455s] Level 1:colcon.colcon_core.shell:create_environment_hook('tentacle_description', 'ament_prefix_path')
[0.456s] INFO:colcon.colcon_core.shell:Creating environment hook '/home/prithiv/tentacle2/install/tentacle_description/share/tentacle_description/hook/ament_prefix_path.ps1'
[0.459s] INFO:colcon.colcon_core.shell:Creating environment descriptor '/home/prithiv/tentacle2/install/tentacle_description/share/tentacle_description/hook/ament_prefix_path.dsv'
[0.464s] INFO:colcon.colcon_core.shell:Creating environment hook '/home/prithiv/tentacle2/install/tentacle_description/share/tentacle_description/hook/ament_prefix_path.sh'
[0.471s] INFO:colcon.colcon_core.shell:Skip shell extension 'powershell' for command environment: Not usable outside of PowerShell
[0.471s] DEBUG:colcon.colcon_core.shell:Skip shell extension 'dsv' for command environment
[0.481s] DEBUG:colcon.colcon_core.event_handler.log_command:Invoking command in '/home/prithiv/tentacle2/build/tentacle_controller': CMAKE_PREFIX_PATH=/home/prithiv/tentacle2/install/tentacle_description:/opt/ros/humble /usr/bin/cmake /home/prithiv/tentacle2/src/tentacle_controller -DCMAKE_INSTALL_PREFIX=/home/prithiv/tentacle2/install/tentacle_controller
[0.647s] INFO:colcon.colcon_core.task.python.build:Building Python package in '/home/prithiv/tentacle2/src/tentacle_description'
[0.648s] INFO:colcon.colcon_core.shell:Skip shell extension 'powershell' for command environment: Not usable outside of PowerShell
[0.648s] DEBUG:colcon.colcon_core.shell:Skip shell extension 'dsv' for command environment
[2.630s] DEBUG:colcon.colcon_core.event_handler.log_command:Invoking command in '/home/prithiv/tentacle2/src/tentacle_description': PYTHONPATH=/home/prithiv/tentacle2/build/tentacle_description/prefix_override:/usr/lib/python3/dist-packages/colcon_core/task/python/colcon_distutils_commands:/home/prithiv/tentacle2/install/tentacle_description/lib/python3.10/site-packages:${PYTHONPATH} /usr/bin/python3 -W ignore:setup.py install is deprecated -W ignore:easy_install command is deprecated setup.py egg_info --egg-base ../../build/tentacle_description build --build-base /home/prithiv/tentacle2/build/tentacle_description/build install --record /home/prithiv/tentacle2/build/tentacle_description/install.log --single-version-externally-managed install_data
[2.801s] DEBUG:colcon.colcon_core.event_handler.log_command:Invoked command in '/home/prithiv/tentacle2/src/tentacle_description' returned '0': PYTHONPATH=/home/prithiv/tentacle2/build/tentacle_description/prefix_override:/usr/lib/python3/dist-packages/colcon_core/task/python/colcon_distutils_commands:/home/prithiv/tentacle2/install/tentacle_description/lib/python3.10/site-packages:${PYTHONPATH} /usr/bin/python3 -W ignore:setup.py install is deprecated -W ignore:easy_install command is deprecated setup.py egg_info --egg-base ../../build/tentacle_description build --build-base /home/prithiv/tentacle2/build/tentacle_description/build install --record /home/prithiv/tentacle2/build/tentacle_description/install.log --single-version-externally-managed install_data
[2.828s] Level 1:colcon.colcon_core.environment:checking '/home/prithiv/tentacle2/install/tentacle_description' for CMake module files
[2.829s] Level 1:colcon.colcon_core.environment:checking '/home/prithiv/tentacle2/install/tentacle_description' for CMake config files
[2.830s] Level 1:colcon.colcon_core.environment:checking '/home/prithiv/tentacle2/install/tentacle_description/lib'
[2.831s] Level 1:colcon.colcon_core.environment:checking '/home/prithiv/tentacle2/install/tentacle_description/bin'
[2.831s] Level 1:colcon.colcon_core.environment:checking '/home/prithiv/tentacle2/install/tentacle_description/lib/pkgconfig/tentacle_description.pc'
[2.831s] Level 1:colcon.colcon_core.environment:checking '/home/prithiv/tentacle2/install/tentacle_description/lib/python3.10/site-packages'
[2.832s] Level 1:colcon.colcon_core.shell:create_environment_hook('tentacle_description', 'pythonpath')
[2.832s] INFO:colcon.colcon_core.shell:Creating environment hook '/home/prithiv/tentacle2/install/tentacle_description/share/tentacle_description/hook/pythonpath.ps1'
[2.834s] INFO:colcon.colcon_core.shell:Creating environment descriptor '/home/prithiv/tentacle2/install/tentacle_description/share/tentacle_description/hook/pythonpath.dsv'
[2.835s] INFO:colcon.colcon_core.shell:Creating environment hook '/home/prithiv/tentacle2/install/tentacle_description/share/tentacle_description/hook/pythonpath.sh'
[2.836s] Level 1:colcon.colcon_core.environment:checking '/home/prithiv/tentacle2/install/tentacle_description/bin'
[2.836s] Level 1:colcon.colcon_core.environment:create_environment_scripts_only(tentacle_description)
[2.837s] INFO:colcon.colcon_core.shell:Creating package script '/home/prithiv/tentacle2/install/tentacle_description/share/tentacle_description/package.ps1'
[2.843s] INFO:colcon.colcon_core.shell:Creating package descriptor '/home/prithiv/tentacle2/install/tentacle_description/share/tentacle_description/package.dsv'
[2.849s] INFO:colcon.colcon_core.shell:Creating package script '/home/prithiv/tentacle2/install/tentacle_description/share/tentacle_description/package.sh'
[2.860s] INFO:colcon.colcon_core.shell:Creating package script '/home/prithiv/tentacle2/install/tentacle_description/share/tentacle_description/package.bash'
[2.866s] INFO:colcon.colcon_core.shell:Creating package script '/home/prithiv/tentacle2/install/tentacle_description/share/tentacle_description/package.zsh'
[2.868s] Level 1:colcon.colcon_core.environment:create_file_with_runtime_dependencies(/home/prithiv/tentacle2/install/tentacle_description/share/colcon-core/packages/tentacle_description)
[3.251s] DEBUG:colcon.colcon_core.event_handler.log_command:Invoked command in '/home/prithiv/tentacle2/build/tentacle_controller' returned '0': CMAKE_PREFIX_PATH=/home/prithiv/tentacle2/install/tentacle_description:/opt/ros/humble /usr/bin/cmake /home/prithiv/tentacle2/src/tentacle_controller -DCMAKE_INSTALL_PREFIX=/home/prithiv/tentacle2/install/tentacle_controller
[3.252s] DEBUG:colcon.colcon_core.event_handler.log_command:Invoking command in '/home/prithiv/tentacle2/build/tentacle_controller': CMAKE_PREFIX_PATH=/home/prithiv/tentacle2/install/tentacle_description:/opt/ros/humble /usr/bin/cmake --build /home/prithiv/tentacle2/build/tentacle_controller -- -j12 -l12
[3.298s] DEBUG:colcon.colcon_core.event_handler.log_command:Invoked command in '/home/prithiv/tentacle2/build/tentacle_controller' returned '0': CMAKE_PREFIX_PATH=/home/prithiv/tentacle2/install/tentacle_description:/opt/ros/humble /usr/bin/cmake --build /home/prithiv/tentacle2/build/tentacle_controller -- -j12 -l12
[3.306s] DEBUG:colcon.colcon_core.event_handler.log_command:Invoking command in '/home/prithiv/tentacle2/build/tentacle_controller': CMAKE_PREFIX_PATH=/home/prithiv/tentacle2/install/tentacle_description:/opt/ros/humble /usr/bin/cmake --install /home/prithiv/tentacle2/build/tentacle_controller
[3.315s] Level 1:colcon.colcon_core.environment:create_environment_scripts_only(tentacle_controller)
[3.315s] DEBUG:colcon.colcon_core.event_handler.log_command:Invoked command in '/home/prithiv/tentacle2/build/tentacle_controller' returned '0': CMAKE_PREFIX_PATH=/home/prithiv/tentacle2/install/tentacle_description:/opt/ros/humble /usr/bin/cmake --install /home/prithiv/tentacle2/build/tentacle_controller
[3.315s] Level 1:colcon.colcon_core.environment:checking '/home/prithiv/tentacle2/install/tentacle_controller' for CMake module files
[3.316s] Level 1:colcon.colcon_core.environment:checking '/home/prithiv/tentacle2/install/tentacle_controller' for CMake config files
[3.316s] Level 1:colcon.colcon_core.shell:create_environment_hook('tentacle_controller', 'cmake_prefix_path')
[3.316s] INFO:colcon.colcon_core.shell:Creating environment hook '/home/prithiv/tentacle2/install/tentacle_controller/share/tentacle_controller/hook/cmake_prefix_path.ps1'
[3.316s] INFO:colcon.colcon_core.shell:Creating environment descriptor '/home/prithiv/tentacle2/install/tentacle_controller/share/tentacle_controller/hook/cmake_prefix_path.dsv'
[3.317s] INFO:colcon.colcon_core.shell:Creating environment hook '/home/prithiv/tentacle2/install/tentacle_controller/share/tentacle_controller/hook/cmake_prefix_path.sh'
[3.317s] Level 1:colcon.colcon_core.environment:checking '/home/prithiv/tentacle2/install/tentacle_controller/bin'
[3.317s] Level 1:colcon.colcon_core.environment:checking '/home/prithiv/tentacle2/install/tentacle_controller/lib/pkgconfig/tentacle_controller.pc'
[3.317s] Level 1:colcon.colcon_core.environment:checking '/home/prithiv/tentacle2/install/tentacle_controller/lib/python3.10/site-packages'
[3.317s] Level 1:colcon.colcon_core.environment:checking '/home/prithiv/tentacle2/install/tentacle_controller/bin'
[3.318s] INFO:colcon.colcon_core.shell:Creating package script '/home/prithiv/tentacle2/install/tentacle_controller/share/tentacle_controller/package.ps1'
[3.318s] INFO:colcon.colcon_core.shell:Creating package descriptor '/home/prithiv/tentacle2/install/tentacle_controller/share/tentacle_controller/package.dsv'
[3.318s] INFO:colcon.colcon_core.shell:Creating package script '/home/prithiv/tentacle2/install/tentacle_controller/share/tentacle_controller/package.sh'
[3.319s] INFO:colcon.colcon_core.shell:Creating package script '/home/prithiv/tentacle2/install/tentacle_controller/share/tentacle_controller/package.bash'
[3.319s] INFO:colcon.colcon_core.shell:Creating package script '/home/prithiv/tentacle2/install/tentacle_controller/share/tentacle_controller/package.zsh'
[3.319s] Level 1:colcon.colcon_core.environment:create_file_with_runtime_dependencies(/home/prithiv/tentacle2/install/tentacle_controller/share/colcon-core/packages/tentacle_controller)
[3.320s] Level 1:colcon.colcon_core.environment:create_environment_scripts_only(tentacle_controller)
[3.320s] Level 1:colcon.colcon_core.environment:checking '/home/prithiv/tentacle2/install/tentacle_controller' for CMake module files
[3.320s] Level 1:colcon.colcon_core.environment:checking '/home/prithiv/tentacle2/install/tentacle_controller' for CMake config files
[3.320s] Level 1:colcon.colcon_core.shell:create_environment_hook('tentacle_controller', 'cmake_prefix_path')
[3.320s] INFO:colcon.colcon_core.shell:Creating environment hook '/home/prithiv/tentacle2/install/tentacle_controller/share/tentacle_controller/hook/cmake_prefix_path.ps1'
[3.321s] INFO:colcon.colcon_core.shell:Creating environment descriptor '/home/prithiv/tentacle2/install/tentacle_controller/share/tentacle_controller/hook/cmake_prefix_path.dsv'
[3.321s] INFO:colcon.colcon_core.shell:Creating environment hook '/home/prithiv/tentacle2/install/tentacle_controller/share/tentacle_controller/hook/cmake_prefix_path.sh'
[3.322s] Level 1:colcon.colcon_core.environment:checking '/home/prithiv/tentacle2/install/tentacle_controller/bin'
[3.322s] Level 1:colcon.colcon_core.environment:checking '/home/prithiv/tentacle2/install/tentacle_controller/lib/pkgconfig/tentacle_controller.pc'
[3.322s] Level 1:colcon.colcon_core.environment:checking '/home/prithiv/tentacle2/install/tentacle_controller/lib/python3.10/site-packages'
[3.322s] Level 1:colcon.colcon_core.environment:checking '/home/prithiv/tentacle2/install/tentacle_controller/bin'
[3.322s] INFO:colcon.colcon_core.shell:Creating package script '/home/prithiv/tentacle2/install/tentacle_controller/share/tentacle_controller/package.ps1'
[3.323s] INFO:colcon.colcon_core.shell:Creating package descriptor '/home/prithiv/tentacle2/install/tentacle_controller/share/tentacle_controller/package.dsv'
[3.323s] INFO:colcon.colcon_core.shell:Creating package script '/home/prithiv/tentacle2/install/tentacle_controller/share/tentacle_controller/package.sh'
[3.323s] INFO:colcon.colcon_core.shell:Creating package script '/home/prithiv/tentacle2/install/tentacle_controller/share/tentacle_controller/package.bash'
[3.323s] INFO:colcon.colcon_core.shell:Creating package script '/home/prithiv/tentacle2/install/tentacle_controller/share/tentacle_controller/package.zsh'
[3.324s] Level 1:colcon.colcon_core.environment:create_file_with_runtime_dependencies(/home/prithiv/tentacle2/install/tentacle_controller/share/colcon-core/packages/tentacle_controller)
[3.324s] DEBUG:colcon.colcon_parallel_executor.executor.parallel:closing loop
[3.324s] DEBUG:colcon.colcon_parallel_executor.executor.parallel:loop closed
[3.324s] DEBUG:colcon.colcon_parallel_executor.executor.parallel:run_until_complete finished with '0'
[3.324s] DEBUG:colcon.colcon_core.event_reactor:joining thread
[3.330s] INFO:colcon.colcon_core.plugin_system:Skipping extension 'colcon_notification.desktop_notification.terminal_notifier': Not used on non-Darwin systems
[3.331s] INFO:colcon.colcon_core.plugin_system:Skipping extension 'colcon_notification.desktop_notification.win32': Not used on non-Windows systems
[3.331s] INFO:colcon.colcon_notification.desktop_notification:Sending desktop notification using 'notify2'
[3.346s] DEBUG:colcon.colcon_core.event_reactor:joined thread
[3.347s] INFO:colcon.colcon_core.shell:Creating prefix script '/home/prithiv/tentacle2/install/local_setup.ps1'
[3.348s] INFO:colcon.colcon_core.shell:Creating prefix util module '/home/prithiv/tentacle2/install/_local_setup_util_ps1.py'
[3.351s] INFO:colcon.colcon_core.shell:Creating prefix chain script '/home/prithiv/tentacle2/install/setup.ps1'
[3.356s] INFO:colcon.colcon_core.shell:Creating prefix script '/home/prithiv/tentacle2/install/local_setup.sh'
[3.362s] INFO:colcon.colcon_core.shell:Creating prefix util module '/home/prithiv/tentacle2/install/_local_setup_util_sh.py'
[3.363s] INFO:colcon.colcon_core.shell:Creating prefix chain script '/home/prithiv/tentacle2/install/setup.sh'
[3.373s] INFO:colcon.colcon_core.shell:Creating prefix script '/home/prithiv/tentacle2/install/local_setup.bash'
[3.377s] INFO:colcon.colcon_core.shell:Creating prefix chain script '/home/prithiv/tentacle2/install/setup.bash'
[3.380s] INFO:colcon.colcon_core.shell:Creating prefix script '/home/prithiv/tentacle2/install/local_setup.zsh'
[3.385s] INFO:colcon.colcon_core.shell:Creating prefix chain script '/home/prithiv/tentacle2/install/setup.zsh'
