[0.015s] Invoking command in '/home/prithiv/tentacle2/build/ros_gz_interfaces': CMAKE_PREFIX_PATH=/opt/ros/humble /usr/bin/cmake --build /home/prithiv/tentacle2/build/ros_gz_interfaces -- -j12 -l12
[0.189s] [35m[1mConsolidate compiler generated dependencies of target ros_gz_interfaces__rosidl_generator_c[0m
[0.189s] [  0%] Built target ros_gz_interfaces__cpp
[0.228s] [35m[1mConsolidate compiler generated dependencies of target ros_gz_interfaces__rosidl_typesupport_cpp[0m
[0.230s] [35m[1mConsolidate compiler generated dependencies of target ros_gz_interfaces__rosidl_typesupport_introspection_cpp[0m
[0.234s] [35m[1mConsolidate compiler generated dependencies of target ros_gz_interfaces__rosidl_typesupport_fastrtps_cpp[0m
[0.234s] [ 13%] Built target ros_gz_interfaces__rosidl_generator_c
[0.248s] [ 13%] Built target ament_cmake_python_copy_ros_gz_interfaces
[0.310s] [ 25%] Built target ros_gz_interfaces__rosidl_typesupport_cpp
[0.313s] [ 38%] Built target ros_gz_interfaces__rosidl_typesupport_introspection_cpp
[0.313s] [ 50%] Built target ros_gz_interfaces__rosidl_typesupport_fastrtps_cpp
[0.320s] [35m[1mConsolidate compiler generated dependencies of target ros_gz_interfaces__rosidl_typesupport_c[0m
[0.323s] [35m[1mConsolidate compiler generated dependencies of target ros_gz_interfaces__rosidl_typesupport_introspection_c[0m
[0.325s] [35m[1mConsolidate compiler generated dependencies of target ros_gz_interfaces__rosidl_typesupport_fastrtps_c[0m
[0.328s] [ 62%] Built target ros_gz_interfaces__rosidl_typesupport_c
[0.333s] [ 74%] Built target ros_gz_interfaces__rosidl_typesupport_introspection_c
[0.343s] [ 86%] Built target ros_gz_interfaces__rosidl_typesupport_fastrtps_c
[0.357s] [ 86%] Built target ros_gz_interfaces
[0.377s] [ 86%] Built target ros_gz_interfaces__py
[0.397s] [35m[1mConsolidate compiler generated dependencies of target ros_gz_interfaces__rosidl_generator_py[0m
[0.426s] [ 97%] Built target ros_gz_interfaces__rosidl_generator_py
[0.429s] running egg_info
[0.429s] writing ros_gz_interfaces.egg-info/PKG-INFO
[0.429s] writing dependency_links to ros_gz_interfaces.egg-info/dependency_links.txt
[0.430s] writing top-level names to ros_gz_interfaces.egg-info/top_level.txt
[0.442s] reading manifest file 'ros_gz_interfaces.egg-info/SOURCES.txt'
[0.443s] writing manifest file 'ros_gz_interfaces.egg-info/SOURCES.txt'
[0.450s] [35m[1mConsolidate compiler generated dependencies of target ros_gz_interfaces__rosidl_typesupport_c__pyext[0m
[0.454s] [35m[1mConsolidate compiler generated dependencies of target ros_gz_interfaces__rosidl_typesupport_introspection_c__pyext[0m
[0.454s] [35m[1mConsolidate compiler generated dependencies of target ros_gz_interfaces__rosidl_typesupport_fastrtps_c__pyext[0m
[0.459s] [ 98%] Built target ros_gz_interfaces__rosidl_typesupport_c__pyext
[0.460s] [ 98%] Built target ament_cmake_python_build_ros_gz_interfaces_egg
[0.463s] [ 99%] Built target ros_gz_interfaces__rosidl_typesupport_fastrtps_c__pyext
[0.463s] [100%] Built target ros_gz_interfaces__rosidl_typesupport_introspection_c__pyext
[0.470s] Invoked command in '/home/prithiv/tentacle2/build/ros_gz_interfaces' returned '0': CMAKE_PREFIX_PATH=/opt/ros/humble /usr/bin/cmake --build /home/prithiv/tentacle2/build/ros_gz_interfaces -- -j12 -l12
[0.490s] Invoking command in '/home/prithiv/tentacle2/build/ros_gz_interfaces': CMAKE_PREFIX_PATH=/opt/ros/humble /usr/bin/cmake --install /home/prithiv/tentacle2/build/ros_gz_interfaces
[0.504s] -- Install configuration: ""
[0.506s] -- Up-to-date: /home/prithiv/tentacle2/install/ros_gz_interfaces/share/ament_index/resource_index/rosidl_interfaces/ros_gz_interfaces
[0.506s] -- Up-to-date: /home/prithiv/tentacle2/install/ros_gz_interfaces/include/ros_gz_interfaces/ros_gz_interfaces
[0.506s] -- Up-to-date: /home/prithiv/tentacle2/install/ros_gz_interfaces/include/ros_gz_interfaces/ros_gz_interfaces/msg
[0.506s] -- Up-to-date: /home/prithiv/tentacle2/install/ros_gz_interfaces/include/ros_gz_interfaces/ros_gz_interfaces/msg/material_color.h
[0.506s] -- Up-to-date: /home/prithiv/tentacle2/install/ros_gz_interfaces/include/ros_gz_interfaces/ros_gz_interfaces/msg/rosidl_generator_c__visibility_control.h
[0.507s] -- Up-to-date: /home/prithiv/tentacle2/install/ros_gz_interfaces/include/ros_gz_interfaces/ros_gz_interfaces/msg/entity_factory.h
[0.507s] -- Up-to-date: /home/prithiv/tentacle2/install/ros_gz_interfaces/include/ros_gz_interfaces/ros_gz_interfaces/msg/entity_wrench.h
[0.507s] -- Up-to-date: /home/prithiv/tentacle2/install/ros_gz_interfaces/include/ros_gz_interfaces/ros_gz_interfaces/msg/contacts.h
[0.507s] -- Up-to-date: /home/prithiv/tentacle2/install/ros_gz_interfaces/include/ros_gz_interfaces/ros_gz_interfaces/msg/string_vec.h
[0.507s] -- Up-to-date: /home/prithiv/tentacle2/install/ros_gz_interfaces/include/ros_gz_interfaces/ros_gz_interfaces/msg/world_control.h
[0.507s] -- Up-to-date: /home/prithiv/tentacle2/install/ros_gz_interfaces/include/ros_gz_interfaces/ros_gz_interfaces/msg/dataframe.h
[0.507s] -- Up-to-date: /home/prithiv/tentacle2/install/ros_gz_interfaces/include/ros_gz_interfaces/ros_gz_interfaces/msg/joint_wrench.h
[0.507s] -- Up-to-date: /home/prithiv/tentacle2/install/ros_gz_interfaces/include/ros_gz_interfaces/ros_gz_interfaces/msg/sensor_noise.h
[0.507s] -- Up-to-date: /home/prithiv/tentacle2/install/ros_gz_interfaces/include/ros_gz_interfaces/ros_gz_interfaces/msg/detail
[0.507s] -- Up-to-date: /home/prithiv/tentacle2/install/ros_gz_interfaces/include/ros_gz_interfaces/ros_gz_interfaces/msg/detail/light__struct.h
[0.507s] -- Up-to-date: /home/prithiv/tentacle2/install/ros_gz_interfaces/include/ros_gz_interfaces/ros_gz_interfaces/msg/detail/entity_wrench__struct.h
[0.507s] -- Up-to-date: /home/prithiv/tentacle2/install/ros_gz_interfaces/include/ros_gz_interfaces/ros_gz_interfaces/msg/detail/sensor_noise__type_support.h
[0.507s] -- Up-to-date: /home/prithiv/tentacle2/install/ros_gz_interfaces/include/ros_gz_interfaces/ros_gz_interfaces/msg/detail/video_record__functions.h
[0.508s] -- Up-to-date: /home/prithiv/tentacle2/install/ros_gz_interfaces/include/ros_gz_interfaces/ros_gz_interfaces/msg/detail/entity_wrench__functions.h
[0.508s] -- Up-to-date: /home/prithiv/tentacle2/install/ros_gz_interfaces/include/ros_gz_interfaces/ros_gz_interfaces/msg/detail/entity__functions.c
[0.508s] -- Up-to-date: /home/prithiv/tentacle2/install/ros_gz_interfaces/include/ros_gz_interfaces/ros_gz_interfaces/msg/detail/contact__struct.h
[0.508s] -- Up-to-date: /home/prithiv/tentacle2/install/ros_gz_interfaces/include/ros_gz_interfaces/ros_gz_interfaces/msg/detail/entity_wrench__functions.c
[0.508s] -- Up-to-date: /home/prithiv/tentacle2/install/ros_gz_interfaces/include/ros_gz_interfaces/ros_gz_interfaces/msg/detail/track_visual__struct.h
[0.508s] -- Up-to-date: /home/prithiv/tentacle2/install/ros_gz_interfaces/include/ros_gz_interfaces/ros_gz_interfaces/msg/detail/entity__type_support.h
[0.508s] -- Up-to-date: /home/prithiv/tentacle2/install/ros_gz_interfaces/include/ros_gz_interfaces/ros_gz_interfaces/msg/detail/dataframe__functions.h
[0.508s] -- Up-to-date: /home/prithiv/tentacle2/install/ros_gz_interfaces/include/ros_gz_interfaces/ros_gz_interfaces/msg/detail/entity_wrench__type_support.h
[0.508s] -- Up-to-date: /home/prithiv/tentacle2/install/ros_gz_interfaces/include/ros_gz_interfaces/ros_gz_interfaces/msg/detail/entity__functions.h
[0.508s] -- Up-to-date: /home/prithiv/tentacle2/install/ros_gz_interfaces/include/ros_gz_interfaces/ros_gz_interfaces/msg/detail/sensor_noise__functions.c
[0.508s] -- Up-to-date: /home/prithiv/tentacle2/install/ros_gz_interfaces/include/ros_gz_interfaces/ros_gz_interfaces/msg/detail/contacts__struct.h
[0.508s] -- Up-to-date: /home/prithiv/tentacle2/install/ros_gz_interfaces/include/ros_gz_interfaces/ros_gz_interfaces/msg/detail/contacts__type_support.h
[0.508s] -- Up-to-date: /home/prithiv/tentacle2/install/ros_gz_interfaces/include/ros_gz_interfaces/ros_gz_interfaces/msg/detail/sensor_noise__functions.h
[0.509s] -- Up-to-date: /home/prithiv/tentacle2/install/ros_gz_interfaces/include/ros_gz_interfaces/ros_gz_interfaces/msg/detail/light__functions.c
[0.509s] -- Up-to-date: /home/prithiv/tentacle2/install/ros_gz_interfaces/include/ros_gz_interfaces/ros_gz_interfaces/msg/detail/entity_factory__functions.c
[0.509s] -- Up-to-date: /home/prithiv/tentacle2/install/ros_gz_interfaces/include/ros_gz_interfaces/ros_gz_interfaces/msg/detail/video_record__functions.c
[0.509s] -- Up-to-date: /home/prithiv/tentacle2/install/ros_gz_interfaces/include/ros_gz_interfaces/ros_gz_interfaces/msg/detail/track_visual__functions.c
[0.509s] -- Up-to-date: /home/prithiv/tentacle2/install/ros_gz_interfaces/include/ros_gz_interfaces/ros_gz_interfaces/msg/detail/track_visual__functions.h
[0.509s] -- Up-to-date: /home/prithiv/tentacle2/install/ros_gz_interfaces/include/ros_gz_interfaces/ros_gz_interfaces/msg/detail/param_vec__functions.h
[0.509s] -- Up-to-date: /home/prithiv/tentacle2/install/ros_gz_interfaces/include/ros_gz_interfaces/ros_gz_interfaces/msg/detail/video_record__struct.h
[0.509s] -- Up-to-date: /home/prithiv/tentacle2/install/ros_gz_interfaces/include/ros_gz_interfaces/ros_gz_interfaces/msg/detail/world_reset__type_support.h
[0.509s] -- Up-to-date: /home/prithiv/tentacle2/install/ros_gz_interfaces/include/ros_gz_interfaces/ros_gz_interfaces/msg/detail/dataframe__type_support.h
[0.509s] -- Up-to-date: /home/prithiv/tentacle2/install/ros_gz_interfaces/include/ros_gz_interfaces/ros_gz_interfaces/msg/detail/entity_factory__struct.h
[0.509s] -- Up-to-date: /home/prithiv/tentacle2/install/ros_gz_interfaces/include/ros_gz_interfaces/ros_gz_interfaces/msg/detail/gui_camera__functions.h
[0.509s] -- Up-to-date: /home/prithiv/tentacle2/install/ros_gz_interfaces/include/ros_gz_interfaces/ros_gz_interfaces/msg/detail/material_color__functions.c
[0.509s] -- Up-to-date: /home/prithiv/tentacle2/install/ros_gz_interfaces/include/ros_gz_interfaces/ros_gz_interfaces/msg/detail/track_visual__type_support.h
[0.509s] -- Up-to-date: /home/prithiv/tentacle2/install/ros_gz_interfaces/include/ros_gz_interfaces/ros_gz_interfaces/msg/detail/world_control__functions.c
[0.509s] -- Up-to-date: /home/prithiv/tentacle2/install/ros_gz_interfaces/include/ros_gz_interfaces/ros_gz_interfaces/msg/detail/altimeter__functions.c
[0.509s] -- Up-to-date: /home/prithiv/tentacle2/install/ros_gz_interfaces/include/ros_gz_interfaces/ros_gz_interfaces/msg/detail/param_vec__struct.h
[0.510s] -- Up-to-date: /home/prithiv/tentacle2/install/ros_gz_interfaces/include/ros_gz_interfaces/ros_gz_interfaces/msg/detail/float32_array__functions.h
[0.510s] -- Up-to-date: /home/prithiv/tentacle2/install/ros_gz_interfaces/include/ros_gz_interfaces/ros_gz_interfaces/msg/detail/light__functions.h
[0.510s] -- Up-to-date: /home/prithiv/tentacle2/install/ros_gz_interfaces/include/ros_gz_interfaces/ros_gz_interfaces/msg/detail/gui_camera__struct.h
[0.510s] -- Up-to-date: /home/prithiv/tentacle2/install/ros_gz_interfaces/include/ros_gz_interfaces/ros_gz_interfaces/msg/detail/entity_factory__type_support.h
[0.510s] -- Up-to-date: /home/prithiv/tentacle2/install/ros_gz_interfaces/include/ros_gz_interfaces/ros_gz_interfaces/msg/detail/joint_wrench__functions.h
[0.510s] -- Up-to-date: /home/prithiv/tentacle2/install/ros_gz_interfaces/include/ros_gz_interfaces/ros_gz_interfaces/msg/detail/altimeter__functions.h
[0.510s] -- Up-to-date: /home/prithiv/tentacle2/install/ros_gz_interfaces/include/ros_gz_interfaces/ros_gz_interfaces/msg/detail/param_vec__functions.c
[0.510s] -- Up-to-date: /home/prithiv/tentacle2/install/ros_gz_interfaces/include/ros_gz_interfaces/ros_gz_interfaces/msg/detail/sensor_noise__struct.h
[0.510s] -- Up-to-date: /home/prithiv/tentacle2/install/ros_gz_interfaces/include/ros_gz_interfaces/ros_gz_interfaces/msg/detail/material_color__type_support.h
[0.510s] -- Up-to-date: /home/prithiv/tentacle2/install/ros_gz_interfaces/include/ros_gz_interfaces/ros_gz_interfaces/msg/detail/float32_array__struct.h
[0.510s] -- Up-to-date: /home/prithiv/tentacle2/install/ros_gz_interfaces/include/ros_gz_interfaces/ros_gz_interfaces/msg/detail/contact__functions.h
[0.510s] -- Up-to-date: /home/prithiv/tentacle2/install/ros_gz_interfaces/include/ros_gz_interfaces/ros_gz_interfaces/msg/detail/world_control__functions.h
[0.510s] -- Up-to-date: /home/prithiv/tentacle2/install/ros_gz_interfaces/include/ros_gz_interfaces/ros_gz_interfaces/msg/detail/world_reset__functions.c
[0.510s] -- Up-to-date: /home/prithiv/tentacle2/install/ros_gz_interfaces/include/ros_gz_interfaces/ros_gz_interfaces/msg/detail/contact__type_support.h
[0.510s] -- Up-to-date: /home/prithiv/tentacle2/install/ros_gz_interfaces/include/ros_gz_interfaces/ros_gz_interfaces/msg/detail/string_vec__type_support.h
[0.510s] -- Up-to-date: /home/prithiv/tentacle2/install/ros_gz_interfaces/include/ros_gz_interfaces/ros_gz_interfaces/msg/detail/dataframe__functions.c
[0.510s] -- Up-to-date: /home/prithiv/tentacle2/install/ros_gz_interfaces/include/ros_gz_interfaces/ros_gz_interfaces/msg/detail/param_vec__type_support.h
[0.510s] -- Up-to-date: /home/prithiv/tentacle2/install/ros_gz_interfaces/include/ros_gz_interfaces/ros_gz_interfaces/msg/detail/string_vec__struct.h
[0.510s] -- Up-to-date: /home/prithiv/tentacle2/install/ros_gz_interfaces/include/ros_gz_interfaces/ros_gz_interfaces/msg/detail/float32_array__type_support.h
[0.510s] -- Up-to-date: /home/prithiv/tentacle2/install/ros_gz_interfaces/include/ros_gz_interfaces/ros_gz_interfaces/msg/detail/altimeter__struct.h
[0.510s] -- Up-to-date: /home/prithiv/tentacle2/install/ros_gz_interfaces/include/ros_gz_interfaces/ros_gz_interfaces/msg/detail/material_color__functions.h
[0.511s] -- Up-to-date: /home/prithiv/tentacle2/install/ros_gz_interfaces/include/ros_gz_interfaces/ros_gz_interfaces/msg/detail/float32_array__functions.c
[0.511s] -- Up-to-date: /home/prithiv/tentacle2/install/ros_gz_interfaces/include/ros_gz_interfaces/ros_gz_interfaces/msg/detail/entity_factory__functions.h
[0.511s] -- Up-to-date: /home/prithiv/tentacle2/install/ros_gz_interfaces/include/ros_gz_interfaces/ros_gz_interfaces/msg/detail/world_reset__functions.h
[0.511s] -- Up-to-date: /home/prithiv/tentacle2/install/ros_gz_interfaces/include/ros_gz_interfaces/ros_gz_interfaces/msg/detail/gui_camera__type_support.h
[0.511s] -- Up-to-date: /home/prithiv/tentacle2/install/ros_gz_interfaces/include/ros_gz_interfaces/ros_gz_interfaces/msg/detail/gui_camera__functions.c
[0.511s] -- Up-to-date: /home/prithiv/tentacle2/install/ros_gz_interfaces/include/ros_gz_interfaces/ros_gz_interfaces/msg/detail/joint_wrench__functions.c
[0.511s] -- Up-to-date: /home/prithiv/tentacle2/install/ros_gz_interfaces/include/ros_gz_interfaces/ros_gz_interfaces/msg/detail/altimeter__type_support.h
[0.511s] -- Up-to-date: /home/prithiv/tentacle2/install/ros_gz_interfaces/include/ros_gz_interfaces/ros_gz_interfaces/msg/detail/world_reset__struct.h
[0.511s] -- Up-to-date: /home/prithiv/tentacle2/install/ros_gz_interfaces/include/ros_gz_interfaces/ros_gz_interfaces/msg/detail/string_vec__functions.c
[0.511s] -- Up-to-date: /home/prithiv/tentacle2/install/ros_gz_interfaces/include/ros_gz_interfaces/ros_gz_interfaces/msg/detail/video_record__type_support.h
[0.511s] -- Up-to-date: /home/prithiv/tentacle2/install/ros_gz_interfaces/include/ros_gz_interfaces/ros_gz_interfaces/msg/detail/string_vec__functions.h
[0.511s] -- Up-to-date: /home/prithiv/tentacle2/install/ros_gz_interfaces/include/ros_gz_interfaces/ros_gz_interfaces/msg/detail/joint_wrench__type_support.h
[0.511s] -- Up-to-date: /home/prithiv/tentacle2/install/ros_gz_interfaces/include/ros_gz_interfaces/ros_gz_interfaces/msg/detail/contacts__functions.c
[0.511s] -- Up-to-date: /home/prithiv/tentacle2/install/ros_gz_interfaces/include/ros_gz_interfaces/ros_gz_interfaces/msg/detail/light__type_support.h
[0.511s] -- Up-to-date: /home/prithiv/tentacle2/install/ros_gz_interfaces/include/ros_gz_interfaces/ros_gz_interfaces/msg/detail/dataframe__struct.h
[0.511s] -- Up-to-date: /home/prithiv/tentacle2/install/ros_gz_interfaces/include/ros_gz_interfaces/ros_gz_interfaces/msg/detail/world_control__type_support.h
[0.511s] -- Up-to-date: /home/prithiv/tentacle2/install/ros_gz_interfaces/include/ros_gz_interfaces/ros_gz_interfaces/msg/detail/contact__functions.c
[0.511s] -- Up-to-date: /home/prithiv/tentacle2/install/ros_gz_interfaces/include/ros_gz_interfaces/ros_gz_interfaces/msg/detail/world_control__struct.h
[0.511s] -- Up-to-date: /home/prithiv/tentacle2/install/ros_gz_interfaces/include/ros_gz_interfaces/ros_gz_interfaces/msg/detail/entity__struct.h
[0.511s] -- Up-to-date: /home/prithiv/tentacle2/install/ros_gz_interfaces/include/ros_gz_interfaces/ros_gz_interfaces/msg/detail/contacts__functions.h
[0.512s] -- Up-to-date: /home/prithiv/tentacle2/install/ros_gz_interfaces/include/ros_gz_interfaces/ros_gz_interfaces/msg/detail/joint_wrench__struct.h
[0.512s] -- Up-to-date: /home/prithiv/tentacle2/install/ros_gz_interfaces/include/ros_gz_interfaces/ros_gz_interfaces/msg/detail/material_color__struct.h
[0.512s] -- Up-to-date: /home/prithiv/tentacle2/install/ros_gz_interfaces/include/ros_gz_interfaces/ros_gz_interfaces/msg/track_visual.h
[0.512s] -- Up-to-date: /home/prithiv/tentacle2/install/ros_gz_interfaces/include/ros_gz_interfaces/ros_gz_interfaces/msg/video_record.h
[0.512s] -- Up-to-date: /home/prithiv/tentacle2/install/ros_gz_interfaces/include/ros_gz_interfaces/ros_gz_interfaces/msg/gui_camera.h
[0.512s] -- Up-to-date: /home/prithiv/tentacle2/install/ros_gz_interfaces/include/ros_gz_interfaces/ros_gz_interfaces/msg/entity.h
[0.512s] -- Up-to-date: /home/prithiv/tentacle2/install/ros_gz_interfaces/include/ros_gz_interfaces/ros_gz_interfaces/msg/world_reset.h
[0.512s] -- Up-to-date: /home/prithiv/tentacle2/install/ros_gz_interfaces/include/ros_gz_interfaces/ros_gz_interfaces/msg/contact.h
[0.512s] -- Up-to-date: /home/prithiv/tentacle2/install/ros_gz_interfaces/include/ros_gz_interfaces/ros_gz_interfaces/msg/light.h
[0.512s] -- Up-to-date: /home/prithiv/tentacle2/install/ros_gz_interfaces/include/ros_gz_interfaces/ros_gz_interfaces/msg/param_vec.h
[0.512s] -- Up-to-date: /home/prithiv/tentacle2/install/ros_gz_interfaces/include/ros_gz_interfaces/ros_gz_interfaces/msg/float32_array.h
[0.512s] -- Up-to-date: /home/prithiv/tentacle2/install/ros_gz_interfaces/include/ros_gz_interfaces/ros_gz_interfaces/msg/altimeter.h
[0.512s] -- Up-to-date: /home/prithiv/tentacle2/install/ros_gz_interfaces/include/ros_gz_interfaces/ros_gz_interfaces/srv
[0.512s] -- Up-to-date: /home/prithiv/tentacle2/install/ros_gz_interfaces/include/ros_gz_interfaces/ros_gz_interfaces/srv/control_world.h
[0.512s] -- Up-to-date: /home/prithiv/tentacle2/install/ros_gz_interfaces/include/ros_gz_interfaces/ros_gz_interfaces/srv/delete_entity.h
[0.512s] -- Up-to-date: /home/prithiv/tentacle2/install/ros_gz_interfaces/include/ros_gz_interfaces/ros_gz_interfaces/srv/detail
[0.512s] -- Up-to-date: /home/prithiv/tentacle2/install/ros_gz_interfaces/include/ros_gz_interfaces/ros_gz_interfaces/srv/detail/control_world__struct.h
[0.512s] -- Up-to-date: /home/prithiv/tentacle2/install/ros_gz_interfaces/include/ros_gz_interfaces/ros_gz_interfaces/srv/detail/control_world__functions.c
[0.512s] -- Up-to-date: /home/prithiv/tentacle2/install/ros_gz_interfaces/include/ros_gz_interfaces/ros_gz_interfaces/srv/detail/control_world__type_support.h
[0.512s] -- Up-to-date: /home/prithiv/tentacle2/install/ros_gz_interfaces/include/ros_gz_interfaces/ros_gz_interfaces/srv/detail/spawn_entity__struct.h
[0.512s] -- Up-to-date: /home/prithiv/tentacle2/install/ros_gz_interfaces/include/ros_gz_interfaces/ros_gz_interfaces/srv/detail/set_entity_pose__type_support.h
[0.513s] -- Up-to-date: /home/prithiv/tentacle2/install/ros_gz_interfaces/include/ros_gz_interfaces/ros_gz_interfaces/srv/detail/set_entity_pose__struct.h
[0.513s] -- Up-to-date: /home/prithiv/tentacle2/install/ros_gz_interfaces/include/ros_gz_interfaces/ros_gz_interfaces/srv/detail/delete_entity__type_support.h
[0.513s] -- Up-to-date: /home/prithiv/tentacle2/install/ros_gz_interfaces/include/ros_gz_interfaces/ros_gz_interfaces/srv/detail/delete_entity__functions.c
[0.513s] -- Up-to-date: /home/prithiv/tentacle2/install/ros_gz_interfaces/include/ros_gz_interfaces/ros_gz_interfaces/srv/detail/set_entity_pose__functions.h
[0.513s] -- Up-to-date: /home/prithiv/tentacle2/install/ros_gz_interfaces/include/ros_gz_interfaces/ros_gz_interfaces/srv/detail/delete_entity__struct.h
[0.513s] -- Up-to-date: /home/prithiv/tentacle2/install/ros_gz_interfaces/include/ros_gz_interfaces/ros_gz_interfaces/srv/detail/delete_entity__functions.h
[0.513s] -- Up-to-date: /home/prithiv/tentacle2/install/ros_gz_interfaces/include/ros_gz_interfaces/ros_gz_interfaces/srv/detail/spawn_entity__type_support.h
[0.513s] -- Up-to-date: /home/prithiv/tentacle2/install/ros_gz_interfaces/include/ros_gz_interfaces/ros_gz_interfaces/srv/detail/control_world__functions.h
[0.513s] -- Up-to-date: /home/prithiv/tentacle2/install/ros_gz_interfaces/include/ros_gz_interfaces/ros_gz_interfaces/srv/detail/set_entity_pose__functions.c
[0.513s] -- Up-to-date: /home/prithiv/tentacle2/install/ros_gz_interfaces/include/ros_gz_interfaces/ros_gz_interfaces/srv/detail/spawn_entity__functions.h
[0.513s] -- Up-to-date: /home/prithiv/tentacle2/install/ros_gz_interfaces/include/ros_gz_interfaces/ros_gz_interfaces/srv/detail/spawn_entity__functions.c
[0.513s] -- Up-to-date: /home/prithiv/tentacle2/install/ros_gz_interfaces/include/ros_gz_interfaces/ros_gz_interfaces/srv/spawn_entity.h
[0.513s] -- Up-to-date: /home/prithiv/tentacle2/install/ros_gz_interfaces/include/ros_gz_interfaces/ros_gz_interfaces/srv/set_entity_pose.h
[0.513s] -- Up-to-date: /home/prithiv/tentacle2/install/ros_gz_interfaces/share/ros_gz_interfaces/environment/library_path.sh
[0.513s] -- Up-to-date: /home/prithiv/tentacle2/install/ros_gz_interfaces/share/ros_gz_interfaces/environment/library_path.dsv
[0.513s] -- Up-to-date: /home/prithiv/tentacle2/install/ros_gz_interfaces/lib/libros_gz_interfaces__rosidl_generator_c.so
[0.513s] -- Up-to-date: /home/prithiv/tentacle2/install/ros_gz_interfaces/include/ros_gz_interfaces/ros_gz_interfaces
[0.513s] -- Up-to-date: /home/prithiv/tentacle2/install/ros_gz_interfaces/include/ros_gz_interfaces/ros_gz_interfaces/msg
[0.513s] -- Up-to-date: /home/prithiv/tentacle2/install/ros_gz_interfaces/include/ros_gz_interfaces/ros_gz_interfaces/msg/detail
[0.514s] -- Up-to-date: /home/prithiv/tentacle2/install/ros_gz_interfaces/include/ros_gz_interfaces/ros_gz_interfaces/msg/detail/float32_array__rosidl_typesupport_fastrtps_c.h
[0.514s] -- Up-to-date: /home/prithiv/tentacle2/install/ros_gz_interfaces/include/ros_gz_interfaces/ros_gz_interfaces/msg/detail/entity__rosidl_typesupport_fastrtps_c.h
[0.514s] -- Up-to-date: /home/prithiv/tentacle2/install/ros_gz_interfaces/include/ros_gz_interfaces/ros_gz_interfaces/msg/detail/string_vec__rosidl_typesupport_fastrtps_c.h
[0.514s] -- Up-to-date: /home/prithiv/tentacle2/install/ros_gz_interfaces/include/ros_gz_interfaces/ros_gz_interfaces/msg/detail/track_visual__rosidl_typesupport_fastrtps_c.h
[0.514s] -- Up-to-date: /home/prithiv/tentacle2/install/ros_gz_interfaces/include/ros_gz_interfaces/ros_gz_interfaces/msg/detail/contact__rosidl_typesupport_fastrtps_c.h
[0.514s] -- Up-to-date: /home/prithiv/tentacle2/install/ros_gz_interfaces/include/ros_gz_interfaces/ros_gz_interfaces/msg/detail/entity_wrench__rosidl_typesupport_fastrtps_c.h
[0.514s] -- Up-to-date: /home/prithiv/tentacle2/install/ros_gz_interfaces/include/ros_gz_interfaces/ros_gz_interfaces/msg/detail/light__rosidl_typesupport_fastrtps_c.h
[0.514s] -- Up-to-date: /home/prithiv/tentacle2/install/ros_gz_interfaces/include/ros_gz_interfaces/ros_gz_interfaces/msg/detail/world_control__rosidl_typesupport_fastrtps_c.h
[0.514s] -- Up-to-date: /home/prithiv/tentacle2/install/ros_gz_interfaces/include/ros_gz_interfaces/ros_gz_interfaces/msg/detail/joint_wrench__rosidl_typesupport_fastrtps_c.h
[0.514s] -- Up-to-date: /home/prithiv/tentacle2/install/ros_gz_interfaces/include/ros_gz_interfaces/ros_gz_interfaces/msg/detail/material_color__rosidl_typesupport_fastrtps_c.h
[0.514s] -- Up-to-date: /home/prithiv/tentacle2/install/ros_gz_interfaces/include/ros_gz_interfaces/ros_gz_interfaces/msg/detail/sensor_noise__rosidl_typesupport_fastrtps_c.h
[0.514s] -- Up-to-date: /home/prithiv/tentacle2/install/ros_gz_interfaces/include/ros_gz_interfaces/ros_gz_interfaces/msg/detail/video_record__rosidl_typesupport_fastrtps_c.h
[0.514s] -- Up-to-date: /home/prithiv/tentacle2/install/ros_gz_interfaces/include/ros_gz_interfaces/ros_gz_interfaces/msg/detail/entity_factory__rosidl_typesupport_fastrtps_c.h
[0.514s] -- Up-to-date: /home/prithiv/tentacle2/install/ros_gz_interfaces/include/ros_gz_interfaces/ros_gz_interfaces/msg/detail/dataframe__rosidl_typesupport_fastrtps_c.h
[0.514s] -- Up-to-date: /home/prithiv/tentacle2/install/ros_gz_interfaces/include/ros_gz_interfaces/ros_gz_interfaces/msg/detail/gui_camera__rosidl_typesupport_fastrtps_c.h
[0.514s] -- Up-to-date: /home/prithiv/tentacle2/install/ros_gz_interfaces/include/ros_gz_interfaces/ros_gz_interfaces/msg/detail/param_vec__rosidl_typesupport_fastrtps_c.h
[0.514s] -- Up-to-date: /home/prithiv/tentacle2/install/ros_gz_interfaces/include/ros_gz_interfaces/ros_gz_interfaces/msg/detail/world_reset__rosidl_typesupport_fastrtps_c.h
[0.514s] -- Up-to-date: /home/prithiv/tentacle2/install/ros_gz_interfaces/include/ros_gz_interfaces/ros_gz_interfaces/msg/detail/contacts__rosidl_typesupport_fastrtps_c.h
[0.514s] -- Up-to-date: /home/prithiv/tentacle2/install/ros_gz_interfaces/include/ros_gz_interfaces/ros_gz_interfaces/msg/detail/altimeter__rosidl_typesupport_fastrtps_c.h
[0.515s] -- Up-to-date: /home/prithiv/tentacle2/install/ros_gz_interfaces/include/ros_gz_interfaces/ros_gz_interfaces/msg/rosidl_typesupport_fastrtps_c__visibility_control.h
[0.515s] -- Up-to-date: /home/prithiv/tentacle2/install/ros_gz_interfaces/include/ros_gz_interfaces/ros_gz_interfaces/srv
[0.515s] -- Up-to-date: /home/prithiv/tentacle2/install/ros_gz_interfaces/include/ros_gz_interfaces/ros_gz_interfaces/srv/detail
[0.515s] -- Up-to-date: /home/prithiv/tentacle2/install/ros_gz_interfaces/include/ros_gz_interfaces/ros_gz_interfaces/srv/detail/control_world__rosidl_typesupport_fastrtps_c.h
[0.515s] -- Up-to-date: /home/prithiv/tentacle2/install/ros_gz_interfaces/include/ros_gz_interfaces/ros_gz_interfaces/srv/detail/delete_entity__rosidl_typesupport_fastrtps_c.h
[0.515s] -- Up-to-date: /home/prithiv/tentacle2/install/ros_gz_interfaces/include/ros_gz_interfaces/ros_gz_interfaces/srv/detail/spawn_entity__rosidl_typesupport_fastrtps_c.h
[0.515s] -- Up-to-date: /home/prithiv/tentacle2/install/ros_gz_interfaces/include/ros_gz_interfaces/ros_gz_interfaces/srv/detail/set_entity_pose__rosidl_typesupport_fastrtps_c.h
[0.515s] -- Up-to-date: /home/prithiv/tentacle2/install/ros_gz_interfaces/lib/libros_gz_interfaces__rosidl_typesupport_fastrtps_c.so
[0.515s] -- Up-to-date: /home/prithiv/tentacle2/install/ros_gz_interfaces/include/ros_gz_interfaces/ros_gz_interfaces
[0.515s] -- Up-to-date: /home/prithiv/tentacle2/install/ros_gz_interfaces/include/ros_gz_interfaces/ros_gz_interfaces/msg
[0.515s] -- Up-to-date: /home/prithiv/tentacle2/install/ros_gz_interfaces/include/ros_gz_interfaces/ros_gz_interfaces/msg/joint_wrench.hpp
[0.515s] -- Up-to-date: /home/prithiv/tentacle2/install/ros_gz_interfaces/include/ros_gz_interfaces/ros_gz_interfaces/msg/rosidl_generator_cpp__visibility_control.hpp
[0.515s] -- Up-to-date: /home/prithiv/tentacle2/install/ros_gz_interfaces/include/ros_gz_interfaces/ros_gz_interfaces/msg/contact.hpp
[0.515s] -- Up-to-date: /home/prithiv/tentacle2/install/ros_gz_interfaces/include/ros_gz_interfaces/ros_gz_interfaces/msg/param_vec.hpp
[0.515s] -- Up-to-date: /home/prithiv/tentacle2/install/ros_gz_interfaces/include/ros_gz_interfaces/ros_gz_interfaces/msg/track_visual.hpp
[0.515s] -- Up-to-date: /home/prithiv/tentacle2/install/ros_gz_interfaces/include/ros_gz_interfaces/ros_gz_interfaces/msg/dataframe.hpp
[0.515s] -- Up-to-date: /home/prithiv/tentacle2/install/ros_gz_interfaces/include/ros_gz_interfaces/ros_gz_interfaces/msg/entity.hpp
[0.515s] -- Up-to-date: /home/prithiv/tentacle2/install/ros_gz_interfaces/include/ros_gz_interfaces/ros_gz_interfaces/msg/gui_camera.hpp
[0.515s] -- Up-to-date: /home/prithiv/tentacle2/install/ros_gz_interfaces/include/ros_gz_interfaces/ros_gz_interfaces/msg/world_reset.hpp
[0.515s] -- Up-to-date: /home/prithiv/tentacle2/install/ros_gz_interfaces/include/ros_gz_interfaces/ros_gz_interfaces/msg/float32_array.hpp
[0.516s] -- Up-to-date: /home/prithiv/tentacle2/install/ros_gz_interfaces/include/ros_gz_interfaces/ros_gz_interfaces/msg/string_vec.hpp
[0.516s] -- Up-to-date: /home/prithiv/tentacle2/install/ros_gz_interfaces/include/ros_gz_interfaces/ros_gz_interfaces/msg/light.hpp
[0.516s] -- Up-to-date: /home/prithiv/tentacle2/install/ros_gz_interfaces/include/ros_gz_interfaces/ros_gz_interfaces/msg/entity_factory.hpp
[0.516s] -- Up-to-date: /home/prithiv/tentacle2/install/ros_gz_interfaces/include/ros_gz_interfaces/ros_gz_interfaces/msg/entity_wrench.hpp
[0.516s] -- Up-to-date: /home/prithiv/tentacle2/install/ros_gz_interfaces/include/ros_gz_interfaces/ros_gz_interfaces/msg/detail
[0.516s] -- Up-to-date: /home/prithiv/tentacle2/install/ros_gz_interfaces/include/ros_gz_interfaces/ros_gz_interfaces/msg/detail/float32_array__builder.hpp
[0.516s] -- Up-to-date: /home/prithiv/tentacle2/install/ros_gz_interfaces/include/ros_gz_interfaces/ros_gz_interfaces/msg/detail/contact__builder.hpp
[0.516s] -- Up-to-date: /home/prithiv/tentacle2/install/ros_gz_interfaces/include/ros_gz_interfaces/ros_gz_interfaces/msg/detail/string_vec__type_support.hpp
[0.516s] -- Up-to-date: /home/prithiv/tentacle2/install/ros_gz_interfaces/include/ros_gz_interfaces/ros_gz_interfaces/msg/detail/dataframe__struct.hpp
[0.516s] -- Up-to-date: /home/prithiv/tentacle2/install/ros_gz_interfaces/include/ros_gz_interfaces/ros_gz_interfaces/msg/detail/material_color__builder.hpp
[0.516s] -- Up-to-date: /home/prithiv/tentacle2/install/ros_gz_interfaces/include/ros_gz_interfaces/ros_gz_interfaces/msg/detail/material_color__type_support.hpp
[0.516s] -- Up-to-date: /home/prithiv/tentacle2/install/ros_gz_interfaces/include/ros_gz_interfaces/ros_gz_interfaces/msg/detail/light__builder.hpp
[0.516s] -- Up-to-date: /home/prithiv/tentacle2/install/ros_gz_interfaces/include/ros_gz_interfaces/ros_gz_interfaces/msg/detail/gui_camera__builder.hpp
[0.516s] -- Up-to-date: /home/prithiv/tentacle2/install/ros_gz_interfaces/include/ros_gz_interfaces/ros_gz_interfaces/msg/detail/entity__type_support.hpp
[0.516s] -- Up-to-date: /home/prithiv/tentacle2/install/ros_gz_interfaces/include/ros_gz_interfaces/ros_gz_interfaces/msg/detail/sensor_noise__traits.hpp
[0.516s] -- Up-to-date: /home/prithiv/tentacle2/install/ros_gz_interfaces/include/ros_gz_interfaces/ros_gz_interfaces/msg/detail/contact__struct.hpp
[0.516s] -- Up-to-date: /home/prithiv/tentacle2/install/ros_gz_interfaces/include/ros_gz_interfaces/ros_gz_interfaces/msg/detail/entity__struct.hpp
[0.516s] -- Up-to-date: /home/prithiv/tentacle2/install/ros_gz_interfaces/include/ros_gz_interfaces/ros_gz_interfaces/msg/detail/video_record__struct.hpp
[0.516s] -- Up-to-date: /home/prithiv/tentacle2/install/ros_gz_interfaces/include/ros_gz_interfaces/ros_gz_interfaces/msg/detail/param_vec__type_support.hpp
[0.516s] -- Up-to-date: /home/prithiv/tentacle2/install/ros_gz_interfaces/include/ros_gz_interfaces/ros_gz_interfaces/msg/detail/gui_camera__traits.hpp
[0.517s] -- Up-to-date: /home/prithiv/tentacle2/install/ros_gz_interfaces/include/ros_gz_interfaces/ros_gz_interfaces/msg/detail/contacts__struct.hpp
[0.517s] -- Up-to-date: /home/prithiv/tentacle2/install/ros_gz_interfaces/include/ros_gz_interfaces/ros_gz_interfaces/msg/detail/entity__traits.hpp
[0.517s] -- Up-to-date: /home/prithiv/tentacle2/install/ros_gz_interfaces/include/ros_gz_interfaces/ros_gz_interfaces/msg/detail/video_record__type_support.hpp
[0.517s] -- Up-to-date: /home/prithiv/tentacle2/install/ros_gz_interfaces/include/ros_gz_interfaces/ros_gz_interfaces/msg/detail/entity_factory__builder.hpp
[0.517s] -- Up-to-date: /home/prithiv/tentacle2/install/ros_gz_interfaces/include/ros_gz_interfaces/ros_gz_interfaces/msg/detail/altimeter__traits.hpp
[0.517s] -- Up-to-date: /home/prithiv/tentacle2/install/ros_gz_interfaces/include/ros_gz_interfaces/ros_gz_interfaces/msg/detail/world_control__type_support.hpp
[0.517s] -- Up-to-date: /home/prithiv/tentacle2/install/ros_gz_interfaces/include/ros_gz_interfaces/ros_gz_interfaces/msg/detail/float32_array__traits.hpp
[0.517s] -- Up-to-date: /home/prithiv/tentacle2/install/ros_gz_interfaces/include/ros_gz_interfaces/ros_gz_interfaces/msg/detail/contacts__builder.hpp
[0.517s] -- Up-to-date: /home/prithiv/tentacle2/install/ros_gz_interfaces/include/ros_gz_interfaces/ros_gz_interfaces/msg/detail/track_visual__traits.hpp
[0.517s] -- Up-to-date: /home/prithiv/tentacle2/install/ros_gz_interfaces/include/ros_gz_interfaces/ros_gz_interfaces/msg/detail/joint_wrench__builder.hpp
[0.517s] -- Up-to-date: /home/prithiv/tentacle2/install/ros_gz_interfaces/include/ros_gz_interfaces/ros_gz_interfaces/msg/detail/altimeter__struct.hpp
[0.517s] -- Up-to-date: /home/prithiv/tentacle2/install/ros_gz_interfaces/include/ros_gz_interfaces/ros_gz_interfaces/msg/detail/entity_wrench__struct.hpp
[0.517s] -- Up-to-date: /home/prithiv/tentacle2/install/ros_gz_interfaces/include/ros_gz_interfaces/ros_gz_interfaces/msg/detail/light__traits.hpp
[0.517s] -- Up-to-date: /home/prithiv/tentacle2/install/ros_gz_interfaces/include/ros_gz_interfaces/ros_gz_interfaces/msg/detail/world_control__traits.hpp
[0.517s] -- Up-to-date: /home/prithiv/tentacle2/install/ros_gz_interfaces/include/ros_gz_interfaces/ros_gz_interfaces/msg/detail/world_reset__traits.hpp
[0.517s] -- Up-to-date: /home/prithiv/tentacle2/install/ros_gz_interfaces/include/ros_gz_interfaces/ros_gz_interfaces/msg/detail/entity_factory__traits.hpp
[0.517s] -- Up-to-date: /home/prithiv/tentacle2/install/ros_gz_interfaces/include/ros_gz_interfaces/ros_gz_interfaces/msg/detail/joint_wrench__type_support.hpp
[0.517s] -- Up-to-date: /home/prithiv/tentacle2/install/ros_gz_interfaces/include/ros_gz_interfaces/ros_gz_interfaces/msg/detail/contact__traits.hpp
[0.517s] -- Up-to-date: /home/prithiv/tentacle2/install/ros_gz_interfaces/include/ros_gz_interfaces/ros_gz_interfaces/msg/detail/material_color__struct.hpp
[0.517s] -- Up-to-date: /home/prithiv/tentacle2/install/ros_gz_interfaces/include/ros_gz_interfaces/ros_gz_interfaces/msg/detail/world_reset__struct.hpp
[0.517s] -- Up-to-date: /home/prithiv/tentacle2/install/ros_gz_interfaces/include/ros_gz_interfaces/ros_gz_interfaces/msg/detail/sensor_noise__type_support.hpp
[0.517s] -- Up-to-date: /home/prithiv/tentacle2/install/ros_gz_interfaces/include/ros_gz_interfaces/ros_gz_interfaces/msg/detail/entity_factory__type_support.hpp
[0.517s] -- Up-to-date: /home/prithiv/tentacle2/install/ros_gz_interfaces/include/ros_gz_interfaces/ros_gz_interfaces/msg/detail/string_vec__traits.hpp
[0.517s] -- Up-to-date: /home/prithiv/tentacle2/install/ros_gz_interfaces/include/ros_gz_interfaces/ros_gz_interfaces/msg/detail/dataframe__type_support.hpp
[0.517s] -- Up-to-date: /home/prithiv/tentacle2/install/ros_gz_interfaces/include/ros_gz_interfaces/ros_gz_interfaces/msg/detail/altimeter__type_support.hpp
[0.517s] -- Up-to-date: /home/prithiv/tentacle2/install/ros_gz_interfaces/include/ros_gz_interfaces/ros_gz_interfaces/msg/detail/entity_factory__struct.hpp
[0.518s] -- Up-to-date: /home/prithiv/tentacle2/install/ros_gz_interfaces/include/ros_gz_interfaces/ros_gz_interfaces/msg/detail/joint_wrench__struct.hpp
[0.518s] -- Up-to-date: /home/prithiv/tentacle2/install/ros_gz_interfaces/include/ros_gz_interfaces/ros_gz_interfaces/msg/detail/world_control__builder.hpp
[0.518s] -- Up-to-date: /home/prithiv/tentacle2/install/ros_gz_interfaces/include/ros_gz_interfaces/ros_gz_interfaces/msg/detail/sensor_noise__builder.hpp
[0.518s] -- Up-to-date: /home/prithiv/tentacle2/install/ros_gz_interfaces/include/ros_gz_interfaces/ros_gz_interfaces/msg/detail/light__struct.hpp
[0.518s] -- Up-to-date: /home/prithiv/tentacle2/install/ros_gz_interfaces/include/ros_gz_interfaces/ros_gz_interfaces/msg/detail/contacts__type_support.hpp
[0.518s] -- Up-to-date: /home/prithiv/tentacle2/install/ros_gz_interfaces/include/ros_gz_interfaces/ros_gz_interfaces/msg/detail/gui_camera__struct.hpp
[0.518s] -- Up-to-date: /home/prithiv/tentacle2/install/ros_gz_interfaces/include/ros_gz_interfaces/ros_gz_interfaces/msg/detail/contacts__traits.hpp
[0.518s] -- Up-to-date: /home/prithiv/tentacle2/install/ros_gz_interfaces/include/ros_gz_interfaces/ros_gz_interfaces/msg/detail/track_visual__struct.hpp
[0.518s] -- Up-to-date: /home/prithiv/tentacle2/install/ros_gz_interfaces/include/ros_gz_interfaces/ros_gz_interfaces/msg/detail/track_visual__type_support.hpp
[0.518s] -- Up-to-date: /home/prithiv/tentacle2/install/ros_gz_interfaces/include/ros_gz_interfaces/ros_gz_interfaces/msg/detail/entity_wrench__type_support.hpp
[0.518s] -- Up-to-date: /home/prithiv/tentacle2/install/ros_gz_interfaces/include/ros_gz_interfaces/ros_gz_interfaces/msg/detail/string_vec__builder.hpp
[0.518s] -- Up-to-date: /home/prithiv/tentacle2/install/ros_gz_interfaces/include/ros_gz_interfaces/ros_gz_interfaces/msg/detail/entity__builder.hpp
[0.518s] -- Up-to-date: /home/prithiv/tentacle2/install/ros_gz_interfaces/include/ros_gz_interfaces/ros_gz_interfaces/msg/detail/material_color__traits.hpp
[0.518s] -- Up-to-date: /home/prithiv/tentacle2/install/ros_gz_interfaces/include/ros_gz_interfaces/ros_gz_interfaces/msg/detail/param_vec__traits.hpp
[0.518s] -- Up-to-date: /home/prithiv/tentacle2/install/ros_gz_interfaces/include/ros_gz_interfaces/ros_gz_interfaces/msg/detail/param_vec__struct.hpp
[0.518s] -- Up-to-date: /home/prithiv/tentacle2/install/ros_gz_interfaces/include/ros_gz_interfaces/ros_gz_interfaces/msg/detail/video_record__traits.hpp
[0.518s] -- Up-to-date: /home/prithiv/tentacle2/install/ros_gz_interfaces/include/ros_gz_interfaces/ros_gz_interfaces/msg/detail/contact__type_support.hpp
[0.518s] -- Up-to-date: /home/prithiv/tentacle2/install/ros_gz_interfaces/include/ros_gz_interfaces/ros_gz_interfaces/msg/detail/track_visual__builder.hpp
[0.518s] -- Up-to-date: /home/prithiv/tentacle2/install/ros_gz_interfaces/include/ros_gz_interfaces/ros_gz_interfaces/msg/detail/world_reset__builder.hpp
[0.518s] -- Up-to-date: /home/prithiv/tentacle2/install/ros_gz_interfaces/include/ros_gz_interfaces/ros_gz_interfaces/msg/detail/float32_array__struct.hpp
[0.518s] -- Up-to-date: /home/prithiv/tentacle2/install/ros_gz_interfaces/include/ros_gz_interfaces/ros_gz_interfaces/msg/detail/world_control__struct.hpp
[0.518s] -- Up-to-date: /home/prithiv/tentacle2/install/ros_gz_interfaces/include/ros_gz_interfaces/ros_gz_interfaces/msg/detail/entity_wrench__traits.hpp
[0.518s] -- Up-to-date: /home/prithiv/tentacle2/install/ros_gz_interfaces/include/ros_gz_interfaces/ros_gz_interfaces/msg/detail/video_record__builder.hpp
[0.518s] -- Up-to-date: /home/prithiv/tentacle2/install/ros_gz_interfaces/include/ros_gz_interfaces/ros_gz_interfaces/msg/detail/dataframe__builder.hpp
[0.518s] -- Up-to-date: /home/prithiv/tentacle2/install/ros_gz_interfaces/include/ros_gz_interfaces/ros_gz_interfaces/msg/detail/sensor_noise__struct.hpp
[0.519s] -- Up-to-date: /home/prithiv/tentacle2/install/ros_gz_interfaces/include/ros_gz_interfaces/ros_gz_interfaces/msg/detail/gui_camera__type_support.hpp
[0.519s] -- Up-to-date: /home/prithiv/tentacle2/install/ros_gz_interfaces/include/ros_gz_interfaces/ros_gz_interfaces/msg/detail/altimeter__builder.hpp
[0.519s] -- Up-to-date: /home/prithiv/tentacle2/install/ros_gz_interfaces/include/ros_gz_interfaces/ros_gz_interfaces/msg/detail/joint_wrench__traits.hpp
[0.519s] -- Up-to-date: /home/prithiv/tentacle2/install/ros_gz_interfaces/include/ros_gz_interfaces/ros_gz_interfaces/msg/detail/dataframe__traits.hpp
[0.519s] -- Up-to-date: /home/prithiv/tentacle2/install/ros_gz_interfaces/include/ros_gz_interfaces/ros_gz_interfaces/msg/detail/world_reset__type_support.hpp
[0.519s] -- Up-to-date: /home/prithiv/tentacle2/install/ros_gz_interfaces/include/ros_gz_interfaces/ros_gz_interfaces/msg/detail/light__type_support.hpp
[0.519s] -- Up-to-date: /home/prithiv/tentacle2/install/ros_gz_interfaces/include/ros_gz_interfaces/ros_gz_interfaces/msg/detail/string_vec__struct.hpp
[0.519s] -- Up-to-date: /home/prithiv/tentacle2/install/ros_gz_interfaces/include/ros_gz_interfaces/ros_gz_interfaces/msg/detail/float32_array__type_support.hpp
[0.519s] -- Up-to-date: /home/prithiv/tentacle2/install/ros_gz_interfaces/include/ros_gz_interfaces/ros_gz_interfaces/msg/detail/entity_wrench__builder.hpp
[0.519s] -- Up-to-date: /home/prithiv/tentacle2/install/ros_gz_interfaces/include/ros_gz_interfaces/ros_gz_interfaces/msg/detail/param_vec__builder.hpp
[0.519s] -- Up-to-date: /home/prithiv/tentacle2/install/ros_gz_interfaces/include/ros_gz_interfaces/ros_gz_interfaces/msg/world_control.hpp
[0.519s] -- Up-to-date: /home/prithiv/tentacle2/install/ros_gz_interfaces/include/ros_gz_interfaces/ros_gz_interfaces/msg/sensor_noise.hpp
[0.519s] -- Up-to-date: /home/prithiv/tentacle2/install/ros_gz_interfaces/include/ros_gz_interfaces/ros_gz_interfaces/msg/material_color.hpp
[0.519s] -- Up-to-date: /home/prithiv/tentacle2/install/ros_gz_interfaces/include/ros_gz_interfaces/ros_gz_interfaces/msg/contacts.hpp
[0.519s] -- Up-to-date: /home/prithiv/tentacle2/install/ros_gz_interfaces/include/ros_gz_interfaces/ros_gz_interfaces/msg/video_record.hpp
[0.519s] -- Up-to-date: /home/prithiv/tentacle2/install/ros_gz_interfaces/include/ros_gz_interfaces/ros_gz_interfaces/msg/altimeter.hpp
[0.519s] -- Up-to-date: /home/prithiv/tentacle2/install/ros_gz_interfaces/include/ros_gz_interfaces/ros_gz_interfaces/srv
[0.519s] -- Up-to-date: /home/prithiv/tentacle2/install/ros_gz_interfaces/include/ros_gz_interfaces/ros_gz_interfaces/srv/set_entity_pose.hpp
[0.519s] -- Up-to-date: /home/prithiv/tentacle2/install/ros_gz_interfaces/include/ros_gz_interfaces/ros_gz_interfaces/srv/delete_entity.hpp
[0.519s] -- Up-to-date: /home/prithiv/tentacle2/install/ros_gz_interfaces/include/ros_gz_interfaces/ros_gz_interfaces/srv/detail
[0.519s] -- Up-to-date: /home/prithiv/tentacle2/install/ros_gz_interfaces/include/ros_gz_interfaces/ros_gz_interfaces/srv/detail/set_entity_pose__builder.hpp
[0.519s] -- Up-to-date: /home/prithiv/tentacle2/install/ros_gz_interfaces/include/ros_gz_interfaces/ros_gz_interfaces/srv/detail/set_entity_pose__type_support.hpp
[0.519s] -- Up-to-date: /home/prithiv/tentacle2/install/ros_gz_interfaces/include/ros_gz_interfaces/ros_gz_interfaces/srv/detail/control_world__builder.hpp
[0.519s] -- Up-to-date: /home/prithiv/tentacle2/install/ros_gz_interfaces/include/ros_gz_interfaces/ros_gz_interfaces/srv/detail/set_entity_pose__struct.hpp
[0.519s] -- Up-to-date: /home/prithiv/tentacle2/install/ros_gz_interfaces/include/ros_gz_interfaces/ros_gz_interfaces/srv/detail/control_world__struct.hpp
[0.520s] -- Up-to-date: /home/prithiv/tentacle2/install/ros_gz_interfaces/include/ros_gz_interfaces/ros_gz_interfaces/srv/detail/spawn_entity__struct.hpp
[0.520s] -- Up-to-date: /home/prithiv/tentacle2/install/ros_gz_interfaces/include/ros_gz_interfaces/ros_gz_interfaces/srv/detail/delete_entity__type_support.hpp
[0.520s] -- Up-to-date: /home/prithiv/tentacle2/install/ros_gz_interfaces/include/ros_gz_interfaces/ros_gz_interfaces/srv/detail/set_entity_pose__traits.hpp
[0.520s] -- Up-to-date: /home/prithiv/tentacle2/install/ros_gz_interfaces/include/ros_gz_interfaces/ros_gz_interfaces/srv/detail/spawn_entity__traits.hpp
[0.520s] -- Up-to-date: /home/prithiv/tentacle2/install/ros_gz_interfaces/include/ros_gz_interfaces/ros_gz_interfaces/srv/detail/delete_entity__traits.hpp
[0.520s] -- Up-to-date: /home/prithiv/tentacle2/install/ros_gz_interfaces/include/ros_gz_interfaces/ros_gz_interfaces/srv/detail/spawn_entity__type_support.hpp
[0.520s] -- Up-to-date: /home/prithiv/tentacle2/install/ros_gz_interfaces/include/ros_gz_interfaces/ros_gz_interfaces/srv/detail/control_world__type_support.hpp
[0.520s] -- Up-to-date: /home/prithiv/tentacle2/install/ros_gz_interfaces/include/ros_gz_interfaces/ros_gz_interfaces/srv/detail/delete_entity__builder.hpp
[0.520s] -- Up-to-date: /home/prithiv/tentacle2/install/ros_gz_interfaces/include/ros_gz_interfaces/ros_gz_interfaces/srv/detail/delete_entity__struct.hpp
[0.520s] -- Up-to-date: /home/prithiv/tentacle2/install/ros_gz_interfaces/include/ros_gz_interfaces/ros_gz_interfaces/srv/detail/control_world__traits.hpp
[0.520s] -- Up-to-date: /home/prithiv/tentacle2/install/ros_gz_interfaces/include/ros_gz_interfaces/ros_gz_interfaces/srv/detail/spawn_entity__builder.hpp
[0.520s] -- Up-to-date: /home/prithiv/tentacle2/install/ros_gz_interfaces/include/ros_gz_interfaces/ros_gz_interfaces/srv/control_world.hpp
[0.520s] -- Up-to-date: /home/prithiv/tentacle2/install/ros_gz_interfaces/include/ros_gz_interfaces/ros_gz_interfaces/srv/spawn_entity.hpp
[0.520s] -- Up-to-date: /home/prithiv/tentacle2/install/ros_gz_interfaces/include/ros_gz_interfaces/ros_gz_interfaces
[0.520s] -- Up-to-date: /home/prithiv/tentacle2/install/ros_gz_interfaces/include/ros_gz_interfaces/ros_gz_interfaces/msg
[0.520s] -- Up-to-date: /home/prithiv/tentacle2/install/ros_gz_interfaces/include/ros_gz_interfaces/ros_gz_interfaces/msg/detail
[0.520s] -- Up-to-date: /home/prithiv/tentacle2/install/ros_gz_interfaces/include/ros_gz_interfaces/ros_gz_interfaces/msg/detail/param_vec__rosidl_typesupport_fastrtps_cpp.hpp
[0.520s] -- Up-to-date: /home/prithiv/tentacle2/install/ros_gz_interfaces/include/ros_gz_interfaces/ros_gz_interfaces/msg/detail/gui_camera__rosidl_typesupport_fastrtps_cpp.hpp
[0.520s] -- Up-to-date: /home/prithiv/tentacle2/install/ros_gz_interfaces/include/ros_gz_interfaces/ros_gz_interfaces/msg/detail/string_vec__rosidl_typesupport_fastrtps_cpp.hpp
[0.520s] -- Up-to-date: /home/prithiv/tentacle2/install/ros_gz_interfaces/include/ros_gz_interfaces/ros_gz_interfaces/msg/detail/material_color__rosidl_typesupport_fastrtps_cpp.hpp
[0.520s] -- Up-to-date: /home/prithiv/tentacle2/install/ros_gz_interfaces/include/ros_gz_interfaces/ros_gz_interfaces/msg/detail/track_visual__rosidl_typesupport_fastrtps_cpp.hpp
[0.520s] -- Up-to-date: /home/prithiv/tentacle2/install/ros_gz_interfaces/include/ros_gz_interfaces/ros_gz_interfaces/msg/detail/entity_factory__rosidl_typesupport_fastrtps_cpp.hpp
[0.520s] -- Up-to-date: /home/prithiv/tentacle2/install/ros_gz_interfaces/include/ros_gz_interfaces/ros_gz_interfaces/msg/detail/light__rosidl_typesupport_fastrtps_cpp.hpp
[0.520s] -- Up-to-date: /home/prithiv/tentacle2/install/ros_gz_interfaces/include/ros_gz_interfaces/ros_gz_interfaces/msg/detail/altimeter__rosidl_typesupport_fastrtps_cpp.hpp
[0.520s] -- Up-to-date: /home/prithiv/tentacle2/install/ros_gz_interfaces/include/ros_gz_interfaces/ros_gz_interfaces/msg/detail/entity_wrench__rosidl_typesupport_fastrtps_cpp.hpp
[0.520s] -- Up-to-date: /home/prithiv/tentacle2/install/ros_gz_interfaces/include/ros_gz_interfaces/ros_gz_interfaces/msg/detail/world_reset__rosidl_typesupport_fastrtps_cpp.hpp
[0.520s] -- Up-to-date: /home/prithiv/tentacle2/install/ros_gz_interfaces/include/ros_gz_interfaces/ros_gz_interfaces/msg/detail/contact__rosidl_typesupport_fastrtps_cpp.hpp
[0.520s] -- Up-to-date: /home/prithiv/tentacle2/install/ros_gz_interfaces/include/ros_gz_interfaces/ros_gz_interfaces/msg/detail/joint_wrench__rosidl_typesupport_fastrtps_cpp.hpp
[0.520s] -- Up-to-date: /home/prithiv/tentacle2/install/ros_gz_interfaces/include/ros_gz_interfaces/ros_gz_interfaces/msg/detail/float32_array__rosidl_typesupport_fastrtps_cpp.hpp
[0.521s] -- Up-to-date: /home/prithiv/tentacle2/install/ros_gz_interfaces/include/ros_gz_interfaces/ros_gz_interfaces/msg/detail/sensor_noise__rosidl_typesupport_fastrtps_cpp.hpp
[0.521s] -- Up-to-date: /home/prithiv/tentacle2/install/ros_gz_interfaces/include/ros_gz_interfaces/ros_gz_interfaces/msg/detail/dataframe__rosidl_typesupport_fastrtps_cpp.hpp
[0.521s] -- Up-to-date: /home/prithiv/tentacle2/install/ros_gz_interfaces/include/ros_gz_interfaces/ros_gz_interfaces/msg/detail/entity__rosidl_typesupport_fastrtps_cpp.hpp
[0.521s] -- Up-to-date: /home/prithiv/tentacle2/install/ros_gz_interfaces/include/ros_gz_interfaces/ros_gz_interfaces/msg/detail/contacts__rosidl_typesupport_fastrtps_cpp.hpp
[0.521s] -- Up-to-date: /home/prithiv/tentacle2/install/ros_gz_interfaces/include/ros_gz_interfaces/ros_gz_interfaces/msg/detail/world_control__rosidl_typesupport_fastrtps_cpp.hpp
[0.521s] -- Up-to-date: /home/prithiv/tentacle2/install/ros_gz_interfaces/include/ros_gz_interfaces/ros_gz_interfaces/msg/detail/dds_fastrtps
[0.521s] -- Up-to-date: /home/prithiv/tentacle2/install/ros_gz_interfaces/include/ros_gz_interfaces/ros_gz_interfaces/msg/detail/video_record__rosidl_typesupport_fastrtps_cpp.hpp
[0.521s] -- Up-to-date: /home/prithiv/tentacle2/install/ros_gz_interfaces/include/ros_gz_interfaces/ros_gz_interfaces/msg/rosidl_typesupport_fastrtps_cpp__visibility_control.h
[0.521s] -- Up-to-date: /home/prithiv/tentacle2/install/ros_gz_interfaces/include/ros_gz_interfaces/ros_gz_interfaces/srv
[0.521s] -- Up-to-date: /home/prithiv/tentacle2/install/ros_gz_interfaces/include/ros_gz_interfaces/ros_gz_interfaces/srv/detail
[0.521s] -- Up-to-date: /home/prithiv/tentacle2/install/ros_gz_interfaces/include/ros_gz_interfaces/ros_gz_interfaces/srv/detail/set_entity_pose__rosidl_typesupport_fastrtps_cpp.hpp
[0.521s] -- Up-to-date: /home/prithiv/tentacle2/install/ros_gz_interfaces/include/ros_gz_interfaces/ros_gz_interfaces/srv/detail/spawn_entity__rosidl_typesupport_fastrtps_cpp.hpp
[0.521s] -- Up-to-date: /home/prithiv/tentacle2/install/ros_gz_interfaces/include/ros_gz_interfaces/ros_gz_interfaces/srv/detail/delete_entity__rosidl_typesupport_fastrtps_cpp.hpp
[0.521s] -- Up-to-date: /home/prithiv/tentacle2/install/ros_gz_interfaces/include/ros_gz_interfaces/ros_gz_interfaces/srv/detail/control_world__rosidl_typesupport_fastrtps_cpp.hpp
[0.521s] -- Up-to-date: /home/prithiv/tentacle2/install/ros_gz_interfaces/include/ros_gz_interfaces/ros_gz_interfaces/srv/detail/dds_fastrtps
[0.521s] -- Up-to-date: /home/prithiv/tentacle2/install/ros_gz_interfaces/lib/libros_gz_interfaces__rosidl_typesupport_fastrtps_cpp.so
[0.521s] -- Up-to-date: /home/prithiv/tentacle2/install/ros_gz_interfaces/include/ros_gz_interfaces/ros_gz_interfaces
[0.521s] -- Up-to-date: /home/prithiv/tentacle2/install/ros_gz_interfaces/include/ros_gz_interfaces/ros_gz_interfaces/msg
[0.521s] -- Up-to-date: /home/prithiv/tentacle2/install/ros_gz_interfaces/include/ros_gz_interfaces/ros_gz_interfaces/msg/rosidl_typesupport_introspection_c__visibility_control.h
[0.521s] -- Up-to-date: /home/prithiv/tentacle2/install/ros_gz_interfaces/include/ros_gz_interfaces/ros_gz_interfaces/msg/detail
[0.521s] -- Up-to-date: /home/prithiv/tentacle2/install/ros_gz_interfaces/include/ros_gz_interfaces/ros_gz_interfaces/msg/detail/float32_array__rosidl_typesupport_introspection_c.h
[0.521s] -- Up-to-date: /home/prithiv/tentacle2/install/ros_gz_interfaces/include/ros_gz_interfaces/ros_gz_interfaces/msg/detail/param_vec__rosidl_typesupport_introspection_c.h
[0.521s] -- Up-to-date: /home/prithiv/tentacle2/install/ros_gz_interfaces/include/ros_gz_interfaces/ros_gz_interfaces/msg/detail/video_record__type_support.c
[0.521s] -- Up-to-date: /home/prithiv/tentacle2/install/ros_gz_interfaces/include/ros_gz_interfaces/ros_gz_interfaces/msg/detail/material_color__rosidl_typesupport_introspection_c.h
[0.521s] -- Up-to-date: /home/prithiv/tentacle2/install/ros_gz_interfaces/include/ros_gz_interfaces/ros_gz_interfaces/msg/detail/joint_wrench__rosidl_typesupport_introspection_c.h
[0.521s] -- Up-to-date: /home/prithiv/tentacle2/install/ros_gz_interfaces/include/ros_gz_interfaces/ros_gz_interfaces/msg/detail/world_reset__rosidl_typesupport_introspection_c.h
[0.521s] -- Up-to-date: /home/prithiv/tentacle2/install/ros_gz_interfaces/include/ros_gz_interfaces/ros_gz_interfaces/msg/detail/world_control__type_support.c
[0.522s] -- Up-to-date: /home/prithiv/tentacle2/install/ros_gz_interfaces/include/ros_gz_interfaces/ros_gz_interfaces/msg/detail/string_vec__rosidl_typesupport_introspection_c.h
[0.522s] -- Up-to-date: /home/prithiv/tentacle2/install/ros_gz_interfaces/include/ros_gz_interfaces/ros_gz_interfaces/msg/detail/light__type_support.c
[0.522s] -- Up-to-date: /home/prithiv/tentacle2/install/ros_gz_interfaces/include/ros_gz_interfaces/ros_gz_interfaces/msg/detail/entity_factory__rosidl_typesupport_introspection_c.h
[0.522s] -- Up-to-date: /home/prithiv/tentacle2/install/ros_gz_interfaces/include/ros_gz_interfaces/ros_gz_interfaces/msg/detail/altimeter__type_support.c
[0.522s] -- Up-to-date: /home/prithiv/tentacle2/install/ros_gz_interfaces/include/ros_gz_interfaces/ros_gz_interfaces/msg/detail/entity__rosidl_typesupport_introspection_c.h
[0.522s] -- Up-to-date: /home/prithiv/tentacle2/install/ros_gz_interfaces/include/ros_gz_interfaces/ros_gz_interfaces/msg/detail/video_record__rosidl_typesupport_introspection_c.h
[0.522s] -- Up-to-date: /home/prithiv/tentacle2/install/ros_gz_interfaces/include/ros_gz_interfaces/ros_gz_interfaces/msg/detail/material_color__type_support.c
[0.522s] -- Up-to-date: /home/prithiv/tentacle2/install/ros_gz_interfaces/include/ros_gz_interfaces/ros_gz_interfaces/msg/detail/contacts__rosidl_typesupport_introspection_c.h
[0.522s] -- Up-to-date: /home/prithiv/tentacle2/install/ros_gz_interfaces/include/ros_gz_interfaces/ros_gz_interfaces/msg/detail/world_reset__type_support.c
[0.522s] -- Up-to-date: /home/prithiv/tentacle2/install/ros_gz_interfaces/include/ros_gz_interfaces/ros_gz_interfaces/msg/detail/entity__type_support.c
[0.522s] -- Up-to-date: /home/prithiv/tentacle2/install/ros_gz_interfaces/include/ros_gz_interfaces/ros_gz_interfaces/msg/detail/contact__rosidl_typesupport_introspection_c.h
[0.522s] -- Up-to-date: /home/prithiv/tentacle2/install/ros_gz_interfaces/include/ros_gz_interfaces/ros_gz_interfaces/msg/detail/entity_wrench__rosidl_typesupport_introspection_c.h
[0.522s] -- Up-to-date: /home/prithiv/tentacle2/install/ros_gz_interfaces/include/ros_gz_interfaces/ros_gz_interfaces/msg/detail/track_visual__rosidl_typesupport_introspection_c.h
[0.522s] -- Up-to-date: /home/prithiv/tentacle2/install/ros_gz_interfaces/include/ros_gz_interfaces/ros_gz_interfaces/msg/detail/gui_camera__type_support.c
[0.522s] -- Up-to-date: /home/prithiv/tentacle2/install/ros_gz_interfaces/include/ros_gz_interfaces/ros_gz_interfaces/msg/detail/light__rosidl_typesupport_introspection_c.h
[0.522s] -- Up-to-date: /home/prithiv/tentacle2/install/ros_gz_interfaces/include/ros_gz_interfaces/ros_gz_interfaces/msg/detail/sensor_noise__type_support.c
[0.522s] -- Up-to-date: /home/prithiv/tentacle2/install/ros_gz_interfaces/include/ros_gz_interfaces/ros_gz_interfaces/msg/detail/contact__type_support.c
[0.522s] -- Up-to-date: /home/prithiv/tentacle2/install/ros_gz_interfaces/include/ros_gz_interfaces/ros_gz_interfaces/msg/detail/sensor_noise__rosidl_typesupport_introspection_c.h
[0.522s] -- Up-to-date: /home/prithiv/tentacle2/install/ros_gz_interfaces/include/ros_gz_interfaces/ros_gz_interfaces/msg/detail/entity_factory__type_support.c
[0.522s] -- Up-to-date: /home/prithiv/tentacle2/install/ros_gz_interfaces/include/ros_gz_interfaces/ros_gz_interfaces/msg/detail/track_visual__type_support.c
[0.522s] -- Up-to-date: /home/prithiv/tentacle2/install/ros_gz_interfaces/include/ros_gz_interfaces/ros_gz_interfaces/msg/detail/param_vec__type_support.c
[0.522s] -- Up-to-date: /home/prithiv/tentacle2/install/ros_gz_interfaces/include/ros_gz_interfaces/ros_gz_interfaces/msg/detail/string_vec__type_support.c
[0.522s] -- Up-to-date: /home/prithiv/tentacle2/install/ros_gz_interfaces/include/ros_gz_interfaces/ros_gz_interfaces/msg/detail/dataframe__type_support.c
[0.522s] -- Up-to-date: /home/prithiv/tentacle2/install/ros_gz_interfaces/include/ros_gz_interfaces/ros_gz_interfaces/msg/detail/gui_camera__rosidl_typesupport_introspection_c.h
[0.522s] -- Up-to-date: /home/prithiv/tentacle2/install/ros_gz_interfaces/include/ros_gz_interfaces/ros_gz_interfaces/msg/detail/float32_array__type_support.c
[0.522s] -- Up-to-date: /home/prithiv/tentacle2/install/ros_gz_interfaces/include/ros_gz_interfaces/ros_gz_interfaces/msg/detail/dataframe__rosidl_typesupport_introspection_c.h
[0.522s] -- Up-to-date: /home/prithiv/tentacle2/install/ros_gz_interfaces/include/ros_gz_interfaces/ros_gz_interfaces/msg/detail/world_control__rosidl_typesupport_introspection_c.h
[0.522s] -- Up-to-date: /home/prithiv/tentacle2/install/ros_gz_interfaces/include/ros_gz_interfaces/ros_gz_interfaces/msg/detail/contacts__type_support.c
[0.522s] -- Up-to-date: /home/prithiv/tentacle2/install/ros_gz_interfaces/include/ros_gz_interfaces/ros_gz_interfaces/msg/detail/joint_wrench__type_support.c
[0.523s] -- Up-to-date: /home/prithiv/tentacle2/install/ros_gz_interfaces/include/ros_gz_interfaces/ros_gz_interfaces/msg/detail/altimeter__rosidl_typesupport_introspection_c.h
[0.523s] -- Up-to-date: /home/prithiv/tentacle2/install/ros_gz_interfaces/include/ros_gz_interfaces/ros_gz_interfaces/msg/detail/entity_wrench__type_support.c
[0.523s] -- Up-to-date: /home/prithiv/tentacle2/install/ros_gz_interfaces/include/ros_gz_interfaces/ros_gz_interfaces/srv
[0.523s] -- Up-to-date: /home/prithiv/tentacle2/install/ros_gz_interfaces/include/ros_gz_interfaces/ros_gz_interfaces/srv/detail
[0.523s] -- Up-to-date: /home/prithiv/tentacle2/install/ros_gz_interfaces/include/ros_gz_interfaces/ros_gz_interfaces/srv/detail/spawn_entity__rosidl_typesupport_introspection_c.h
[0.523s] -- Up-to-date: /home/prithiv/tentacle2/install/ros_gz_interfaces/include/ros_gz_interfaces/ros_gz_interfaces/srv/detail/spawn_entity__type_support.c
[0.523s] -- Up-to-date: /home/prithiv/tentacle2/install/ros_gz_interfaces/include/ros_gz_interfaces/ros_gz_interfaces/srv/detail/set_entity_pose__rosidl_typesupport_introspection_c.h
[0.523s] -- Up-to-date: /home/prithiv/tentacle2/install/ros_gz_interfaces/include/ros_gz_interfaces/ros_gz_interfaces/srv/detail/delete_entity__type_support.c
[0.523s] -- Up-to-date: /home/prithiv/tentacle2/install/ros_gz_interfaces/include/ros_gz_interfaces/ros_gz_interfaces/srv/detail/control_world__rosidl_typesupport_introspection_c.h
[0.523s] -- Up-to-date: /home/prithiv/tentacle2/install/ros_gz_interfaces/include/ros_gz_interfaces/ros_gz_interfaces/srv/detail/set_entity_pose__type_support.c
[0.523s] -- Up-to-date: /home/prithiv/tentacle2/install/ros_gz_interfaces/include/ros_gz_interfaces/ros_gz_interfaces/srv/detail/delete_entity__rosidl_typesupport_introspection_c.h
[0.523s] -- Up-to-date: /home/prithiv/tentacle2/install/ros_gz_interfaces/include/ros_gz_interfaces/ros_gz_interfaces/srv/detail/control_world__type_support.c
[0.523s] -- Up-to-date: /home/prithiv/tentacle2/install/ros_gz_interfaces/lib/libros_gz_interfaces__rosidl_typesupport_introspection_c.so
[0.523s] -- Up-to-date: /home/prithiv/tentacle2/install/ros_gz_interfaces/lib/libros_gz_interfaces__rosidl_typesupport_c.so
[0.523s] -- Up-to-date: /home/prithiv/tentacle2/install/ros_gz_interfaces/include/ros_gz_interfaces/ros_gz_interfaces
[0.523s] -- Up-to-date: /home/prithiv/tentacle2/install/ros_gz_interfaces/include/ros_gz_interfaces/ros_gz_interfaces/msg
[0.523s] -- Up-to-date: /home/prithiv/tentacle2/install/ros_gz_interfaces/include/ros_gz_interfaces/ros_gz_interfaces/msg/detail
[0.523s] -- Up-to-date: /home/prithiv/tentacle2/install/ros_gz_interfaces/include/ros_gz_interfaces/ros_gz_interfaces/msg/detail/string_vec__rosidl_typesupport_introspection_cpp.hpp
[0.523s] -- Up-to-date: /home/prithiv/tentacle2/install/ros_gz_interfaces/include/ros_gz_interfaces/ros_gz_interfaces/msg/detail/track_visual__rosidl_typesupport_introspection_cpp.hpp
[0.523s] -- Up-to-date: /home/prithiv/tentacle2/install/ros_gz_interfaces/include/ros_gz_interfaces/ros_gz_interfaces/msg/detail/light__rosidl_typesupport_introspection_cpp.hpp
[0.523s] -- Up-to-date: /home/prithiv/tentacle2/install/ros_gz_interfaces/include/ros_gz_interfaces/ros_gz_interfaces/msg/detail/entity_factory__type_support.cpp
[0.523s] -- Up-to-date: /home/prithiv/tentacle2/install/ros_gz_interfaces/include/ros_gz_interfaces/ros_gz_interfaces/msg/detail/gui_camera__type_support.cpp
[0.523s] -- Up-to-date: /home/prithiv/tentacle2/install/ros_gz_interfaces/include/ros_gz_interfaces/ros_gz_interfaces/msg/detail/world_reset__rosidl_typesupport_introspection_cpp.hpp
[0.523s] -- Up-to-date: /home/prithiv/tentacle2/install/ros_gz_interfaces/include/ros_gz_interfaces/ros_gz_interfaces/msg/detail/material_color__type_support.cpp
[0.523s] -- Up-to-date: /home/prithiv/tentacle2/install/ros_gz_interfaces/include/ros_gz_interfaces/ros_gz_interfaces/msg/detail/contact__type_support.cpp
[0.523s] -- Up-to-date: /home/prithiv/tentacle2/install/ros_gz_interfaces/include/ros_gz_interfaces/ros_gz_interfaces/msg/detail/light__type_support.cpp
[0.523s] -- Up-to-date: /home/prithiv/tentacle2/install/ros_gz_interfaces/include/ros_gz_interfaces/ros_gz_interfaces/msg/detail/entity_wrench__rosidl_typesupport_introspection_cpp.hpp
[0.523s] -- Up-to-date: /home/prithiv/tentacle2/install/ros_gz_interfaces/include/ros_gz_interfaces/ros_gz_interfaces/msg/detail/video_record__type_support.cpp
[0.524s] -- Up-to-date: /home/prithiv/tentacle2/install/ros_gz_interfaces/include/ros_gz_interfaces/ros_gz_interfaces/msg/detail/entity_wrench__type_support.cpp
[0.524s] -- Up-to-date: /home/prithiv/tentacle2/install/ros_gz_interfaces/include/ros_gz_interfaces/ros_gz_interfaces/msg/detail/dataframe__rosidl_typesupport_introspection_cpp.hpp
[0.524s] -- Up-to-date: /home/prithiv/tentacle2/install/ros_gz_interfaces/include/ros_gz_interfaces/ros_gz_interfaces/msg/detail/contacts__type_support.cpp
[0.524s] -- Up-to-date: /home/prithiv/tentacle2/install/ros_gz_interfaces/include/ros_gz_interfaces/ros_gz_interfaces/msg/detail/sensor_noise__rosidl_typesupport_introspection_cpp.hpp
[0.524s] -- Up-to-date: /home/prithiv/tentacle2/install/ros_gz_interfaces/include/ros_gz_interfaces/ros_gz_interfaces/msg/detail/world_control__rosidl_typesupport_introspection_cpp.hpp
[0.524s] -- Up-to-date: /home/prithiv/tentacle2/install/ros_gz_interfaces/include/ros_gz_interfaces/ros_gz_interfaces/msg/detail/video_record__rosidl_typesupport_introspection_cpp.hpp
[0.524s] -- Up-to-date: /home/prithiv/tentacle2/install/ros_gz_interfaces/include/ros_gz_interfaces/ros_gz_interfaces/msg/detail/altimeter__type_support.cpp
[0.524s] -- Up-to-date: /home/prithiv/tentacle2/install/ros_gz_interfaces/include/ros_gz_interfaces/ros_gz_interfaces/msg/detail/contact__rosidl_typesupport_introspection_cpp.hpp
[0.524s] -- Up-to-date: /home/prithiv/tentacle2/install/ros_gz_interfaces/include/ros_gz_interfaces/ros_gz_interfaces/msg/detail/gui_camera__rosidl_typesupport_introspection_cpp.hpp
[0.524s] -- Up-to-date: /home/prithiv/tentacle2/install/ros_gz_interfaces/include/ros_gz_interfaces/ros_gz_interfaces/msg/detail/contacts__rosidl_typesupport_introspection_cpp.hpp
[0.524s] -- Up-to-date: /home/prithiv/tentacle2/install/ros_gz_interfaces/include/ros_gz_interfaces/ros_gz_interfaces/msg/detail/track_visual__type_support.cpp
[0.524s] -- Up-to-date: /home/prithiv/tentacle2/install/ros_gz_interfaces/include/ros_gz_interfaces/ros_gz_interfaces/msg/detail/param_vec__type_support.cpp
[0.524s] -- Up-to-date: /home/prithiv/tentacle2/install/ros_gz_interfaces/include/ros_gz_interfaces/ros_gz_interfaces/msg/detail/joint_wrench__type_support.cpp
[0.524s] -- Up-to-date: /home/prithiv/tentacle2/install/ros_gz_interfaces/include/ros_gz_interfaces/ros_gz_interfaces/msg/detail/param_vec__rosidl_typesupport_introspection_cpp.hpp
[0.524s] -- Up-to-date: /home/prithiv/tentacle2/install/ros_gz_interfaces/include/ros_gz_interfaces/ros_gz_interfaces/msg/detail/altimeter__rosidl_typesupport_introspection_cpp.hpp
[0.524s] -- Up-to-date: /home/prithiv/tentacle2/install/ros_gz_interfaces/include/ros_gz_interfaces/ros_gz_interfaces/msg/detail/world_control__type_support.cpp
[0.524s] -- Up-to-date: /home/prithiv/tentacle2/install/ros_gz_interfaces/include/ros_gz_interfaces/ros_gz_interfaces/msg/detail/entity__rosidl_typesupport_introspection_cpp.hpp
[0.524s] -- Up-to-date: /home/prithiv/tentacle2/install/ros_gz_interfaces/include/ros_gz_interfaces/ros_gz_interfaces/msg/detail/entity__type_support.cpp
[0.524s] -- Up-to-date: /home/prithiv/tentacle2/install/ros_gz_interfaces/include/ros_gz_interfaces/ros_gz_interfaces/msg/detail/material_color__rosidl_typesupport_introspection_cpp.hpp
[0.524s] -- Up-to-date: /home/prithiv/tentacle2/install/ros_gz_interfaces/include/ros_gz_interfaces/ros_gz_interfaces/msg/detail/string_vec__type_support.cpp
[0.524s] -- Up-to-date: /home/prithiv/tentacle2/install/ros_gz_interfaces/include/ros_gz_interfaces/ros_gz_interfaces/msg/detail/sensor_noise__type_support.cpp
[0.524s] -- Up-to-date: /home/prithiv/tentacle2/install/ros_gz_interfaces/include/ros_gz_interfaces/ros_gz_interfaces/msg/detail/joint_wrench__rosidl_typesupport_introspection_cpp.hpp
[0.524s] -- Up-to-date: /home/prithiv/tentacle2/install/ros_gz_interfaces/include/ros_gz_interfaces/ros_gz_interfaces/msg/detail/float32_array__rosidl_typesupport_introspection_cpp.hpp
[0.524s] -- Up-to-date: /home/prithiv/tentacle2/install/ros_gz_interfaces/include/ros_gz_interfaces/ros_gz_interfaces/msg/detail/entity_factory__rosidl_typesupport_introspection_cpp.hpp
[0.524s] -- Up-to-date: /home/prithiv/tentacle2/install/ros_gz_interfaces/include/ros_gz_interfaces/ros_gz_interfaces/msg/detail/world_reset__type_support.cpp
[0.524s] -- Up-to-date: /home/prithiv/tentacle2/install/ros_gz_interfaces/include/ros_gz_interfaces/ros_gz_interfaces/msg/detail/dataframe__type_support.cpp
[0.524s] -- Up-to-date: /home/prithiv/tentacle2/install/ros_gz_interfaces/include/ros_gz_interfaces/ros_gz_interfaces/msg/detail/float32_array__type_support.cpp
[0.524s] -- Up-to-date: /home/prithiv/tentacle2/install/ros_gz_interfaces/include/ros_gz_interfaces/ros_gz_interfaces/srv
[0.524s] -- Up-to-date: /home/prithiv/tentacle2/install/ros_gz_interfaces/include/ros_gz_interfaces/ros_gz_interfaces/srv/detail
[0.524s] -- Up-to-date: /home/prithiv/tentacle2/install/ros_gz_interfaces/include/ros_gz_interfaces/ros_gz_interfaces/srv/detail/set_entity_pose__type_support.cpp
[0.524s] -- Up-to-date: /home/prithiv/tentacle2/install/ros_gz_interfaces/include/ros_gz_interfaces/ros_gz_interfaces/srv/detail/set_entity_pose__rosidl_typesupport_introspection_cpp.hpp
[0.524s] -- Up-to-date: /home/prithiv/tentacle2/install/ros_gz_interfaces/include/ros_gz_interfaces/ros_gz_interfaces/srv/detail/spawn_entity__rosidl_typesupport_introspection_cpp.hpp
[0.524s] -- Up-to-date: /home/prithiv/tentacle2/install/ros_gz_interfaces/include/ros_gz_interfaces/ros_gz_interfaces/srv/detail/spawn_entity__type_support.cpp
[0.524s] -- Up-to-date: /home/prithiv/tentacle2/install/ros_gz_interfaces/include/ros_gz_interfaces/ros_gz_interfaces/srv/detail/delete_entity__rosidl_typesupport_introspection_cpp.hpp
[0.524s] -- Up-to-date: /home/prithiv/tentacle2/install/ros_gz_interfaces/include/ros_gz_interfaces/ros_gz_interfaces/srv/detail/delete_entity__type_support.cpp
[0.524s] -- Up-to-date: /home/prithiv/tentacle2/install/ros_gz_interfaces/include/ros_gz_interfaces/ros_gz_interfaces/srv/detail/control_world__type_support.cpp
[0.524s] -- Up-to-date: /home/prithiv/tentacle2/install/ros_gz_interfaces/include/ros_gz_interfaces/ros_gz_interfaces/srv/detail/control_world__rosidl_typesupport_introspection_cpp.hpp
[0.524s] -- Up-to-date: /home/prithiv/tentacle2/install/ros_gz_interfaces/lib/libros_gz_interfaces__rosidl_typesupport_introspection_cpp.so
[0.525s] -- Up-to-date: /home/prithiv/tentacle2/install/ros_gz_interfaces/lib/libros_gz_interfaces__rosidl_typesupport_cpp.so
[0.525s] -- Up-to-date: /home/prithiv/tentacle2/install/ros_gz_interfaces/share/ros_gz_interfaces/environment/pythonpath.sh
[0.525s] -- Up-to-date: /home/prithiv/tentacle2/install/ros_gz_interfaces/share/ros_gz_interfaces/environment/pythonpath.dsv
[0.525s] -- Up-to-date: /home/prithiv/tentacle2/install/ros_gz_interfaces/local/lib/python3.10/dist-packages/ros_gz_interfaces-0.244.16-py3.10.egg-info
[0.525s] -- Installing: /home/prithiv/tentacle2/install/ros_gz_interfaces/local/lib/python3.10/dist-packages/ros_gz_interfaces-0.244.16-py3.10.egg-info/dependency_links.txt
[0.525s] -- Installing: /home/prithiv/tentacle2/install/ros_gz_interfaces/local/lib/python3.10/dist-packages/ros_gz_interfaces-0.244.16-py3.10.egg-info/top_level.txt
[0.525s] -- Installing: /home/prithiv/tentacle2/install/ros_gz_interfaces/local/lib/python3.10/dist-packages/ros_gz_interfaces-0.244.16-py3.10.egg-info/SOURCES.txt
[0.525s] -- Installing: /home/prithiv/tentacle2/install/ros_gz_interfaces/local/lib/python3.10/dist-packages/ros_gz_interfaces-0.244.16-py3.10.egg-info/PKG-INFO
[0.525s] -- Up-to-date: /home/prithiv/tentacle2/install/ros_gz_interfaces/local/lib/python3.10/dist-packages/ros_gz_interfaces
[0.525s] -- Up-to-date: /home/prithiv/tentacle2/install/ros_gz_interfaces/local/lib/python3.10/dist-packages/ros_gz_interfaces/_ros_gz_interfaces_s.ep.rosidl_typesupport_c.c
[0.525s] -- Up-to-date: /home/prithiv/tentacle2/install/ros_gz_interfaces/local/lib/python3.10/dist-packages/ros_gz_interfaces/ros_gz_interfaces_s__rosidl_typesupport_introspection_c.cpython-310-x86_64-linux-gnu.so
[0.525s] -- Up-to-date: /home/prithiv/tentacle2/install/ros_gz_interfaces/local/lib/python3.10/dist-packages/ros_gz_interfaces/_ros_gz_interfaces_s.ep.rosidl_typesupport_introspection_c.c
[0.525s] -- Up-to-date: /home/prithiv/tentacle2/install/ros_gz_interfaces/local/lib/python3.10/dist-packages/ros_gz_interfaces/ros_gz_interfaces_s__rosidl_typesupport_c.cpython-310-x86_64-linux-gnu.so
[0.525s] -- Up-to-date: /home/prithiv/tentacle2/install/ros_gz_interfaces/local/lib/python3.10/dist-packages/ros_gz_interfaces/ros_gz_interfaces_s__rosidl_typesupport_fastrtps_c.cpython-310-x86_64-linux-gnu.so
[0.525s] -- Up-to-date: /home/prithiv/tentacle2/install/ros_gz_interfaces/local/lib/python3.10/dist-packages/ros_gz_interfaces/libros_gz_interfaces__rosidl_generator_py.so
[0.525s] -- Up-to-date: /home/prithiv/tentacle2/install/ros_gz_interfaces/local/lib/python3.10/dist-packages/ros_gz_interfaces/msg
[0.525s] -- Up-to-date: /home/prithiv/tentacle2/install/ros_gz_interfaces/local/lib/python3.10/dist-packages/ros_gz_interfaces/msg/_world_reset_s.c
[0.525s] -- Up-to-date: /home/prithiv/tentacle2/install/ros_gz_interfaces/local/lib/python3.10/dist-packages/ros_gz_interfaces/msg/_float32_array_s.c
[0.525s] -- Up-to-date: /home/prithiv/tentacle2/install/ros_gz_interfaces/local/lib/python3.10/dist-packages/ros_gz_interfaces/msg/_string_vec_s.c
[0.525s] -- Up-to-date: /home/prithiv/tentacle2/install/ros_gz_interfaces/local/lib/python3.10/dist-packages/ros_gz_interfaces/msg/_param_vec.py
[0.525s] -- Up-to-date: /home/prithiv/tentacle2/install/ros_gz_interfaces/local/lib/python3.10/dist-packages/ros_gz_interfaces/msg/_float32_array.py
[0.525s] -- Up-to-date: /home/prithiv/tentacle2/install/ros_gz_interfaces/local/lib/python3.10/dist-packages/ros_gz_interfaces/msg/_gui_camera_s.c
[0.525s] -- Up-to-date: /home/prithiv/tentacle2/install/ros_gz_interfaces/local/lib/python3.10/dist-packages/ros_gz_interfaces/msg/_dataframe.py
[0.525s] -- Up-to-date: /home/prithiv/tentacle2/install/ros_gz_interfaces/local/lib/python3.10/dist-packages/ros_gz_interfaces/msg/_track_visual_s.c
[0.525s] -- Up-to-date: /home/prithiv/tentacle2/install/ros_gz_interfaces/local/lib/python3.10/dist-packages/ros_gz_interfaces/msg/_world_control_s.c
[0.525s] -- Up-to-date: /home/prithiv/tentacle2/install/ros_gz_interfaces/local/lib/python3.10/dist-packages/ros_gz_interfaces/msg/_light.py
[0.525s] -- Up-to-date: /home/prithiv/tentacle2/install/ros_gz_interfaces/local/lib/python3.10/dist-packages/ros_gz_interfaces/msg/_contact.py
[0.525s] -- Up-to-date: /home/prithiv/tentacle2/install/ros_gz_interfaces/local/lib/python3.10/dist-packages/ros_gz_interfaces/msg/_sensor_noise.py
[0.525s] -- Up-to-date: /home/prithiv/tentacle2/install/ros_gz_interfaces/local/lib/python3.10/dist-packages/ros_gz_interfaces/msg/_altimeter_s.c
[0.525s] -- Up-to-date: /home/prithiv/tentacle2/install/ros_gz_interfaces/local/lib/python3.10/dist-packages/ros_gz_interfaces/msg/_entity_factory.py
[0.525s] -- Up-to-date: /home/prithiv/tentacle2/install/ros_gz_interfaces/local/lib/python3.10/dist-packages/ros_gz_interfaces/msg/_material_color.py
[0.525s] -- Up-to-date: /home/prithiv/tentacle2/install/ros_gz_interfaces/local/lib/python3.10/dist-packages/ros_gz_interfaces/msg/_entity.py
[0.525s] -- Up-to-date: /home/prithiv/tentacle2/install/ros_gz_interfaces/local/lib/python3.10/dist-packages/ros_gz_interfaces/msg/_contact_s.c
[0.525s] -- Up-to-date: /home/prithiv/tentacle2/install/ros_gz_interfaces/local/lib/python3.10/dist-packages/ros_gz_interfaces/msg/_contacts_s.c
[0.525s] -- Up-to-date: /home/prithiv/tentacle2/install/ros_gz_interfaces/local/lib/python3.10/dist-packages/ros_gz_interfaces/msg/_contacts.py
[0.526s] -- Up-to-date: /home/prithiv/tentacle2/install/ros_gz_interfaces/local/lib/python3.10/dist-packages/ros_gz_interfaces/msg/_altimeter.py
[0.526s] -- Up-to-date: /home/prithiv/tentacle2/install/ros_gz_interfaces/local/lib/python3.10/dist-packages/ros_gz_interfaces/msg/_entity_wrench.py
[0.526s] -- Up-to-date: /home/prithiv/tentacle2/install/ros_gz_interfaces/local/lib/python3.10/dist-packages/ros_gz_interfaces/msg/_world_control.py
[0.526s] -- Up-to-date: /home/prithiv/tentacle2/install/ros_gz_interfaces/local/lib/python3.10/dist-packages/ros_gz_interfaces/msg/_world_reset.py
[0.526s] -- Up-to-date: /home/prithiv/tentacle2/install/ros_gz_interfaces/local/lib/python3.10/dist-packages/ros_gz_interfaces/msg/_video_record_s.c
[0.526s] -- Up-to-date: /home/prithiv/tentacle2/install/ros_gz_interfaces/local/lib/python3.10/dist-packages/ros_gz_interfaces/msg/_video_record.py
[0.526s] -- Up-to-date: /home/prithiv/tentacle2/install/ros_gz_interfaces/local/lib/python3.10/dist-packages/ros_gz_interfaces/msg/_gui_camera.py
[0.526s] -- Up-to-date: /home/prithiv/tentacle2/install/ros_gz_interfaces/local/lib/python3.10/dist-packages/ros_gz_interfaces/msg/_string_vec.py
[0.526s] -- Up-to-date: /home/prithiv/tentacle2/install/ros_gz_interfaces/local/lib/python3.10/dist-packages/ros_gz_interfaces/msg/_light_s.c
[0.526s] -- Up-to-date: /home/prithiv/tentacle2/install/ros_gz_interfaces/local/lib/python3.10/dist-packages/ros_gz_interfaces/msg/_param_vec_s.c
[0.526s] -- Up-to-date: /home/prithiv/tentacle2/install/ros_gz_interfaces/local/lib/python3.10/dist-packages/ros_gz_interfaces/msg/_entity_s.c
[0.526s] -- Up-to-date: /home/prithiv/tentacle2/install/ros_gz_interfaces/local/lib/python3.10/dist-packages/ros_gz_interfaces/msg/_entity_factory_s.c
[0.526s] -- Up-to-date: /home/prithiv/tentacle2/install/ros_gz_interfaces/local/lib/python3.10/dist-packages/ros_gz_interfaces/msg/_dataframe_s.c
[0.526s] -- Up-to-date: /home/prithiv/tentacle2/install/ros_gz_interfaces/local/lib/python3.10/dist-packages/ros_gz_interfaces/msg/_sensor_noise_s.c
[0.526s] -- Up-to-date: /home/prithiv/tentacle2/install/ros_gz_interfaces/local/lib/python3.10/dist-packages/ros_gz_interfaces/msg/_track_visual.py
[0.526s] -- Up-to-date: /home/prithiv/tentacle2/install/ros_gz_interfaces/local/lib/python3.10/dist-packages/ros_gz_interfaces/msg/_joint_wrench_s.c
[0.526s] -- Up-to-date: /home/prithiv/tentacle2/install/ros_gz_interfaces/local/lib/python3.10/dist-packages/ros_gz_interfaces/msg/_entity_wrench_s.c
[0.526s] -- Up-to-date: /home/prithiv/tentacle2/install/ros_gz_interfaces/local/lib/python3.10/dist-packages/ros_gz_interfaces/msg/__init__.py
[0.526s] -- Up-to-date: /home/prithiv/tentacle2/install/ros_gz_interfaces/local/lib/python3.10/dist-packages/ros_gz_interfaces/msg/_joint_wrench.py
[0.526s] -- Up-to-date: /home/prithiv/tentacle2/install/ros_gz_interfaces/local/lib/python3.10/dist-packages/ros_gz_interfaces/msg/_material_color_s.c
[0.526s] -- Up-to-date: /home/prithiv/tentacle2/install/ros_gz_interfaces/local/lib/python3.10/dist-packages/ros_gz_interfaces/_ros_gz_interfaces_s.ep.rosidl_typesupport_fastrtps_c.c
[0.526s] -- Up-to-date: /home/prithiv/tentacle2/install/ros_gz_interfaces/local/lib/python3.10/dist-packages/ros_gz_interfaces/srv
[0.526s] -- Up-to-date: /home/prithiv/tentacle2/install/ros_gz_interfaces/local/lib/python3.10/dist-packages/ros_gz_interfaces/srv/_control_world_s.c
[0.526s] -- Up-to-date: /home/prithiv/tentacle2/install/ros_gz_interfaces/local/lib/python3.10/dist-packages/ros_gz_interfaces/srv/_control_world.py
[0.526s] -- Up-to-date: /home/prithiv/tentacle2/install/ros_gz_interfaces/local/lib/python3.10/dist-packages/ros_gz_interfaces/srv/_set_entity_pose_s.c
[0.526s] -- Up-to-date: /home/prithiv/tentacle2/install/ros_gz_interfaces/local/lib/python3.10/dist-packages/ros_gz_interfaces/srv/_set_entity_pose.py
[0.526s] -- Up-to-date: /home/prithiv/tentacle2/install/ros_gz_interfaces/local/lib/python3.10/dist-packages/ros_gz_interfaces/srv/_delete_entity_s.c
[0.526s] -- Up-to-date: /home/prithiv/tentacle2/install/ros_gz_interfaces/local/lib/python3.10/dist-packages/ros_gz_interfaces/srv/_spawn_entity_s.c
[0.526s] -- Up-to-date: /home/prithiv/tentacle2/install/ros_gz_interfaces/local/lib/python3.10/dist-packages/ros_gz_interfaces/srv/_spawn_entity.py
[0.526s] -- Up-to-date: /home/prithiv/tentacle2/install/ros_gz_interfaces/local/lib/python3.10/dist-packages/ros_gz_interfaces/srv/__init__.py
[0.526s] -- Up-to-date: /home/prithiv/tentacle2/install/ros_gz_interfaces/local/lib/python3.10/dist-packages/ros_gz_interfaces/srv/_delete_entity.py
[0.526s] -- Up-to-date: /home/prithiv/tentacle2/install/ros_gz_interfaces/local/lib/python3.10/dist-packages/ros_gz_interfaces/__init__.py
[0.554s] Listing '/home/prithiv/tentacle2/install/ros_gz_interfaces/local/lib/python3.10/dist-packages/ros_gz_interfaces'...
[0.554s] Listing '/home/prithiv/tentacle2/install/ros_gz_interfaces/local/lib/python3.10/dist-packages/ros_gz_interfaces/msg'...
[0.555s] Listing '/home/prithiv/tentacle2/install/ros_gz_interfaces/local/lib/python3.10/dist-packages/ros_gz_interfaces/srv'...
[0.558s] -- Up-to-date: /home/prithiv/tentacle2/install/ros_gz_interfaces/local/lib/python3.10/dist-packages/ros_gz_interfaces/ros_gz_interfaces_s__rosidl_typesupport_fastrtps_c.cpython-310-x86_64-linux-gnu.so
[0.559s] -- Up-to-date: /home/prithiv/tentacle2/install/ros_gz_interfaces/local/lib/python3.10/dist-packages/ros_gz_interfaces/ros_gz_interfaces_s__rosidl_typesupport_introspection_c.cpython-310-x86_64-linux-gnu.so
[0.560s] -- Up-to-date: /home/prithiv/tentacle2/install/ros_gz_interfaces/local/lib/python3.10/dist-packages/ros_gz_interfaces/ros_gz_interfaces_s__rosidl_typesupport_c.cpython-310-x86_64-linux-gnu.so
[0.561s] -- Up-to-date: /home/prithiv/tentacle2/install/ros_gz_interfaces/lib/libros_gz_interfaces__rosidl_generator_py.so
[0.562s] -- Up-to-date: /home/prithiv/tentacle2/install/ros_gz_interfaces/share/ros_gz_interfaces/msg/Altimeter.idl
[0.562s] -- Up-to-date: /home/prithiv/tentacle2/install/ros_gz_interfaces/share/ros_gz_interfaces/msg/Contact.idl
[0.562s] -- Up-to-date: /home/prithiv/tentacle2/install/ros_gz_interfaces/share/ros_gz_interfaces/msg/Contacts.idl
[0.562s] -- Up-to-date: /home/prithiv/tentacle2/install/ros_gz_interfaces/share/ros_gz_interfaces/msg/Dataframe.idl
[0.562s] -- Up-to-date: /home/prithiv/tentacle2/install/ros_gz_interfaces/share/ros_gz_interfaces/msg/Entity.idl
[0.562s] -- Up-to-date: /home/prithiv/tentacle2/install/ros_gz_interfaces/share/ros_gz_interfaces/msg/EntityFactory.idl
[0.562s] -- Up-to-date: /home/prithiv/tentacle2/install/ros_gz_interfaces/share/ros_gz_interfaces/msg/EntityWrench.idl
[0.562s] -- Up-to-date: /home/prithiv/tentacle2/install/ros_gz_interfaces/share/ros_gz_interfaces/msg/Float32Array.idl
[0.562s] -- Up-to-date: /home/prithiv/tentacle2/install/ros_gz_interfaces/share/ros_gz_interfaces/msg/GuiCamera.idl
[0.562s] -- Up-to-date: /home/prithiv/tentacle2/install/ros_gz_interfaces/share/ros_gz_interfaces/msg/JointWrench.idl
[0.562s] -- Up-to-date: /home/prithiv/tentacle2/install/ros_gz_interfaces/share/ros_gz_interfaces/msg/Light.idl
[0.562s] -- Up-to-date: /home/prithiv/tentacle2/install/ros_gz_interfaces/share/ros_gz_interfaces/msg/MaterialColor.idl
[0.562s] -- Up-to-date: /home/prithiv/tentacle2/install/ros_gz_interfaces/share/ros_gz_interfaces/msg/ParamVec.idl
[0.562s] -- Up-to-date: /home/prithiv/tentacle2/install/ros_gz_interfaces/share/ros_gz_interfaces/msg/SensorNoise.idl
[0.562s] -- Up-to-date: /home/prithiv/tentacle2/install/ros_gz_interfaces/share/ros_gz_interfaces/msg/StringVec.idl
[0.562s] -- Up-to-date: /home/prithiv/tentacle2/install/ros_gz_interfaces/share/ros_gz_interfaces/msg/TrackVisual.idl
[0.562s] -- Up-to-date: /home/prithiv/tentacle2/install/ros_gz_interfaces/share/ros_gz_interfaces/msg/VideoRecord.idl
[0.562s] -- Up-to-date: /home/prithiv/tentacle2/install/ros_gz_interfaces/share/ros_gz_interfaces/msg/WorldControl.idl
[0.562s] -- Up-to-date: /home/prithiv/tentacle2/install/ros_gz_interfaces/share/ros_gz_interfaces/msg/WorldReset.idl
[0.562s] -- Up-to-date: /home/prithiv/tentacle2/install/ros_gz_interfaces/share/ros_gz_interfaces/srv/ControlWorld.idl
[0.562s] -- Up-to-date: /home/prithiv/tentacle2/install/ros_gz_interfaces/share/ros_gz_interfaces/srv/DeleteEntity.idl
[0.562s] -- Up-to-date: /home/prithiv/tentacle2/install/ros_gz_interfaces/share/ros_gz_interfaces/srv/SetEntityPose.idl
[0.562s] -- Up-to-date: /home/prithiv/tentacle2/install/ros_gz_interfaces/share/ros_gz_interfaces/srv/SpawnEntity.idl
[0.562s] -- Up-to-date: /home/prithiv/tentacle2/install/ros_gz_interfaces/share/ros_gz_interfaces/msg/Altimeter.msg
[0.563s] -- Up-to-date: /home/prithiv/tentacle2/install/ros_gz_interfaces/share/ros_gz_interfaces/msg/Contact.msg
[0.563s] -- Up-to-date: /home/prithiv/tentacle2/install/ros_gz_interfaces/share/ros_gz_interfaces/msg/Contacts.msg
[0.563s] -- Up-to-date: /home/prithiv/tentacle2/install/ros_gz_interfaces/share/ros_gz_interfaces/msg/Dataframe.msg
[0.563s] -- Up-to-date: /home/prithiv/tentacle2/install/ros_gz_interfaces/share/ros_gz_interfaces/msg/Entity.msg
[0.563s] -- Up-to-date: /home/prithiv/tentacle2/install/ros_gz_interfaces/share/ros_gz_interfaces/msg/EntityFactory.msg
[0.563s] -- Up-to-date: /home/prithiv/tentacle2/install/ros_gz_interfaces/share/ros_gz_interfaces/msg/EntityWrench.msg
[0.563s] -- Up-to-date: /home/prithiv/tentacle2/install/ros_gz_interfaces/share/ros_gz_interfaces/msg/Float32Array.msg
[0.563s] -- Up-to-date: /home/prithiv/tentacle2/install/ros_gz_interfaces/share/ros_gz_interfaces/msg/GuiCamera.msg
[0.563s] -- Up-to-date: /home/prithiv/tentacle2/install/ros_gz_interfaces/share/ros_gz_interfaces/msg/JointWrench.msg
[0.563s] -- Up-to-date: /home/prithiv/tentacle2/install/ros_gz_interfaces/share/ros_gz_interfaces/msg/Light.msg
[0.563s] -- Up-to-date: /home/prithiv/tentacle2/install/ros_gz_interfaces/share/ros_gz_interfaces/msg/MaterialColor.msg
[0.563s] -- Up-to-date: /home/prithiv/tentacle2/install/ros_gz_interfaces/share/ros_gz_interfaces/msg/ParamVec.msg
[0.563s] -- Up-to-date: /home/prithiv/tentacle2/install/ros_gz_interfaces/share/ros_gz_interfaces/msg/SensorNoise.msg
[0.563s] -- Up-to-date: /home/prithiv/tentacle2/install/ros_gz_interfaces/share/ros_gz_interfaces/msg/StringVec.msg
[0.563s] -- Up-to-date: /home/prithiv/tentacle2/install/ros_gz_interfaces/share/ros_gz_interfaces/msg/TrackVisual.msg
[0.563s] -- Up-to-date: /home/prithiv/tentacle2/install/ros_gz_interfaces/share/ros_gz_interfaces/msg/VideoRecord.msg
[0.563s] -- Up-to-date: /home/prithiv/tentacle2/install/ros_gz_interfaces/share/ros_gz_interfaces/msg/WorldControl.msg
[0.563s] -- Up-to-date: /home/prithiv/tentacle2/install/ros_gz_interfaces/share/ros_gz_interfaces/msg/WorldReset.msg
[0.563s] -- Up-to-date: /home/prithiv/tentacle2/install/ros_gz_interfaces/share/ros_gz_interfaces/srv/ControlWorld.srv
[0.563s] -- Up-to-date: /home/prithiv/tentacle2/install/ros_gz_interfaces/share/ros_gz_interfaces/srv/ControlWorld_Request.msg
[0.563s] -- Up-to-date: /home/prithiv/tentacle2/install/ros_gz_interfaces/share/ros_gz_interfaces/srv/ControlWorld_Response.msg
[0.563s] -- Up-to-date: /home/prithiv/tentacle2/install/ros_gz_interfaces/share/ros_gz_interfaces/srv/DeleteEntity.srv
[0.563s] -- Up-to-date: /home/prithiv/tentacle2/install/ros_gz_interfaces/share/ros_gz_interfaces/srv/DeleteEntity_Request.msg
[0.563s] -- Up-to-date: /home/prithiv/tentacle2/install/ros_gz_interfaces/share/ros_gz_interfaces/srv/DeleteEntity_Response.msg
[0.564s] -- Up-to-date: /home/prithiv/tentacle2/install/ros_gz_interfaces/share/ros_gz_interfaces/srv/SetEntityPose.srv
[0.564s] -- Up-to-date: /home/prithiv/tentacle2/install/ros_gz_interfaces/share/ros_gz_interfaces/srv/SetEntityPose_Request.msg
[0.564s] -- Up-to-date: /home/prithiv/tentacle2/install/ros_gz_interfaces/share/ros_gz_interfaces/srv/SetEntityPose_Response.msg
[0.564s] -- Up-to-date: /home/prithiv/tentacle2/install/ros_gz_interfaces/share/ros_gz_interfaces/srv/SpawnEntity.srv
[0.564s] -- Up-to-date: /home/prithiv/tentacle2/install/ros_gz_interfaces/share/ros_gz_interfaces/srv/SpawnEntity_Request.msg
[0.564s] -- Up-to-date: /home/prithiv/tentacle2/install/ros_gz_interfaces/share/ros_gz_interfaces/srv/SpawnEntity_Response.msg
[0.564s] -- Up-to-date: /home/prithiv/tentacle2/install/ros_gz_interfaces/share/ament_index/resource_index/package_run_dependencies/ros_gz_interfaces
[0.564s] -- Up-to-date: /home/prithiv/tentacle2/install/ros_gz_interfaces/share/ament_index/resource_index/parent_prefix_path/ros_gz_interfaces
[0.564s] -- Up-to-date: /home/prithiv/tentacle2/install/ros_gz_interfaces/share/ros_gz_interfaces/environment/ament_prefix_path.sh
[0.564s] -- Up-to-date: /home/prithiv/tentacle2/install/ros_gz_interfaces/share/ros_gz_interfaces/environment/ament_prefix_path.dsv
[0.564s] -- Up-to-date: /home/prithiv/tentacle2/install/ros_gz_interfaces/share/ros_gz_interfaces/environment/path.sh
[0.564s] -- Up-to-date: /home/prithiv/tentacle2/install/ros_gz_interfaces/share/ros_gz_interfaces/environment/path.dsv
[0.564s] -- Up-to-date: /home/prithiv/tentacle2/install/ros_gz_interfaces/share/ros_gz_interfaces/local_setup.bash
[0.564s] -- Up-to-date: /home/prithiv/tentacle2/install/ros_gz_interfaces/share/ros_gz_interfaces/local_setup.sh
[0.564s] -- Up-to-date: /home/prithiv/tentacle2/install/ros_gz_interfaces/share/ros_gz_interfaces/local_setup.zsh
[0.564s] -- Up-to-date: /home/prithiv/tentacle2/install/ros_gz_interfaces/share/ros_gz_interfaces/local_setup.dsv
[0.564s] -- Installing: /home/prithiv/tentacle2/install/ros_gz_interfaces/share/ros_gz_interfaces/package.dsv
[0.565s] -- Up-to-date: /home/prithiv/tentacle2/install/ros_gz_interfaces/share/ament_index/resource_index/packages/ros_gz_interfaces
[0.565s] -- Up-to-date: /home/prithiv/tentacle2/install/ros_gz_interfaces/share/ros_gz_interfaces/cmake/export_ros_gz_interfaces__rosidl_generator_cExport.cmake
[0.566s] -- Up-to-date: /home/prithiv/tentacle2/install/ros_gz_interfaces/share/ros_gz_interfaces/cmake/export_ros_gz_interfaces__rosidl_generator_cExport-noconfig.cmake
[0.566s] -- Up-to-date: /home/prithiv/tentacle2/install/ros_gz_interfaces/share/ros_gz_interfaces/cmake/export_ros_gz_interfaces__rosidl_typesupport_fastrtps_cExport.cmake
[0.566s] -- Up-to-date: /home/prithiv/tentacle2/install/ros_gz_interfaces/share/ros_gz_interfaces/cmake/export_ros_gz_interfaces__rosidl_typesupport_fastrtps_cExport-noconfig.cmake
[0.567s] -- Up-to-date: /home/prithiv/tentacle2/install/ros_gz_interfaces/share/ros_gz_interfaces/cmake/export_ros_gz_interfaces__rosidl_generator_cppExport.cmake
[0.567s] -- Up-to-date: /home/prithiv/tentacle2/install/ros_gz_interfaces/share/ros_gz_interfaces/cmake/export_ros_gz_interfaces__rosidl_typesupport_fastrtps_cppExport.cmake
[0.567s] -- Up-to-date: /home/prithiv/tentacle2/install/ros_gz_interfaces/share/ros_gz_interfaces/cmake/export_ros_gz_interfaces__rosidl_typesupport_fastrtps_cppExport-noconfig.cmake
[0.568s] -- Up-to-date: /home/prithiv/tentacle2/install/ros_gz_interfaces/share/ros_gz_interfaces/cmake/ros_gz_interfaces__rosidl_typesupport_introspection_cExport.cmake
[0.568s] -- Up-to-date: /home/prithiv/tentacle2/install/ros_gz_interfaces/share/ros_gz_interfaces/cmake/ros_gz_interfaces__rosidl_typesupport_introspection_cExport-noconfig.cmake
[0.569s] -- Up-to-date: /home/prithiv/tentacle2/install/ros_gz_interfaces/share/ros_gz_interfaces/cmake/ros_gz_interfaces__rosidl_typesupport_cExport.cmake
[0.569s] -- Up-to-date: /home/prithiv/tentacle2/install/ros_gz_interfaces/share/ros_gz_interfaces/cmake/ros_gz_interfaces__rosidl_typesupport_cExport-noconfig.cmake
[0.569s] -- Up-to-date: /home/prithiv/tentacle2/install/ros_gz_interfaces/share/ros_gz_interfaces/cmake/ros_gz_interfaces__rosidl_typesupport_introspection_cppExport.cmake
[0.569s] -- Up-to-date: /home/prithiv/tentacle2/install/ros_gz_interfaces/share/ros_gz_interfaces/cmake/ros_gz_interfaces__rosidl_typesupport_introspection_cppExport-noconfig.cmake
[0.570s] -- Up-to-date: /home/prithiv/tentacle2/install/ros_gz_interfaces/share/ros_gz_interfaces/cmake/ros_gz_interfaces__rosidl_typesupport_cppExport.cmake
[0.570s] -- Up-to-date: /home/prithiv/tentacle2/install/ros_gz_interfaces/share/ros_gz_interfaces/cmake/ros_gz_interfaces__rosidl_typesupport_cppExport-noconfig.cmake
[0.571s] -- Up-to-date: /home/prithiv/tentacle2/install/ros_gz_interfaces/share/ros_gz_interfaces/cmake/export_ros_gz_interfaces__rosidl_generator_pyExport.cmake
[0.571s] -- Up-to-date: /home/prithiv/tentacle2/install/ros_gz_interfaces/share/ros_gz_interfaces/cmake/export_ros_gz_interfaces__rosidl_generator_pyExport-noconfig.cmake
[0.571s] -- Up-to-date: /home/prithiv/tentacle2/install/ros_gz_interfaces/share/ros_gz_interfaces/cmake/rosidl_cmake-extras.cmake
[0.571s] -- Up-to-date: /home/prithiv/tentacle2/install/ros_gz_interfaces/share/ros_gz_interfaces/cmake/ament_cmake_export_dependencies-extras.cmake
[0.571s] -- Up-to-date: /home/prithiv/tentacle2/install/ros_gz_interfaces/share/ros_gz_interfaces/cmake/ament_cmake_export_include_directories-extras.cmake
[0.571s] -- Up-to-date: /home/prithiv/tentacle2/install/ros_gz_interfaces/share/ros_gz_interfaces/cmake/ament_cmake_export_libraries-extras.cmake
[0.571s] -- Up-to-date: /home/prithiv/tentacle2/install/ros_gz_interfaces/share/ros_gz_interfaces/cmake/ament_cmake_export_targets-extras.cmake
[0.572s] -- Up-to-date: /home/prithiv/tentacle2/install/ros_gz_interfaces/share/ros_gz_interfaces/cmake/rosidl_cmake_export_typesupport_targets-extras.cmake
[0.572s] -- Up-to-date: /home/prithiv/tentacle2/install/ros_gz_interfaces/share/ros_gz_interfaces/cmake/rosidl_cmake_export_typesupport_libraries-extras.cmake
[0.572s] -- Up-to-date: /home/prithiv/tentacle2/install/ros_gz_interfaces/share/ros_gz_interfaces/cmake/ros_gz_interfacesConfig.cmake
[0.572s] -- Up-to-date: /home/prithiv/tentacle2/install/ros_gz_interfaces/share/ros_gz_interfaces/cmake/ros_gz_interfacesConfig-version.cmake
[0.572s] -- Up-to-date: /home/prithiv/tentacle2/install/ros_gz_interfaces/share/ros_gz_interfaces/package.xml
[0.576s] Invoked command in '/home/prithiv/tentacle2/build/ros_gz_interfaces' returned '0': CMAKE_PREFIX_PATH=/opt/ros/humble /usr/bin/cmake --install /home/prithiv/tentacle2/build/ros_gz_interfaces
