/home/prithiv/tentacle2/install/tentacle_description/lib/python3.10/site-packages/tentacle_description/__init__.py
/home/prithiv/tentacle2/install/tentacle_description/lib/python3.10/site-packages/tentacle_description/__pycache__/__init__.cpython-310.pyc
/home/prithiv/tentacle2/install/tentacle_description/share/ament_index/resource_index/packages/tentacle_description
/home/prithiv/tentacle2/install/tentacle_description/share/tentacle_description/package.xml
/home/prithiv/tentacle2/install/tentacle_description/share/tentacle_description/launch/gazebo.launch.py
/home/prithiv/tentacle2/install/tentacle_description/share/tentacle_description/launch/display.launch.py
/home/prithiv/tentacle2/install/tentacle_description/share/tentacle_description/urdf/tentacle.gazebo
/home/prithiv/tentacle2/install/tentacle_description/share/tentacle_description/urdf/tentacle_gazebo.xacro
/home/prithiv/tentacle2/install/tentacle_description/share/tentacle_description/urdf/tentacle.xacro
/home/prithiv/tentacle2/install/tentacle_description/share/tentacle_description/urdf/materials.xacro
/home/prithiv/tentacle2/install/tentacle_description/share/tentacle_description/urdf/tentacle_ros2_control.xacro
/home/prithiv/tentacle2/install/tentacle_description/share/tentacle_description/meshes/forearm_1.stl
/home/prithiv/tentacle2/install/tentacle_description/share/tentacle_description/meshes/center_1.stl
/home/prithiv/tentacle2/install/tentacle_description/share/tentacle_description/meshes/gripper_right_1.stl
/home/prithiv/tentacle2/install/tentacle_description/share/tentacle_description/meshes/gripper_base_1.stl
/home/prithiv/tentacle2/install/tentacle_description/share/tentacle_description/meshes/base_link.stl
/home/prithiv/tentacle2/install/tentacle_description/share/tentacle_description/meshes/gripper_left_1.stl
/home/prithiv/tentacle2/install/tentacle_description/share/tentacle_description/meshes/arm_1.stl
/home/prithiv/tentacle2/install/tentacle_description/share/tentacle_description/config/gazebo.rviz
/home/prithiv/tentacle2/install/tentacle_description/share/tentacle_description/config/ros_gz_bridge_gazebo.yaml
/home/prithiv/tentacle2/install/tentacle_description/share/tentacle_description/config/display.rviz
/home/prithiv/tentacle2/install/tentacle_description/lib/python3.10/site-packages/tentacle_description-0.0.0-py3.10.egg-info/entry_points.txt
/home/prithiv/tentacle2/install/tentacle_description/lib/python3.10/site-packages/tentacle_description-0.0.0-py3.10.egg-info/SOURCES.txt
/home/prithiv/tentacle2/install/tentacle_description/lib/python3.10/site-packages/tentacle_description-0.0.0-py3.10.egg-info/dependency_links.txt
/home/prithiv/tentacle2/install/tentacle_description/lib/python3.10/site-packages/tentacle_description-0.0.0-py3.10.egg-info/top_level.txt
/home/prithiv/tentacle2/install/tentacle_description/lib/python3.10/site-packages/tentacle_description-0.0.0-py3.10.egg-info/zip-safe
/home/prithiv/tentacle2/install/tentacle_description/lib/python3.10/site-packages/tentacle_description-0.0.0-py3.10.egg-info/PKG-INFO
/home/prithiv/tentacle2/install/tentacle_description/lib/python3.10/site-packages/tentacle_description-0.0.0-py3.10.egg-info/requires.txt
