[0.058s] DEBUG:colcon:Command line arguments: ['/usr/bin/colcon', 'build']
[0.058s] DEBUG:colcon:Parsed command line arguments: Namespace(log_base=None, log_level=None, verb_name='build', build_base='build', install_base='install', merge_install=False, symlink_install=False, test_result_base=None, continue_on_error=False, executor='parallel', parallel_workers=12, event_handlers=None, ignore_user_meta=False, metas=['./colcon.meta'], base_paths=['.'], packages_ignore=None, packages_ignore_regex=None, paths=None, packages_up_to=None, packages_up_to_regex=None, packages_above=None, packages_above_and_dependencies=None, packages_above_depth=None, packages_select_by_dep=None, packages_skip_by_dep=None, packages_skip_up_to=None, packages_select_build_failed=False, packages_skip_build_finished=False, packages_select_test_failures=False, packages_skip_test_passed=False, packages_select=None, packages_skip=None, packages_select_regex=None, packages_skip_regex=None, packages_start=None, packages_end=None, allow_overriding=[], cmake_args=None, cmake_target=None, cmake_target_skip_unavailable=False, cmake_clean_cache=False, cmake_clean_first=False, cmake_force_configure=False, ament_cmake_args=None, catkin_cmake_args=None, catkin_skip_building_tests=False, mixin_files=None, mixin=None, verb_parser=<colcon_mixin.mixin.mixin_argument.MixinArgumentDecorator object at 0x71a39f75e0b0>, verb_extension=<colcon_core.verb.build.BuildVerb object at 0x71a39f8db610>, main=<bound method BuildVerb.main of <colcon_core.verb.build.BuildVerb object at 0x71a39f8db610>>, mixin_verb=('build',))
[0.147s] Level 1:colcon.colcon_core.package_discovery:discover_packages(colcon_meta) check parameters
[0.147s] Level 1:colcon.colcon_core.package_discovery:discover_packages(recursive) check parameters
[0.147s] Level 1:colcon.colcon_core.package_discovery:discover_packages(ignore) check parameters
[0.147s] Level 1:colcon.colcon_core.package_discovery:discover_packages(path) check parameters
[0.147s] Level 1:colcon.colcon_core.package_discovery:discover_packages(colcon_meta) discover
[0.147s] Level 1:colcon.colcon_core.package_discovery:discover_packages(recursive) discover
[0.147s] INFO:colcon.colcon_core.package_discovery:Crawling recursively for packages in '/home/prithiv/tentacle2'
[0.147s] Level 1:colcon.colcon_core.package_identification:_identify(.) by extensions ['ignore', 'ignore_ament_install']
[0.147s] Level 1:colcon.colcon_core.package_identification:_identify(.) by extension 'ignore'
[0.147s] Level 1:colcon.colcon_core.package_identification:_identify(.) by extension 'ignore_ament_install'
[0.147s] Level 1:colcon.colcon_core.package_identification:_identify(.) by extensions ['colcon_pkg']
[0.147s] Level 1:colcon.colcon_core.package_identification:_identify(.) by extension 'colcon_pkg'
[0.147s] Level 1:colcon.colcon_core.package_identification:_identify(.) by extensions ['colcon_meta']
[0.147s] Level 1:colcon.colcon_core.package_identification:_identify(.) by extension 'colcon_meta'
[0.147s] Level 1:colcon.colcon_core.package_identification:_identify(.) by extensions ['ros']
[0.147s] Level 1:colcon.colcon_core.package_identification:_identify(.) by extension 'ros'
[0.154s] Level 1:colcon.colcon_core.package_identification:_identify(.) by extensions ['cmake', 'python']
[0.154s] Level 1:colcon.colcon_core.package_identification:_identify(.) by extension 'cmake'
[0.154s] Level 1:colcon.colcon_core.package_identification:_identify(.) by extension 'python'
[0.154s] Level 1:colcon.colcon_core.package_identification:_identify(.) by extensions ['python_setup_py']
[0.154s] Level 1:colcon.colcon_core.package_identification:_identify(.) by extension 'python_setup_py'
[0.154s] Level 1:colcon.colcon_core.package_identification:_identify(build) by extensions ['ignore', 'ignore_ament_install']
[0.154s] Level 1:colcon.colcon_core.package_identification:_identify(build) by extension 'ignore'
[0.154s] Level 1:colcon.colcon_core.package_identification:_identify(build) ignored
[0.154s] Level 1:colcon.colcon_core.package_identification:_identify(install) by extensions ['ignore', 'ignore_ament_install']
[0.154s] Level 1:colcon.colcon_core.package_identification:_identify(install) by extension 'ignore'
[0.154s] Level 1:colcon.colcon_core.package_identification:_identify(install) ignored
[0.154s] Level 1:colcon.colcon_core.package_identification:_identify(log) by extensions ['ignore', 'ignore_ament_install']
[0.154s] Level 1:colcon.colcon_core.package_identification:_identify(log) by extension 'ignore'
[0.154s] Level 1:colcon.colcon_core.package_identification:_identify(log) ignored
[0.154s] Level 1:colcon.colcon_core.package_identification:_identify(src) by extensions ['ignore', 'ignore_ament_install']
[0.154s] Level 1:colcon.colcon_core.package_identification:_identify(src) by extension 'ignore'
[0.155s] Level 1:colcon.colcon_core.package_identification:_identify(src) by extension 'ignore_ament_install'
[0.155s] Level 1:colcon.colcon_core.package_identification:_identify(src) by extensions ['colcon_pkg']
[0.155s] Level 1:colcon.colcon_core.package_identification:_identify(src) by extension 'colcon_pkg'
[0.155s] Level 1:colcon.colcon_core.package_identification:_identify(src) by extensions ['colcon_meta']
[0.155s] Level 1:colcon.colcon_core.package_identification:_identify(src) by extension 'colcon_meta'
[0.155s] Level 1:colcon.colcon_core.package_identification:_identify(src) by extensions ['ros']
[0.155s] Level 1:colcon.colcon_core.package_identification:_identify(src) by extension 'ros'
[0.155s] Level 1:colcon.colcon_core.package_identification:_identify(src) by extensions ['cmake', 'python']
[0.155s] Level 1:colcon.colcon_core.package_identification:_identify(src) by extension 'cmake'
[0.155s] Level 1:colcon.colcon_core.package_identification:_identify(src) by extension 'python'
[0.155s] Level 1:colcon.colcon_core.package_identification:_identify(src) by extensions ['python_setup_py']
[0.155s] Level 1:colcon.colcon_core.package_identification:_identify(src) by extension 'python_setup_py'
[0.155s] Level 1:colcon.colcon_core.package_identification:_identify(src/tentacle_controller) by extensions ['ignore', 'ignore_ament_install']
[0.155s] Level 1:colcon.colcon_core.package_identification:_identify(src/tentacle_controller) by extension 'ignore'
[0.155s] Level 1:colcon.colcon_core.package_identification:_identify(src/tentacle_controller) by extension 'ignore_ament_install'
[0.155s] Level 1:colcon.colcon_core.package_identification:_identify(src/tentacle_controller) by extensions ['colcon_pkg']
[0.155s] Level 1:colcon.colcon_core.package_identification:_identify(src/tentacle_controller) by extension 'colcon_pkg'
[0.155s] Level 1:colcon.colcon_core.package_identification:_identify(src/tentacle_controller) by extensions ['colcon_meta']
[0.155s] Level 1:colcon.colcon_core.package_identification:_identify(src/tentacle_controller) by extension 'colcon_meta'
[0.155s] Level 1:colcon.colcon_core.package_identification:_identify(src/tentacle_controller) by extensions ['ros']
[0.155s] Level 1:colcon.colcon_core.package_identification:_identify(src/tentacle_controller) by extension 'ros'
[0.157s] DEBUG:colcon.colcon_core.package_identification:Package 'src/tentacle_controller' with type 'ros.ament_cmake' and name 'tentacle_controller'
[0.157s] Level 1:colcon.colcon_core.package_identification:_identify(src/tentacle_description) by extensions ['ignore', 'ignore_ament_install']
[0.157s] Level 1:colcon.colcon_core.package_identification:_identify(src/tentacle_description) by extension 'ignore'
[0.157s] Level 1:colcon.colcon_core.package_identification:_identify(src/tentacle_description) by extension 'ignore_ament_install'
[0.157s] Level 1:colcon.colcon_core.package_identification:_identify(src/tentacle_description) by extensions ['colcon_pkg']
[0.157s] Level 1:colcon.colcon_core.package_identification:_identify(src/tentacle_description) by extension 'colcon_pkg'
[0.157s] Level 1:colcon.colcon_core.package_identification:_identify(src/tentacle_description) by extensions ['colcon_meta']
[0.157s] Level 1:colcon.colcon_core.package_identification:_identify(src/tentacle_description) by extension 'colcon_meta'
[0.157s] Level 1:colcon.colcon_core.package_identification:_identify(src/tentacle_description) by extensions ['ros']
[0.157s] Level 1:colcon.colcon_core.package_identification:_identify(src/tentacle_description) by extension 'ros'
[0.159s] DEBUG:colcon.colcon_core.package_identification:Package 'src/tentacle_description' with type 'ros.ament_python' and name 'tentacle_description'
[0.159s] Level 1:colcon.colcon_core.package_identification:_identify(src/tentacle_moveit) by extensions ['ignore', 'ignore_ament_install']
[0.159s] Level 1:colcon.colcon_core.package_identification:_identify(src/tentacle_moveit) by extension 'ignore'
[0.159s] Level 1:colcon.colcon_core.package_identification:_identify(src/tentacle_moveit) by extension 'ignore_ament_install'
[0.159s] Level 1:colcon.colcon_core.package_identification:_identify(src/tentacle_moveit) by extensions ['colcon_pkg']
[0.159s] Level 1:colcon.colcon_core.package_identification:_identify(src/tentacle_moveit) by extension 'colcon_pkg'
[0.159s] Level 1:colcon.colcon_core.package_identification:_identify(src/tentacle_moveit) by extensions ['colcon_meta']
[0.160s] Level 1:colcon.colcon_core.package_identification:_identify(src/tentacle_moveit) by extension 'colcon_meta'
[0.160s] Level 1:colcon.colcon_core.package_identification:_identify(src/tentacle_moveit) by extensions ['ros']
[0.160s] Level 1:colcon.colcon_core.package_identification:_identify(src/tentacle_moveit) by extension 'ros'
[0.166s] DEBUG:colcon.colcon_core.package_identification:Package 'src/tentacle_moveit' with type 'ros.ament_cmake' and name 'tentacle_moveit'
[0.166s] Level 1:colcon.colcon_core.package_discovery:discover_packages(recursive) using defaults
[0.166s] Level 1:colcon.colcon_core.package_discovery:discover_packages(ignore) discover
[0.166s] Level 1:colcon.colcon_core.package_discovery:discover_packages(ignore) using defaults
[0.166s] Level 1:colcon.colcon_core.package_discovery:discover_packages(path) discover
[0.166s] Level 1:colcon.colcon_core.package_discovery:discover_packages(path) using defaults
[0.177s] Level 1:colcon.colcon_core.package_discovery:discover_packages(prefix_path) check parameters
[0.177s] Level 1:colcon.colcon_core.package_discovery:discover_packages(prefix_path) discover
[0.179s] DEBUG:colcon.colcon_installed_package_information.package_discovery:Found 391 installed packages in /opt/ros/humble
[0.180s] Level 1:colcon.colcon_core.package_discovery:discover_packages(prefix_path) using defaults
[0.203s] Level 5:colcon.colcon_core.verb:set package 'tentacle_description' build argument 'cmake_args' from command line to 'None'
[0.204s] Level 5:colcon.colcon_core.verb:set package 'tentacle_description' build argument 'cmake_target' from command line to 'None'
[0.204s] Level 5:colcon.colcon_core.verb:set package 'tentacle_description' build argument 'cmake_target_skip_unavailable' from command line to 'False'
[0.204s] Level 5:colcon.colcon_core.verb:set package 'tentacle_description' build argument 'cmake_clean_cache' from command line to 'False'
[0.204s] Level 5:colcon.colcon_core.verb:set package 'tentacle_description' build argument 'cmake_clean_first' from command line to 'False'
[0.204s] Level 5:colcon.colcon_core.verb:set package 'tentacle_description' build argument 'cmake_force_configure' from command line to 'False'
[0.204s] Level 5:colcon.colcon_core.verb:set package 'tentacle_description' build argument 'ament_cmake_args' from command line to 'None'
[0.204s] Level 5:colcon.colcon_core.verb:set package 'tentacle_description' build argument 'catkin_cmake_args' from command line to 'None'
[0.204s] Level 5:colcon.colcon_core.verb:set package 'tentacle_description' build argument 'catkin_skip_building_tests' from command line to 'False'
[0.204s] DEBUG:colcon.colcon_core.verb:Building package 'tentacle_description' with the following arguments: {'ament_cmake_args': None, 'build_base': '/home/prithiv/tentacle2/build/tentacle_description', 'catkin_cmake_args': None, 'catkin_skip_building_tests': False, 'cmake_args': None, 'cmake_clean_cache': False, 'cmake_clean_first': False, 'cmake_force_configure': False, 'cmake_target': None, 'cmake_target_skip_unavailable': False, 'install_base': '/home/prithiv/tentacle2/install/tentacle_description', 'merge_install': False, 'path': '/home/prithiv/tentacle2/src/tentacle_description', 'symlink_install': False, 'test_result_base': None}
[0.204s] Level 5:colcon.colcon_core.verb:set package 'tentacle_moveit' build argument 'cmake_args' from command line to 'None'
[0.204s] Level 5:colcon.colcon_core.verb:set package 'tentacle_moveit' build argument 'cmake_target' from command line to 'None'
[0.204s] Level 5:colcon.colcon_core.verb:set package 'tentacle_moveit' build argument 'cmake_target_skip_unavailable' from command line to 'False'
[0.204s] Level 5:colcon.colcon_core.verb:set package 'tentacle_moveit' build argument 'cmake_clean_cache' from command line to 'False'
[0.204s] Level 5:colcon.colcon_core.verb:set package 'tentacle_moveit' build argument 'cmake_clean_first' from command line to 'False'
[0.204s] Level 5:colcon.colcon_core.verb:set package 'tentacle_moveit' build argument 'cmake_force_configure' from command line to 'False'
[0.204s] Level 5:colcon.colcon_core.verb:set package 'tentacle_moveit' build argument 'ament_cmake_args' from command line to 'None'
[0.204s] Level 5:colcon.colcon_core.verb:set package 'tentacle_moveit' build argument 'catkin_cmake_args' from command line to 'None'
[0.204s] Level 5:colcon.colcon_core.verb:set package 'tentacle_moveit' build argument 'catkin_skip_building_tests' from command line to 'False'
[0.204s] DEBUG:colcon.colcon_core.verb:Building package 'tentacle_moveit' with the following arguments: {'ament_cmake_args': None, 'build_base': '/home/prithiv/tentacle2/build/tentacle_moveit', 'catkin_cmake_args': None, 'catkin_skip_building_tests': False, 'cmake_args': None, 'cmake_clean_cache': False, 'cmake_clean_first': False, 'cmake_force_configure': False, 'cmake_target': None, 'cmake_target_skip_unavailable': False, 'install_base': '/home/prithiv/tentacle2/install/tentacle_moveit', 'merge_install': False, 'path': '/home/prithiv/tentacle2/src/tentacle_moveit', 'symlink_install': False, 'test_result_base': None}
[0.204s] Level 5:colcon.colcon_core.verb:set package 'tentacle_controller' build argument 'cmake_args' from command line to 'None'
[0.204s] Level 5:colcon.colcon_core.verb:set package 'tentacle_controller' build argument 'cmake_target' from command line to 'None'
[0.204s] Level 5:colcon.colcon_core.verb:set package 'tentacle_controller' build argument 'cmake_target_skip_unavailable' from command line to 'False'
[0.204s] Level 5:colcon.colcon_core.verb:set package 'tentacle_controller' build argument 'cmake_clean_cache' from command line to 'False'
[0.204s] Level 5:colcon.colcon_core.verb:set package 'tentacle_controller' build argument 'cmake_clean_first' from command line to 'False'
[0.204s] Level 5:colcon.colcon_core.verb:set package 'tentacle_controller' build argument 'cmake_force_configure' from command line to 'False'
[0.204s] Level 5:colcon.colcon_core.verb:set package 'tentacle_controller' build argument 'ament_cmake_args' from command line to 'None'
[0.204s] Level 5:colcon.colcon_core.verb:set package 'tentacle_controller' build argument 'catkin_cmake_args' from command line to 'None'
[0.204s] Level 5:colcon.colcon_core.verb:set package 'tentacle_controller' build argument 'catkin_skip_building_tests' from command line to 'False'
[0.204s] DEBUG:colcon.colcon_core.verb:Building package 'tentacle_controller' with the following arguments: {'ament_cmake_args': None, 'build_base': '/home/prithiv/tentacle2/build/tentacle_controller', 'catkin_cmake_args': None, 'catkin_skip_building_tests': False, 'cmake_args': None, 'cmake_clean_cache': False, 'cmake_clean_first': False, 'cmake_force_configure': False, 'cmake_target': None, 'cmake_target_skip_unavailable': False, 'install_base': '/home/prithiv/tentacle2/install/tentacle_controller', 'merge_install': False, 'path': '/home/prithiv/tentacle2/src/tentacle_controller', 'symlink_install': False, 'test_result_base': None}
[0.204s] INFO:colcon.colcon_core.executor:Executing jobs using 'parallel' executor
[0.205s] DEBUG:colcon.colcon_parallel_executor.executor.parallel:run_until_complete
[0.205s] INFO:colcon.colcon_ros.task.ament_python.build:Building ROS package in '/home/prithiv/tentacle2/src/tentacle_description' with build type 'ament_python'
[0.205s] Level 1:colcon.colcon_core.shell:create_environment_hook('tentacle_description', 'ament_prefix_path')
[0.206s] INFO:colcon.colcon_core.plugin_system:Skipping extension 'colcon_core.shell.bat': Not used on non-Windows systems
[0.206s] INFO:colcon.colcon_core.shell:Creating environment hook '/home/prithiv/tentacle2/install/tentacle_description/share/tentacle_description/hook/ament_prefix_path.ps1'
[0.207s] INFO:colcon.colcon_core.shell:Creating environment descriptor '/home/prithiv/tentacle2/install/tentacle_description/share/tentacle_description/hook/ament_prefix_path.dsv'
[0.207s] INFO:colcon.colcon_core.shell:Creating environment hook '/home/prithiv/tentacle2/install/tentacle_description/share/tentacle_description/hook/ament_prefix_path.sh'
[0.207s] INFO:colcon.colcon_core.shell:Skip shell extension 'powershell' for command environment: Not usable outside of PowerShell
[0.207s] DEBUG:colcon.colcon_core.shell:Skip shell extension 'dsv' for command environment
[0.209s] INFO:colcon.colcon_ros.task.ament_cmake.build:Building ROS package in '/home/prithiv/tentacle2/src/tentacle_moveit' with build type 'ament_cmake'
[0.209s] INFO:colcon.colcon_cmake.task.cmake.build:Building CMake package in '/home/prithiv/tentacle2/src/tentacle_moveit'
[0.209s] INFO:colcon.colcon_core.shell:Skip shell extension 'powershell' for command environment: Not usable outside of PowerShell
[0.209s] DEBUG:colcon.colcon_core.shell:Skip shell extension 'dsv' for command environment
[0.352s] INFO:colcon.colcon_core.task.python.build:Building Python package in '/home/prithiv/tentacle2/src/tentacle_description'
[0.352s] INFO:colcon.colcon_core.shell:Skip shell extension 'powershell' for command environment: Not usable outside of PowerShell
[0.352s] DEBUG:colcon.colcon_core.shell:Skip shell extension 'dsv' for command environment
[0.356s] DEBUG:colcon.colcon_core.event_handler.log_command:Invoking command in '/home/prithiv/tentacle2/build/tentacle_moveit': CMAKE_PREFIX_PATH=/opt/ros/humble /usr/bin/cmake --build /home/prithiv/tentacle2/build/tentacle_moveit -- -j12 -l12
[0.376s] DEBUG:colcon.colcon_core.event_handler.log_command:Invoked command in '/home/prithiv/tentacle2/build/tentacle_moveit' returned '0': CMAKE_PREFIX_PATH=/opt/ros/humble /usr/bin/cmake --build /home/prithiv/tentacle2/build/tentacle_moveit -- -j12 -l12
[0.382s] DEBUG:colcon.colcon_core.event_handler.log_command:Invoking command in '/home/prithiv/tentacle2/build/tentacle_moveit': CMAKE_PREFIX_PATH=/opt/ros/humble /usr/bin/cmake --install /home/prithiv/tentacle2/build/tentacle_moveit
[0.387s] Level 1:colcon.colcon_core.environment:create_environment_scripts_only(tentacle_moveit)
[0.387s] DEBUG:colcon.colcon_core.event_handler.log_command:Invoked command in '/home/prithiv/tentacle2/build/tentacle_moveit' returned '0': CMAKE_PREFIX_PATH=/opt/ros/humble /usr/bin/cmake --install /home/prithiv/tentacle2/build/tentacle_moveit
[0.389s] Level 1:colcon.colcon_core.environment:checking '/home/prithiv/tentacle2/install/tentacle_moveit' for CMake module files
[0.389s] Level 1:colcon.colcon_core.environment:checking '/home/prithiv/tentacle2/install/tentacle_moveit' for CMake config files
[0.389s] Level 1:colcon.colcon_core.shell:create_environment_hook('tentacle_moveit', 'cmake_prefix_path')
[0.390s] INFO:colcon.colcon_core.shell:Creating environment hook '/home/prithiv/tentacle2/install/tentacle_moveit/share/tentacle_moveit/hook/cmake_prefix_path.ps1'
[0.390s] INFO:colcon.colcon_core.shell:Creating environment descriptor '/home/prithiv/tentacle2/install/tentacle_moveit/share/tentacle_moveit/hook/cmake_prefix_path.dsv'
[0.390s] INFO:colcon.colcon_core.shell:Creating environment hook '/home/prithiv/tentacle2/install/tentacle_moveit/share/tentacle_moveit/hook/cmake_prefix_path.sh'
[0.391s] Level 1:colcon.colcon_core.environment:checking '/home/prithiv/tentacle2/install/tentacle_moveit/bin'
[0.391s] Level 1:colcon.colcon_core.environment:checking '/home/prithiv/tentacle2/install/tentacle_moveit/lib/pkgconfig/tentacle_moveit.pc'
[0.391s] Level 1:colcon.colcon_core.environment:checking '/home/prithiv/tentacle2/install/tentacle_moveit/lib/python3.10/site-packages'
[0.391s] Level 1:colcon.colcon_core.environment:checking '/home/prithiv/tentacle2/install/tentacle_moveit/bin'
[0.392s] INFO:colcon.colcon_core.shell:Creating package script '/home/prithiv/tentacle2/install/tentacle_moveit/share/tentacle_moveit/package.ps1'
[0.392s] INFO:colcon.colcon_core.shell:Creating package descriptor '/home/prithiv/tentacle2/install/tentacle_moveit/share/tentacle_moveit/package.dsv'
[0.393s] INFO:colcon.colcon_core.shell:Creating package script '/home/prithiv/tentacle2/install/tentacle_moveit/share/tentacle_moveit/package.sh'
[0.393s] INFO:colcon.colcon_core.shell:Creating package script '/home/prithiv/tentacle2/install/tentacle_moveit/share/tentacle_moveit/package.bash'
[0.394s] INFO:colcon.colcon_core.shell:Creating package script '/home/prithiv/tentacle2/install/tentacle_moveit/share/tentacle_moveit/package.zsh'
[0.395s] Level 1:colcon.colcon_core.environment:create_file_with_runtime_dependencies(/home/prithiv/tentacle2/install/tentacle_moveit/share/colcon-core/packages/tentacle_moveit)
[0.395s] Level 1:colcon.colcon_core.environment:create_environment_scripts_only(tentacle_moveit)
[0.395s] Level 1:colcon.colcon_core.environment:checking '/home/prithiv/tentacle2/install/tentacle_moveit' for CMake module files
[0.396s] Level 1:colcon.colcon_core.environment:checking '/home/prithiv/tentacle2/install/tentacle_moveit' for CMake config files
[0.396s] Level 1:colcon.colcon_core.shell:create_environment_hook('tentacle_moveit', 'cmake_prefix_path')
[0.396s] INFO:colcon.colcon_core.shell:Creating environment hook '/home/prithiv/tentacle2/install/tentacle_moveit/share/tentacle_moveit/hook/cmake_prefix_path.ps1'
[0.396s] INFO:colcon.colcon_core.shell:Creating environment descriptor '/home/prithiv/tentacle2/install/tentacle_moveit/share/tentacle_moveit/hook/cmake_prefix_path.dsv'
[0.396s] INFO:colcon.colcon_core.shell:Creating environment hook '/home/prithiv/tentacle2/install/tentacle_moveit/share/tentacle_moveit/hook/cmake_prefix_path.sh'
[0.397s] Level 1:colcon.colcon_core.environment:checking '/home/prithiv/tentacle2/install/tentacle_moveit/bin'
[0.397s] Level 1:colcon.colcon_core.environment:checking '/home/prithiv/tentacle2/install/tentacle_moveit/lib/pkgconfig/tentacle_moveit.pc'
[0.397s] Level 1:colcon.colcon_core.environment:checking '/home/prithiv/tentacle2/install/tentacle_moveit/lib/python3.10/site-packages'
[0.397s] Level 1:colcon.colcon_core.environment:checking '/home/prithiv/tentacle2/install/tentacle_moveit/bin'
[0.397s] INFO:colcon.colcon_core.shell:Creating package script '/home/prithiv/tentacle2/install/tentacle_moveit/share/tentacle_moveit/package.ps1'
[0.398s] INFO:colcon.colcon_core.shell:Creating package descriptor '/home/prithiv/tentacle2/install/tentacle_moveit/share/tentacle_moveit/package.dsv'
[0.398s] INFO:colcon.colcon_core.shell:Creating package script '/home/prithiv/tentacle2/install/tentacle_moveit/share/tentacle_moveit/package.sh'
[0.398s] INFO:colcon.colcon_core.shell:Creating package script '/home/prithiv/tentacle2/install/tentacle_moveit/share/tentacle_moveit/package.bash'
[0.398s] INFO:colcon.colcon_core.shell:Creating package script '/home/prithiv/tentacle2/install/tentacle_moveit/share/tentacle_moveit/package.zsh'
[0.399s] Level 1:colcon.colcon_core.environment:create_file_with_runtime_dependencies(/home/prithiv/tentacle2/install/tentacle_moveit/share/colcon-core/packages/tentacle_moveit)
[0.558s] DEBUG:colcon.colcon_core.event_handler.log_command:Invoking command in '/home/prithiv/tentacle2/src/tentacle_description': PYTHONPATH=/home/prithiv/tentacle2/build/tentacle_description/prefix_override:/usr/lib/python3/dist-packages/colcon_core/task/python/colcon_distutils_commands:/home/prithiv/tentacle2/install/tentacle_description/lib/python3.10/site-packages:${PYTHONPATH} /usr/bin/python3 -W ignore:setup.py install is deprecated -W ignore:easy_install command is deprecated setup.py egg_info --egg-base ../../build/tentacle_description build --build-base /home/prithiv/tentacle2/build/tentacle_description/build install --record /home/prithiv/tentacle2/build/tentacle_description/install.log --single-version-externally-managed install_data
[0.743s] Level 1:colcon.colcon_core.environment:checking '/home/prithiv/tentacle2/install/tentacle_description' for CMake module files
[0.744s] DEBUG:colcon.colcon_core.event_handler.log_command:Invoked command in '/home/prithiv/tentacle2/src/tentacle_description' returned '0': PYTHONPATH=/home/prithiv/tentacle2/build/tentacle_description/prefix_override:/usr/lib/python3/dist-packages/colcon_core/task/python/colcon_distutils_commands:/home/prithiv/tentacle2/install/tentacle_description/lib/python3.10/site-packages:${PYTHONPATH} /usr/bin/python3 -W ignore:setup.py install is deprecated -W ignore:easy_install command is deprecated setup.py egg_info --egg-base ../../build/tentacle_description build --build-base /home/prithiv/tentacle2/build/tentacle_description/build install --record /home/prithiv/tentacle2/build/tentacle_description/install.log --single-version-externally-managed install_data
[0.744s] Level 1:colcon.colcon_core.environment:checking '/home/prithiv/tentacle2/install/tentacle_description' for CMake config files
[0.744s] Level 1:colcon.colcon_core.environment:checking '/home/prithiv/tentacle2/install/tentacle_description/lib'
[0.744s] Level 1:colcon.colcon_core.environment:checking '/home/prithiv/tentacle2/install/tentacle_description/bin'
[0.744s] Level 1:colcon.colcon_core.environment:checking '/home/prithiv/tentacle2/install/tentacle_description/lib/pkgconfig/tentacle_description.pc'
[0.744s] Level 1:colcon.colcon_core.environment:checking '/home/prithiv/tentacle2/install/tentacle_description/lib/python3.10/site-packages'
[0.745s] Level 1:colcon.colcon_core.shell:create_environment_hook('tentacle_description', 'pythonpath')
[0.745s] INFO:colcon.colcon_core.shell:Creating environment hook '/home/prithiv/tentacle2/install/tentacle_description/share/tentacle_description/hook/pythonpath.ps1'
[0.745s] INFO:colcon.colcon_core.shell:Creating environment descriptor '/home/prithiv/tentacle2/install/tentacle_description/share/tentacle_description/hook/pythonpath.dsv'
[0.745s] INFO:colcon.colcon_core.shell:Creating environment hook '/home/prithiv/tentacle2/install/tentacle_description/share/tentacle_description/hook/pythonpath.sh'
[0.746s] Level 1:colcon.colcon_core.environment:checking '/home/prithiv/tentacle2/install/tentacle_description/bin'
[0.746s] Level 1:colcon.colcon_core.environment:create_environment_scripts_only(tentacle_description)
[0.746s] INFO:colcon.colcon_core.shell:Creating package script '/home/prithiv/tentacle2/install/tentacle_description/share/tentacle_description/package.ps1'
[0.746s] INFO:colcon.colcon_core.shell:Creating package descriptor '/home/prithiv/tentacle2/install/tentacle_description/share/tentacle_description/package.dsv'
[0.747s] INFO:colcon.colcon_core.shell:Creating package script '/home/prithiv/tentacle2/install/tentacle_description/share/tentacle_description/package.sh'
[0.747s] INFO:colcon.colcon_core.shell:Creating package script '/home/prithiv/tentacle2/install/tentacle_description/share/tentacle_description/package.bash'
[0.747s] INFO:colcon.colcon_core.shell:Creating package script '/home/prithiv/tentacle2/install/tentacle_description/share/tentacle_description/package.zsh'
[0.747s] Level 1:colcon.colcon_core.environment:create_file_with_runtime_dependencies(/home/prithiv/tentacle2/install/tentacle_description/share/colcon-core/packages/tentacle_description)
[0.748s] INFO:colcon.colcon_ros.task.ament_cmake.build:Building ROS package in '/home/prithiv/tentacle2/src/tentacle_controller' with build type 'ament_cmake'
[0.748s] INFO:colcon.colcon_cmake.task.cmake.build:Building CMake package in '/home/prithiv/tentacle2/src/tentacle_controller'
[0.748s] INFO:colcon.colcon_core.shell:Skip shell extension 'powershell' for command environment: Not usable outside of PowerShell
[0.748s] DEBUG:colcon.colcon_core.shell:Skip shell extension 'dsv' for command environment
[0.752s] DEBUG:colcon.colcon_core.event_handler.log_command:Invoking command in '/home/prithiv/tentacle2/build/tentacle_controller': AMENT_PREFIX_PATH=/home/prithiv/tentacle2/install/tentacle_description:${AMENT_PREFIX_PATH} CMAKE_PREFIX_PATH=/opt/ros/humble PYTHONPATH=/home/prithiv/tentacle2/install/tentacle_description/lib/python3.10/site-packages:${PYTHONPATH} /usr/bin/cmake --build /home/prithiv/tentacle2/build/tentacle_controller -- -j12 -l12
[0.776s] DEBUG:colcon.colcon_core.event_handler.log_command:Invoked command in '/home/prithiv/tentacle2/build/tentacle_controller' returned '0': AMENT_PREFIX_PATH=/home/prithiv/tentacle2/install/tentacle_description:${AMENT_PREFIX_PATH} CMAKE_PREFIX_PATH=/opt/ros/humble PYTHONPATH=/home/prithiv/tentacle2/install/tentacle_description/lib/python3.10/site-packages:${PYTHONPATH} /usr/bin/cmake --build /home/prithiv/tentacle2/build/tentacle_controller -- -j12 -l12
[0.777s] DEBUG:colcon.colcon_core.event_handler.log_command:Invoking command in '/home/prithiv/tentacle2/build/tentacle_controller': AMENT_PREFIX_PATH=/home/prithiv/tentacle2/install/tentacle_description:${AMENT_PREFIX_PATH} CMAKE_PREFIX_PATH=/opt/ros/humble PYTHONPATH=/home/prithiv/tentacle2/install/tentacle_description/lib/python3.10/site-packages:${PYTHONPATH} /usr/bin/cmake --install /home/prithiv/tentacle2/build/tentacle_controller
[0.783s] Level 1:colcon.colcon_core.environment:create_environment_scripts_only(tentacle_controller)
[0.783s] DEBUG:colcon.colcon_core.event_handler.log_command:Invoked command in '/home/prithiv/tentacle2/build/tentacle_controller' returned '0': AMENT_PREFIX_PATH=/home/prithiv/tentacle2/install/tentacle_description:${AMENT_PREFIX_PATH} CMAKE_PREFIX_PATH=/opt/ros/humble PYTHONPATH=/home/prithiv/tentacle2/install/tentacle_description/lib/python3.10/site-packages:${PYTHONPATH} /usr/bin/cmake --install /home/prithiv/tentacle2/build/tentacle_controller
[0.784s] Level 1:colcon.colcon_core.environment:checking '/home/prithiv/tentacle2/install/tentacle_controller' for CMake module files
[0.784s] Level 1:colcon.colcon_core.environment:checking '/home/prithiv/tentacle2/install/tentacle_controller' for CMake config files
[0.785s] Level 1:colcon.colcon_core.shell:create_environment_hook('tentacle_controller', 'cmake_prefix_path')
[0.785s] INFO:colcon.colcon_core.shell:Creating environment hook '/home/prithiv/tentacle2/install/tentacle_controller/share/tentacle_controller/hook/cmake_prefix_path.ps1'
[0.785s] INFO:colcon.colcon_core.shell:Creating environment descriptor '/home/prithiv/tentacle2/install/tentacle_controller/share/tentacle_controller/hook/cmake_prefix_path.dsv'
[0.785s] INFO:colcon.colcon_core.shell:Creating environment hook '/home/prithiv/tentacle2/install/tentacle_controller/share/tentacle_controller/hook/cmake_prefix_path.sh'
[0.786s] Level 1:colcon.colcon_core.environment:checking '/home/prithiv/tentacle2/install/tentacle_controller/bin'
[0.786s] Level 1:colcon.colcon_core.environment:checking '/home/prithiv/tentacle2/install/tentacle_controller/lib/pkgconfig/tentacle_controller.pc'
[0.786s] Level 1:colcon.colcon_core.environment:checking '/home/prithiv/tentacle2/install/tentacle_controller/lib/python3.10/site-packages'
[0.786s] Level 1:colcon.colcon_core.environment:checking '/home/prithiv/tentacle2/install/tentacle_controller/bin'
[0.787s] INFO:colcon.colcon_core.shell:Creating package script '/home/prithiv/tentacle2/install/tentacle_controller/share/tentacle_controller/package.ps1'
[0.787s] INFO:colcon.colcon_core.shell:Creating package descriptor '/home/prithiv/tentacle2/install/tentacle_controller/share/tentacle_controller/package.dsv'
[0.787s] INFO:colcon.colcon_core.shell:Creating package script '/home/prithiv/tentacle2/install/tentacle_controller/share/tentacle_controller/package.sh'
[0.788s] INFO:colcon.colcon_core.shell:Creating package script '/home/prithiv/tentacle2/install/tentacle_controller/share/tentacle_controller/package.bash'
[0.788s] INFO:colcon.colcon_core.shell:Creating package script '/home/prithiv/tentacle2/install/tentacle_controller/share/tentacle_controller/package.zsh'
[0.788s] Level 1:colcon.colcon_core.environment:create_file_with_runtime_dependencies(/home/prithiv/tentacle2/install/tentacle_controller/share/colcon-core/packages/tentacle_controller)
[0.788s] Level 1:colcon.colcon_core.environment:create_environment_scripts_only(tentacle_controller)
[0.789s] Level 1:colcon.colcon_core.environment:checking '/home/prithiv/tentacle2/install/tentacle_controller' for CMake module files
[0.789s] Level 1:colcon.colcon_core.environment:checking '/home/prithiv/tentacle2/install/tentacle_controller' for CMake config files
[0.789s] Level 1:colcon.colcon_core.shell:create_environment_hook('tentacle_controller', 'cmake_prefix_path')
[0.789s] INFO:colcon.colcon_core.shell:Creating environment hook '/home/prithiv/tentacle2/install/tentacle_controller/share/tentacle_controller/hook/cmake_prefix_path.ps1'
[0.790s] INFO:colcon.colcon_core.shell:Creating environment descriptor '/home/prithiv/tentacle2/install/tentacle_controller/share/tentacle_controller/hook/cmake_prefix_path.dsv'
[0.790s] INFO:colcon.colcon_core.shell:Creating environment hook '/home/prithiv/tentacle2/install/tentacle_controller/share/tentacle_controller/hook/cmake_prefix_path.sh'
[0.790s] Level 1:colcon.colcon_core.environment:checking '/home/prithiv/tentacle2/install/tentacle_controller/bin'
[0.790s] Level 1:colcon.colcon_core.environment:checking '/home/prithiv/tentacle2/install/tentacle_controller/lib/pkgconfig/tentacle_controller.pc'
[0.790s] Level 1:colcon.colcon_core.environment:checking '/home/prithiv/tentacle2/install/tentacle_controller/lib/python3.10/site-packages'
[0.791s] Level 1:colcon.colcon_core.environment:checking '/home/prithiv/tentacle2/install/tentacle_controller/bin'
[0.791s] INFO:colcon.colcon_core.shell:Creating package script '/home/prithiv/tentacle2/install/tentacle_controller/share/tentacle_controller/package.ps1'
[0.791s] INFO:colcon.colcon_core.shell:Creating package descriptor '/home/prithiv/tentacle2/install/tentacle_controller/share/tentacle_controller/package.dsv'
[0.792s] INFO:colcon.colcon_core.shell:Creating package script '/home/prithiv/tentacle2/install/tentacle_controller/share/tentacle_controller/package.sh'
[0.792s] INFO:colcon.colcon_core.shell:Creating package script '/home/prithiv/tentacle2/install/tentacle_controller/share/tentacle_controller/package.bash'
[0.792s] INFO:colcon.colcon_core.shell:Creating package script '/home/prithiv/tentacle2/install/tentacle_controller/share/tentacle_controller/package.zsh'
[0.792s] Level 1:colcon.colcon_core.environment:create_file_with_runtime_dependencies(/home/prithiv/tentacle2/install/tentacle_controller/share/colcon-core/packages/tentacle_controller)
[0.793s] DEBUG:colcon.colcon_parallel_executor.executor.parallel:closing loop
[0.793s] DEBUG:colcon.colcon_parallel_executor.executor.parallel:loop closed
[0.793s] DEBUG:colcon.colcon_parallel_executor.executor.parallel:run_until_complete finished with '0'
[0.793s] DEBUG:colcon.colcon_core.event_reactor:joining thread
[0.796s] INFO:colcon.colcon_core.plugin_system:Skipping extension 'colcon_notification.desktop_notification.terminal_notifier': Not used on non-Darwin systems
[0.796s] INFO:colcon.colcon_core.plugin_system:Skipping extension 'colcon_notification.desktop_notification.win32': Not used on non-Windows systems
[0.796s] INFO:colcon.colcon_notification.desktop_notification:Sending desktop notification using 'notify2'
[0.805s] DEBUG:colcon.colcon_core.event_reactor:joined thread
[0.806s] INFO:colcon.colcon_core.shell:Creating prefix script '/home/prithiv/tentacle2/install/local_setup.ps1'
[0.806s] INFO:colcon.colcon_core.shell:Creating prefix util module '/home/prithiv/tentacle2/install/_local_setup_util_ps1.py'
[0.807s] INFO:colcon.colcon_core.shell:Creating prefix chain script '/home/prithiv/tentacle2/install/setup.ps1'
[0.808s] INFO:colcon.colcon_core.shell:Creating prefix script '/home/prithiv/tentacle2/install/local_setup.sh'
[0.808s] INFO:colcon.colcon_core.shell:Creating prefix util module '/home/prithiv/tentacle2/install/_local_setup_util_sh.py'
[0.809s] INFO:colcon.colcon_core.shell:Creating prefix chain script '/home/prithiv/tentacle2/install/setup.sh'
[0.809s] INFO:colcon.colcon_core.shell:Creating prefix script '/home/prithiv/tentacle2/install/local_setup.bash'
[0.809s] INFO:colcon.colcon_core.shell:Creating prefix chain script '/home/prithiv/tentacle2/install/setup.bash'
[0.810s] INFO:colcon.colcon_core.shell:Creating prefix script '/home/prithiv/tentacle2/install/local_setup.zsh'
[0.810s] INFO:colcon.colcon_core.shell:Creating prefix chain script '/home/prithiv/tentacle2/install/setup.zsh'
