[0.006s] Invoking command in '/home/prithiv/tentacle2/build/ros_gz_bridge': AMENT_PREFIX_PATH=/home/prithiv/tentacle2/install/ros_gz_interfaces:${AMENT_PREFIX_PATH} CMAKE_PREFIX_PATH=/home/prithiv/tentacle2/install/ros_gz_interfaces:/home/prithiv/tentacle2/install/tentacle_controller:/home/prithiv/tentacle2/install/tentacle_description:/opt/ros/humble LD_LIBRARY_PATH=/home/prithiv/tentacle2/install/ros_gz_interfaces/lib:/usr/lib/x86_64-linux-gnu/gazebo-11/plugins:/opt/ros/humble/opt/rviz_ogre_vendor/lib:/opt/ros/humble/lib/x86_64-linux-gnu:/usr/share/gurumdds/cmake/../../../lib:/opt/ros/humble/lib:/usr/lib/x86_64-linux-gnu/gazebo-11/plugins PYTHONPATH=/home/prithiv/tentacle2/install/ros_gz_interfaces/local/lib/python3.10/dist-packages:${PYTHONPATH} /usr/bin/cmake /home/prithiv/tentacle2/src/ros_ign/ros_gz_bridge -DCMAKE_INSTALL_PREFIX=/home/prithiv/tentacle2/install/ros_gz_bridge
[0.040s] -- The C compiler identification is GNU 11.4.0
[0.076s] -- The CXX compiler identification is GNU 11.4.0
[0.082s] -- Detecting C compiler ABI info
[0.126s] -- Detecting C compiler ABI info - done
[0.131s] -- Check for working C compiler: /usr/bin/cc - skipped
[0.131s] -- Detecting C compile features
[0.131s] -- Detecting C compile features - done
[0.133s] -- Detecting CXX compiler ABI info
[0.186s] -- Detecting CXX compiler ABI info - done
[0.191s] -- Check for working CXX compiler: /usr/bin/c++ - skipped
[0.191s] -- Detecting CXX compile features
[0.191s] -- Detecting CXX compile features - done
[0.193s] -- Found ament_cmake: 1.3.11 (/opt/ros/humble/share/ament_cmake/cmake)
[0.295s] -- Found Python3: /usr/bin/python3 (found version "3.10.12") found components: Interpreter 
[0.359s] -- Found rclcpp: 16.0.12 (/opt/ros/humble/share/rclcpp/cmake)
[0.389s] -- Found rosidl_generator_c: 3.1.6 (/opt/ros/humble/share/rosidl_generator_c/cmake)
[0.392s] -- Found rosidl_adapter: 3.1.6 (/opt/ros/humble/share/rosidl_adapter/cmake)
[0.398s] -- Found rosidl_generator_cpp: 3.1.6 (/opt/ros/humble/share/rosidl_generator_cpp/cmake)
[0.406s] -- Using all available rosidl_typesupport_c: rosidl_typesupport_fastrtps_c;rosidl_typesupport_introspection_c
[0.417s] -- Using all available rosidl_typesupport_cpp: rosidl_typesupport_fastrtps_cpp;rosidl_typesupport_introspection_cpp
[0.449s] -- Found rmw_implementation_cmake: 6.1.2 (/opt/ros/humble/share/rmw_implementation_cmake/cmake)
[0.451s] -- Found rmw_fastrtps_cpp: 6.2.7 (/opt/ros/humble/share/rmw_fastrtps_cpp/cmake)
[0.504s] -- Found OpenSSL: /usr/lib/x86_64-linux-gnu/libcrypto.so (found version "3.0.2")  
[0.522s] -- Found FastRTPS: /opt/ros/humble/include  
[0.552s] -- Using RMW implementation 'rmw_fastrtps_cpp' as default
[0.559s] -- Looking for pthread.h
[0.603s] -- Looking for pthread.h - found
[0.603s] -- Performing Test CMAKE_HAVE_LIBC_PTHREAD
[0.646s] -- Performing Test CMAKE_HAVE_LIBC_PTHREAD - Success
[0.646s] -- Found Threads: TRUE  
[0.691s] -- Found rclcpp_components: 16.0.12 (/opt/ros/humble/share/rclcpp_components/cmake)
[0.830s] -- Found yaml_cpp_vendor: 8.0.2 (/opt/ros/humble/share/yaml_cpp_vendor/cmake)
[0.852s] -- Looking for ignition-transport11 -- found version 11.4.1
[0.856s] -- Searching for dependencies of ignition-transport11
[0.872s] -- Found Protobuf: /usr/lib/x86_64-linux-gnu/libprotobuf.so (found version "3.12.4") 
[0.879s] -- Config-file not installed for ZeroMQ -- checking for pkg-config
[0.882s] -- Checking for module 'libzmq >= 4'
[0.889s] --   Found libzmq , version 4.3.4
[0.909s] -- Found ZeroMQ: TRUE (Required is at least version "4") 
[0.913s] -- Checking for module 'uuid'
[0.922s] --   Found uuid, version 2.37.2
[0.942s] -- Found UUID: TRUE  
[0.944s] -- Looking for ignition-utils1 -- found version 1.5.1
[0.944s] -- Searching for dependencies of ignition-utils1
[0.944s] -- Searching for <ignition-utils1> component [cli]
[0.946s] -- Looking for ignition-utils1-cli -- found version 1.5.1
[0.946s] -- Searching for dependencies of ignition-utils1-cli
[0.948s] -- Looking for ignition-msgs8 -- found version 8.7.0
[0.948s] -- Searching for dependencies of ignition-msgs8
[0.960s] -- Found Protobuf: /usr/lib/x86_64-linux-gnu/libprotobuf.so (found suitable version "3.12.4", minimum required is "3") 
[0.962s] -- Looking for ignition-math6 -- found version 6.15.1
[0.962s] -- Searching for dependencies of ignition-math6
[0.965s] -- Checking for module 'tinyxml2'
[0.972s] --   Found tinyxml2, version 9.0.0
[0.990s] -- Looking for ignition-msgs8 -- found version 8.7.0
[0.990s] -- Compiling against Ignition Fortress
[0.990s] -- Found builtin_interfaces: 1.2.1 (/opt/ros/humble/share/builtin_interfaces/cmake)
[1.050s] -- Found actuator_msgs: 0.0.1 (/opt/ros/humble/share/actuator_msgs/cmake)
[1.059s] -- Found geometry_msgs: 4.8.0 (/opt/ros/humble/share/geometry_msgs/cmake)
[1.150s] -- Found gps_msgs: 2.0.4 (/opt/ros/humble/share/gps_msgs/cmake)
[1.242s] -- Found nav_msgs: 4.8.0 (/opt/ros/humble/share/nav_msgs/cmake)
[1.242s] -- Found rcl_interfaces: 1.2.1 (/opt/ros/humble/share/rcl_interfaces/cmake)
[1.254s] -- Found ros_gz_interfaces: 0.244.16 (/home/prithiv/tentacle2/install/ros_gz_interfaces/share/ros_gz_interfaces/cmake)
[1.254s] -- Found rosgraph_msgs: 1.2.1 (/opt/ros/humble/share/rosgraph_msgs/cmake)
[1.342s] -- Found sensor_msgs: 4.8.0 (/opt/ros/humble/share/sensor_msgs/cmake)
[1.342s] -- Found std_msgs: 4.8.0 (/opt/ros/humble/share/std_msgs/cmake)
[1.629s] -- Found tf2_msgs: 0.25.12 (/opt/ros/humble/share/tf2_msgs/cmake)
[1.712s] -- Found trajectory_msgs: 4.8.0 (/opt/ros/humble/share/trajectory_msgs/cmake)
[1.793s] -- Found vision_msgs: 4.1.1 (/opt/ros/humble/share/vision_msgs/cmake)
[1.862s] -- Found ament_lint_auto: 0.12.12 (/opt/ros/humble/share/ament_lint_auto/cmake)
[1.935s] -- Found python_cmake_module: 0.10.0 (/opt/ros/humble/share/python_cmake_module/cmake)
[1.949s] -- Found PythonInterp: /usr/bin/python3 (found suitable version "3.10.12", minimum required is "3.6") 
[1.952s] -- Found PythonLibs: /usr/lib/x86_64-linux-gnu/libpython3.10.so (found suitable version "3.10.12", minimum required is "3.5") 
[1.952s] -- Using PYTHON_EXECUTABLE: /usr/bin/python3
[1.952s] -- Using PYTHON_INCLUDE_DIRS: /usr/include/python3.10
[1.952s] -- Using PYTHON_LIBRARIES: /usr/lib/x86_64-linux-gnu/libpython3.10.so
[1.966s] -- Found PythonExtra: .so  
[1.985s] -- Found gtest sources under '/opt/ros/humble/src/gtest_vendor': C++ tests using 'Google Test' will be built
[2.004s] -- Added test 'copyright' to check source files copyright and LICENSE
[2.007s] -- Added test 'cppcheck' to perform static code analysis on C / C++ code
[2.007s] -- Configured cppcheck include dirs: $<BUILD_INTERFACE:/home/prithiv/tentacle2/src/ros_ign/ros_gz_bridge/include>;$<BUILD_INTERFACE:/home/prithiv/tentacle2/src/ros_ign/ros_gz_bridge/src>;/home/prithiv/tentacle2/src/ros_ign/ros_gz_bridge/include;/home/prithiv/tentacle2/src/ros_ign/ros_gz_bridge/test;/home/prithiv/tentacle2/src/ros_ign/ros_gz_bridge/test/subscribers;/home/prithiv/tentacle2/src/ros_ign/ros_gz_bridge/src
[2.007s] -- Configured cppcheck exclude dirs and/or files: 
[2.009s] -- Added test 'cpplint' to check C / C++ code against the Google style
[2.009s] -- Configured cpplint exclude dirs and/or files: 
[2.010s] -- Added test 'flake8' to check Python code syntax and style conventions
[2.010s] -- Added test 'lint_cmake' to check CMake code style
[2.011s] -- Added test 'pep257' to check Python code against some of the docstring style conventions in PEP 257
[2.013s] -- Added test 'uncrustify' to check C / C++ code style
[2.013s] -- Configured uncrustify additional arguments: 
[2.013s] -- Added test 'xmllint' to check XML markup files
[2.015s] -- Configuring done
[2.071s] -- Generating done
[2.093s] -- Build files have been written to: /home/prithiv/tentacle2/build/ros_gz_bridge
[2.103s] Invoked command in '/home/prithiv/tentacle2/build/ros_gz_bridge' returned '0': AMENT_PREFIX_PATH=/home/prithiv/tentacle2/install/ros_gz_interfaces:${AMENT_PREFIX_PATH} CMAKE_PREFIX_PATH=/home/prithiv/tentacle2/install/ros_gz_interfaces:/home/prithiv/tentacle2/install/tentacle_controller:/home/prithiv/tentacle2/install/tentacle_description:/opt/ros/humble LD_LIBRARY_PATH=/home/prithiv/tentacle2/install/ros_gz_interfaces/lib:/usr/lib/x86_64-linux-gnu/gazebo-11/plugins:/opt/ros/humble/opt/rviz_ogre_vendor/lib:/opt/ros/humble/lib/x86_64-linux-gnu:/usr/share/gurumdds/cmake/../../../lib:/opt/ros/humble/lib:/usr/lib/x86_64-linux-gnu/gazebo-11/plugins PYTHONPATH=/home/prithiv/tentacle2/install/ros_gz_interfaces/local/lib/python3.10/dist-packages:${PYTHONPATH} /usr/bin/cmake /home/prithiv/tentacle2/src/ros_ign/ros_gz_bridge -DCMAKE_INSTALL_PREFIX=/home/prithiv/tentacle2/install/ros_gz_bridge
[2.104s] Invoking command in '/home/prithiv/tentacle2/build/ros_gz_bridge': AMENT_PREFIX_PATH=/home/prithiv/tentacle2/install/ros_gz_interfaces:${AMENT_PREFIX_PATH} CMAKE_PREFIX_PATH=/home/prithiv/tentacle2/install/ros_gz_interfaces:/home/prithiv/tentacle2/install/tentacle_controller:/home/prithiv/tentacle2/install/tentacle_description:/opt/ros/humble LD_LIBRARY_PATH=/home/prithiv/tentacle2/install/ros_gz_interfaces/lib:/usr/lib/x86_64-linux-gnu/gazebo-11/plugins:/opt/ros/humble/opt/rviz_ogre_vendor/lib:/opt/ros/humble/lib/x86_64-linux-gnu:/usr/share/gurumdds/cmake/../../../lib:/opt/ros/humble/lib:/usr/lib/x86_64-linux-gnu/gazebo-11/plugins PYTHONPATH=/home/prithiv/tentacle2/install/ros_gz_interfaces/local/lib/python3.10/dist-packages:${PYTHONPATH} /usr/bin/cmake --build /home/prithiv/tentacle2/build/ros_gz_bridge -- -j12 -l12
[2.129s] [  1%] [34m[1mGenerating factories for interface types[0m
[2.135s] [  2%] [32mBuilding CXX object CMakeFiles/bridge_node.dir/rclcpp_components/node_main_bridge_node.cpp.o[0m
[2.136s] [  3%] [32mBuilding CXX object gtest/CMakeFiles/gtest.dir/src/gtest-all.cc.o[0m
[2.137s] [  4%] [32mBuilding CXX object gtest/CMakeFiles/gtest_main.dir/src/gtest_main.cc.o[0m
[2.273s] [  7%] [32mBuilding CXX object CMakeFiles/ros_gz_bridge.dir/src/bridge_config.cpp.o[0m
[2.273s] [  6%] [32mBuilding CXX object CMakeFiles/ros_gz_bridge.dir/src/bridge_handle_ros_to_gz.cpp.o[0m
[2.274s] [  7%] [32mBuilding CXX object CMakeFiles/ros_gz_bridge.dir/src/bridge_handle.cpp.o[0m
[2.274s] [  8%] [32mBuilding CXX object CMakeFiles/ros_gz_bridge.dir/src/bridge_handle_gz_to_ros.cpp.o[0m
[2.274s] [  9%] [32mBuilding CXX object CMakeFiles/ros_gz_bridge.dir/src/factory_interface.cpp.o[0m
[2.279s] [ 10%] [32mBuilding CXX object CMakeFiles/ros_gz_bridge.dir/src/service_factories/ros_gz_interfaces.cpp.o[0m
[2.280s] [ 12%] [32mBuilding CXX object CMakeFiles/ros_gz_bridge.dir/src/ros_gz_bridge.cpp.o[0m
[2.281s] [ 13%] [32mBuilding CXX object CMakeFiles/ros_gz_bridge.dir/src/convert/utils.cpp.o[0m
[2.286s] [ 14%] [32mBuilding CXX object CMakeFiles/ros_gz_bridge.dir/src/service_factory_interface.cpp.o[0m
[2.754s] [ 15%] [32mBuilding CXX object CMakeFiles/ros_gz_bridge.dir/src/convert/builtin_interfaces.cpp.o[0m
[3.970s] [ 16%] [32m[1mLinking CXX static library libgtest_main.a[0m
[4.040s] [ 16%] Built target gtest_main
[4.062s] [ 17%] [32mBuilding CXX object CMakeFiles/ros_gz_bridge.dir/src/convert/actuator_msgs.cpp.o[0m
[4.608s] [ 18%] [32mBuilding CXX object CMakeFiles/ros_gz_bridge.dir/src/convert/geometry_msgs.cpp.o[0m
[7.236s] [ 19%] [32mBuilding CXX object CMakeFiles/ros_gz_bridge.dir/src/convert/gps_msgs.cpp.o[0m
[7.640s] [ 20%] [32mBuilding CXX object CMakeFiles/ros_gz_bridge.dir/src/convert/nav_msgs.cpp.o[0m
[8.224s] [ 21%] [32mBuilding CXX object CMakeFiles/ros_gz_bridge.dir/src/convert/rcl_interfaces.cpp.o[0m
[11.437s] [ 23%] [32mBuilding CXX object CMakeFiles/ros_gz_bridge.dir/src/convert/ros_gz_interfaces.cpp.o[0m
[11.520s] [ 24%] [32m[1mLinking CXX static library libgtest.a[0m
[11.547s] [ 25%] [32mBuilding CXX object CMakeFiles/ros_gz_bridge.dir/src/convert/rosgraph_msgs.cpp.o[0m
[11.565s] [ 26%] [32m[1mLinking CXX executable bridge_node[0m
[11.662s] [ 26%] Built target gtest
[11.735s] [ 27%] [32mBuilding CXX object CMakeFiles/ros_gz_bridge.dir/src/convert/sensor_msgs.cpp.o[0m
[12.173s] [ 28%] [32mBuilding CXX object CMakeFiles/ros_gz_bridge.dir/src/convert/std_msgs.cpp.o[0m
[12.226s] [ 28%] Built target bridge_node
[12.286s] [ 29%] [32mBuilding CXX object CMakeFiles/test_rcl_interfaces.dir/src/convert/rcl_interfaces.cpp.o[0m
[14.069s] [ 30%] [32mBuilding CXX object CMakeFiles/test_rcl_interfaces.dir/src/convert/rcl_interfaces_TEST.cpp.o[0m
[14.723s] [ 31%] [32mBuilding CXX object CMakeFiles/test_utils.dir/test/utils/gz_test_msg.cpp.o[0m
[14.859s] [ 32%] [32mBuilding CXX object CMakeFiles/ros_gz_bridge.dir/src/convert/tf2_msgs.cpp.o[0m
[16.072s] [ 34%] [32mBuilding CXX object CMakeFiles/test_utils.dir/test/utils/ros_test_msg.cpp.o[0m
[16.200s] [ 35%] [32m[1mLinking CXX executable test_rcl_interfaces[0m
[16.745s] [ 35%] Built target test_rcl_interfaces
[16.768s] [ 36%] [32mBuilding CXX object CMakeFiles/ros_gz_bridge.dir/src/convert/trajectory_msgs.cpp.o[0m
[17.165s] [ 37%] [32mBuilding CXX object CMakeFiles/ros_gz_bridge.dir/src/convert/vision_msgs.cpp.o[0m
[18.332s] [ 38%] [32mBuilding CXX object CMakeFiles/ros_gz_bridge.dir/generated/get_factory.cpp.o[0m
[18.870s] [ 39%] [32mBuilding CXX object CMakeFiles/ros_gz_bridge.dir/generated/get_mappings.cpp.o[0m
[19.675s] [ 40%] [32mBuilding CXX object CMakeFiles/ros_gz_bridge.dir/generated/factories/builtin_interfaces.cpp.o[0m
[19.982s] [ 41%] [32mBuilding CXX object CMakeFiles/ros_gz_bridge.dir/generated/factories/actuator_msgs.cpp.o[0m
[20.131s] [ 42%] [32mBuilding CXX object CMakeFiles/ros_gz_bridge.dir/generated/factories/geometry_msgs.cpp.o[0m
[20.187s] [ 43%] [32mBuilding CXX object CMakeFiles/ros_gz_bridge.dir/generated/factories/gps_msgs.cpp.o[0m
[20.629s] [ 45%] [32mBuilding CXX object CMakeFiles/ros_gz_bridge.dir/generated/factories/nav_msgs.cpp.o[0m
[21.143s] [ 46%] [32mBuilding CXX object CMakeFiles/ros_gz_bridge.dir/generated/factories/rcl_interfaces.cpp.o[0m
[22.369s] [ 47%] [32mBuilding CXX object CMakeFiles/ros_gz_bridge.dir/generated/factories/ros_gz_interfaces.cpp.o[0m
[24.263s] [ 48%] [32mBuilding CXX object CMakeFiles/ros_gz_bridge.dir/generated/factories/rosgraph_msgs.cpp.o[0m
[27.468s] [ 49%] [32mBuilding CXX object CMakeFiles/ros_gz_bridge.dir/generated/factories/sensor_msgs.cpp.o[0m
[30.127s] [ 50%] [32mBuilding CXX object CMakeFiles/ros_gz_bridge.dir/generated/factories/std_msgs.cpp.o[0m
[33.319s] [ 51%] [32mBuilding CXX object CMakeFiles/ros_gz_bridge.dir/generated/factories/tf2_msgs.cpp.o[0m
[33.673s] [ 52%] [32m[1mLinking CXX static library libtest_utils.a[0m
[33.903s] [ 52%] Built target test_utils
[33.925s] [ 53%] [32mBuilding CXX object CMakeFiles/ros_gz_bridge.dir/generated/factories/trajectory_msgs.cpp.o[0m
[39.262s] [ 54%] [32mBuilding CXX object CMakeFiles/ros_gz_bridge.dir/generated/factories/vision_msgs.cpp.o[0m
[40.404s] [ 56%] [34m[1mGenerating test helpers[0m
[40.969s] [ 57%] [32mBuilding CXX object CMakeFiles/test_ros_publisher.dir/generated/test/ros_publisher.cpp.o[0m
[41.073s] [ 58%] [32mBuilding CXX object CMakeFiles/test_gz_publisher.dir/generated/test/gz_publisher.cpp.o[0m
[42.226s] [ 59%] [32mBuilding CXX object CMakeFiles/test_gz_subscriber.dir/generated/test/gz_subscriber.cpp.o[0m
[42.736s] [ 60%] [32mBuilding CXX object CMakeFiles/test_gz_server.dir/test/serverclient/gz_server.cpp.o[0m
[46.875s] [ 61%] [32mBuilding CXX object CMakeFiles/test_ros_client.dir/test/serverclient/ros_client.cpp.o[0m
[53.515s] [ 62%] [32m[1mLinking CXX executable test_gz_publisher[0m
[53.707s] [ 63%] [32mBuilding CXX object CMakeFiles/test_ros_subscriber.dir/test/subscribers/ros_subscriber.cpp.o[0m
[54.360s] [ 64%] [32mBuilding CXX object CMakeFiles/test_ros_subscriber.dir/generated/test/builtin_interfaces_subscriber.cpp.o[0m
[54.384s] [ 65%] [32m[1mLinking CXX executable test_ros_client[0m
[55.204s] [ 67%] [32m[1mLinking CXX executable test_gz_server[0m
[55.457s] [ 67%] Built target test_ros_client
[55.486s] [ 68%] [32mBuilding CXX object CMakeFiles/test_ros_subscriber.dir/generated/test/actuator_msgs_subscriber.cpp.o[0m
[55.766s] [ 68%] Built target test_gz_publisher
[55.778s] [ 69%] [32mBuilding CXX object CMakeFiles/test_ros_subscriber.dir/generated/test/geometry_msgs_subscriber.cpp.o[0m
[55.782s] [ 69%] Built target test_gz_server
[55.793s] [ 70%] [32mBuilding CXX object CMakeFiles/test_ros_subscriber.dir/generated/test/gps_msgs_subscriber.cpp.o[0m
