running egg_info
creating ../build/tentacle_description/tentacle_description.egg-info
writing ../build/tentacle_description/tentacle_description.egg-info/PKG-INFO
writing dependency_links to ../build/tentacle_description/tentacle_description.egg-info/dependency_links.txt
writing entry points to ../build/tentacle_description/tentacle_description.egg-info/entry_points.txt
writing requirements to ../build/tentacle_description/tentacle_description.egg-info/requires.txt
writing top-level names to ../build/tentacle_description/tentacle_description.egg-info/top_level.txt
writing manifest file '../build/tentacle_description/tentacle_description.egg-info/SOURCES.txt'
reading manifest file '../build/tentacle_description/tentacle_description.egg-info/SOURCES.txt'
writing manifest file '../build/tentacle_description/tentacle_description.egg-info/SOURCES.txt'
running build
running build_py
creating /home/prithiv/tentacle2/build/tentacle_description/build
creating /home/prithiv/tentacle2/build/tentacle_description/build/lib
creating /home/prithiv/tentacle2/build/tentacle_description/build/lib/tentacle_description
copying tentacle_description/__init__.py -> /home/prithiv/tentacle2/build/tentacle_description/build/lib/tentacle_description
running install
running install_lib
creating /home/prithiv/tentacle2/install/tentacle_description/lib/python3.10/site-packages/tentacle_description
copying /home/prithiv/tentacle2/build/tentacle_description/build/lib/tentacle_description/__init__.py -> /home/prithiv/tentacle2/install/tentacle_description/lib/python3.10/site-packages/tentacle_description
byte-compiling /home/prithiv/tentacle2/install/tentacle_description/lib/python3.10/site-packages/tentacle_description/__init__.py to __init__.cpython-310.pyc
running install_data
creating /home/prithiv/tentacle2/install/tentacle_description/share/ament_index
creating /home/prithiv/tentacle2/install/tentacle_description/share/ament_index/resource_index
creating /home/prithiv/tentacle2/install/tentacle_description/share/ament_index/resource_index/packages
copying resource/tentacle_description -> /home/prithiv/tentacle2/install/tentacle_description/share/ament_index/resource_index/packages
copying package.xml -> /home/prithiv/tentacle2/install/tentacle_description/share/tentacle_description
creating /home/prithiv/tentacle2/install/tentacle_description/share/tentacle_description/launch
copying launch/display.launch.py -> /home/prithiv/tentacle2/install/tentacle_description/share/tentacle_description/launch
copying launch/gazebo.launch.py -> /home/prithiv/tentacle2/install/tentacle_description/share/tentacle_description/launch
creating /home/prithiv/tentacle2/install/tentacle_description/share/tentacle_description/urdf
copying urdf/tentacle.ros2control -> /home/prithiv/tentacle2/install/tentacle_description/share/tentacle_description/urdf
copying urdf/tentacle.xacro -> /home/prithiv/tentacle2/install/tentacle_description/share/tentacle_description/urdf
copying urdf/tentacle.gazebo -> /home/prithiv/tentacle2/install/tentacle_description/share/tentacle_description/urdf
copying urdf/materials.xacro -> /home/prithiv/tentacle2/install/tentacle_description/share/tentacle_description/urdf
creating /home/prithiv/tentacle2/install/tentacle_description/share/tentacle_description/meshes
copying meshes/base_link.stl -> /home/prithiv/tentacle2/install/tentacle_description/share/tentacle_description/meshes
copying meshes/center_1.stl -> /home/prithiv/tentacle2/install/tentacle_description/share/tentacle_description/meshes
copying meshes/arm_1.stl -> /home/prithiv/tentacle2/install/tentacle_description/share/tentacle_description/meshes
copying meshes/gripper_left_1.stl -> /home/prithiv/tentacle2/install/tentacle_description/share/tentacle_description/meshes
copying meshes/gripper_right_1.stl -> /home/prithiv/tentacle2/install/tentacle_description/share/tentacle_description/meshes
copying meshes/forearm_1.stl -> /home/prithiv/tentacle2/install/tentacle_description/share/tentacle_description/meshes
copying meshes/gripper_base_1.stl -> /home/prithiv/tentacle2/install/tentacle_description/share/tentacle_description/meshes
creating /home/prithiv/tentacle2/install/tentacle_description/share/tentacle_description/config
copying config/display.rviz -> /home/prithiv/tentacle2/install/tentacle_description/share/tentacle_description/config
copying config/ros_gz_bridge_gazebo.yaml -> /home/prithiv/tentacle2/install/tentacle_description/share/tentacle_description/config
copying config/gazebo.rviz -> /home/prithiv/tentacle2/install/tentacle_description/share/tentacle_description/config
running install_egg_info
Copying ../build/tentacle_description/tentacle_description.egg-info to /home/prithiv/tentacle2/install/tentacle_description/lib/python3.10/site-packages/tentacle_description-0.0.0-py3.10.egg-info
running install_scripts
writing list of installed files to '/home/prithiv/tentacle2/build/tentacle_description/install.log'
