-- Install configuration: ""
-- Up-to-date: /home/prithiv/tentacle2/install/tentacle_description/share/tentacle_description/launch
-- Installing: /home/prithiv/tentacle2/install/tentacle_description/share/tentacle_description/launch/gazebo.launch.py
-- Up-to-date: /home/prithiv/tentacle2/install/tentacle_description/share/tentacle_description/launch/display.launch.py
-- Up-to-date: /home/prithiv/tentacle2/install/tentacle_description/share/tentacle_description/meshes
-- Up-to-date: /home/prithiv/tentacle2/install/tentacle_description/share/tentacle_description/meshes/forearm_1.stl
-- Up-to-date: /home/prithiv/tentacle2/install/tentacle_description/share/tentacle_description/meshes/center_1.stl
-- Up-to-date: /home/prithiv/tentacle2/install/tentacle_description/share/tentacle_description/meshes/gripper_right_1.stl
-- Up-to-date: /home/prithiv/tentacle2/install/tentacle_description/share/tentacle_description/meshes/gripper_base_1.stl
-- Up-to-date: /home/prithiv/tentacle2/install/tentacle_description/share/tentacle_description/meshes/base_link.stl
-- Up-to-date: /home/prithiv/tentacle2/install/tentacle_description/share/tentacle_description/meshes/gripper_left_1.stl
-- Up-to-date: /home/prithiv/tentacle2/install/tentacle_description/share/tentacle_description/meshes/arm_1.stl
-- Up-to-date: /home/prithiv/tentacle2/install/tentacle_description/share/tentacle_description/urdf
-- Up-to-date: /home/prithiv/tentacle2/install/tentacle_description/share/tentacle_description/urdf/tentacle.gazebo
-- Up-to-date: /home/prithiv/tentacle2/install/tentacle_description/share/tentacle_description/urdf/tentacle_gazebo.xacro
-- Up-to-date: /home/prithiv/tentacle2/install/tentacle_description/share/tentacle_description/urdf/tentacle.xacro
-- Up-to-date: /home/prithiv/tentacle2/install/tentacle_description/share/tentacle_description/urdf/materials.xacro
-- Up-to-date: /home/prithiv/tentacle2/install/tentacle_description/share/tentacle_description/urdf/tentacle_ros2_control.xacro
-- Up-to-date: /home/prithiv/tentacle2/install/tentacle_description/share/ament_index/resource_index/package_run_dependencies/tentacle_description
-- Up-to-date: /home/prithiv/tentacle2/install/tentacle_description/share/ament_index/resource_index/parent_prefix_path/tentacle_description
-- Up-to-date: /home/prithiv/tentacle2/install/tentacle_description/share/tentacle_description/environment/ament_prefix_path.sh
-- Up-to-date: /home/prithiv/tentacle2/install/tentacle_description/share/tentacle_description/environment/ament_prefix_path.dsv
-- Up-to-date: /home/prithiv/tentacle2/install/tentacle_description/share/tentacle_description/environment/path.sh
-- Up-to-date: /home/prithiv/tentacle2/install/tentacle_description/share/tentacle_description/environment/path.dsv
-- Up-to-date: /home/prithiv/tentacle2/install/tentacle_description/share/tentacle_description/local_setup.bash
-- Up-to-date: /home/prithiv/tentacle2/install/tentacle_description/share/tentacle_description/local_setup.sh
-- Up-to-date: /home/prithiv/tentacle2/install/tentacle_description/share/tentacle_description/local_setup.zsh
-- Up-to-date: /home/prithiv/tentacle2/install/tentacle_description/share/tentacle_description/local_setup.dsv
-- Up-to-date: /home/prithiv/tentacle2/install/tentacle_description/share/tentacle_description/package.dsv
-- Up-to-date: /home/prithiv/tentacle2/install/tentacle_description/share/ament_index/resource_index/packages/tentacle_description
-- Up-to-date: /home/prithiv/tentacle2/install/tentacle_description/share/tentacle_description/cmake/tentacle_descriptionConfig.cmake
-- Up-to-date: /home/prithiv/tentacle2/install/tentacle_description/share/tentacle_description/cmake/tentacle_descriptionConfig-version.cmake
-- Up-to-date: /home/prithiv/tentacle2/install/tentacle_description/share/tentacle_description/package.xml
