[0.159s] Invoking command in '/home/prithiv/tentacle2/build/tentacle_moveit': CMAKE_PREFIX_PATH=/opt/ros/humble /usr/bin/cmake /home/prithiv/tentacle2/src/tentacle_moveit -DCMAKE_INSTALL_PREFIX=/home/prithiv/tentacle2/install/tentacle_moveit
[0.305s] -- The C compiler identification is GNU 11.4.0
[0.421s] -- The CXX compiler identification is GNU 11.4.0
[0.430s] -- Detecting C compiler ABI info
[0.532s] -- Detecting C compiler ABI info - done
[0.541s] -- Check for working C compiler: /usr/bin/cc - skipped
[0.541s] -- Detecting C compile features
[0.542s] -- Detecting C compile features - done
[0.545s] -- Detecting CXX compiler ABI info
[0.605s] -- Detecting CXX compiler ABI info - done
[0.610s] -- Check for working CXX compiler: /usr/bin/c++ - skipped
[0.611s] -- Detecting CXX compile features
[0.611s] -- Detecting CXX compile features - done
[0.616s] -- Found ament_cmake: 1.3.11 (/opt/ros/humble/share/ament_cmake/cmake)
[0.719s] -- Found Python3: /usr/bin/python3 (found version "3.10.12") found components: Interpreter 
[0.803s] -- Found ament_lint_auto: 0.12.12 (/opt/ros/humble/share/ament_lint_auto/cmake)
[0.860s] -- Added test 'lint_cmake' to check CMake code style
[0.860s] -- Added test 'xmllint' to check XML markup files
[0.861s] -- Configuring done
[0.862s] -- Generating done
[0.863s] -- Build files have been written to: /home/prithiv/tentacle2/build/tentacle_moveit
[0.866s] Invoked command in '/home/prithiv/tentacle2/build/tentacle_moveit' returned '0': CMAKE_PREFIX_PATH=/opt/ros/humble /usr/bin/cmake /home/prithiv/tentacle2/src/tentacle_moveit -DCMAKE_INSTALL_PREFIX=/home/prithiv/tentacle2/install/tentacle_moveit
[0.867s] Invoking command in '/home/prithiv/tentacle2/build/tentacle_moveit': CMAKE_PREFIX_PATH=/opt/ros/humble /usr/bin/cmake --build /home/prithiv/tentacle2/build/tentacle_moveit -- -j12 -l12
[0.899s] Invoked command in '/home/prithiv/tentacle2/build/tentacle_moveit' returned '0': CMAKE_PREFIX_PATH=/opt/ros/humble /usr/bin/cmake --build /home/prithiv/tentacle2/build/tentacle_moveit -- -j12 -l12
[0.900s] Invoking command in '/home/prithiv/tentacle2/build/tentacle_moveit': CMAKE_PREFIX_PATH=/opt/ros/humble /usr/bin/cmake --install /home/prithiv/tentacle2/build/tentacle_moveit
[0.908s] -- Install configuration: ""
[0.908s] -- Installing: /home/prithiv/tentacle2/install/tentacle_moveit/share/ament_index/resource_index/package_run_dependencies/tentacle_moveit
[0.908s] -- Installing: /home/prithiv/tentacle2/install/tentacle_moveit/share/ament_index/resource_index/parent_prefix_path/tentacle_moveit
[0.908s] -- Installing: /home/prithiv/tentacle2/install/tentacle_moveit/share/tentacle_moveit/environment/ament_prefix_path.sh
[0.908s] -- Installing: /home/prithiv/tentacle2/install/tentacle_moveit/share/tentacle_moveit/environment/ament_prefix_path.dsv
[0.909s] -- Installing: /home/prithiv/tentacle2/install/tentacle_moveit/share/tentacle_moveit/environment/path.sh
[0.909s] -- Installing: /home/prithiv/tentacle2/install/tentacle_moveit/share/tentacle_moveit/environment/path.dsv
[0.909s] -- Installing: /home/prithiv/tentacle2/install/tentacle_moveit/share/tentacle_moveit/local_setup.bash
[0.909s] -- Installing: /home/prithiv/tentacle2/install/tentacle_moveit/share/tentacle_moveit/local_setup.sh
[0.909s] -- Installing: /home/prithiv/tentacle2/install/tentacle_moveit/share/tentacle_moveit/local_setup.zsh
[0.909s] -- Installing: /home/prithiv/tentacle2/install/tentacle_moveit/share/tentacle_moveit/local_setup.dsv
[0.909s] -- Installing: /home/prithiv/tentacle2/install/tentacle_moveit/share/tentacle_moveit/package.dsv
[0.909s] -- Installing: /home/prithiv/tentacle2/install/tentacle_moveit/share/ament_index/resource_index/packages/tentacle_moveit
[0.909s] -- Installing: /home/prithiv/tentacle2/install/tentacle_moveit/share/tentacle_moveit/cmake/tentacle_moveitConfig.cmake
[0.909s] -- Installing: /home/prithiv/tentacle2/install/tentacle_moveit/share/tentacle_moveit/cmake/tentacle_moveitConfig-version.cmake
[0.909s] -- Installing: /home/prithiv/tentacle2/install/tentacle_moveit/share/tentacle_moveit/package.xml
[0.912s] Invoked command in '/home/prithiv/tentacle2/build/tentacle_moveit' returned '0': CMAKE_PREFIX_PATH=/opt/ros/humble /usr/bin/cmake --install /home/prithiv/tentacle2/build/tentacle_moveit
