[0.056s] Invoking command in '/home/prithiv/tentacle2/build/tentacle_controller': CMAKE_PREFIX_PATH=/home/prithiv/tentacle2/install/tentacle_description:/opt/ros/humble /usr/bin/cmake /home/prithiv/tentacle2/src/tentacle_controller -DCMAKE_INSTALL_PREFIX=/home/prithiv/tentacle2/install/tentacle_controller
[1.042s] -- The C compiler identification is GNU 11.4.0
[1.518s] -- The CXX compiler identification is GNU 11.4.0
[1.609s] -- Detecting C compiler ABI info
[1.770s] -- Detecting C compiler ABI info - done
[1.776s] -- Check for working C compiler: /usr/bin/cc - skipped
[1.777s] -- Detecting C compile features
[1.780s] -- Detecting C compile features - done
[1.803s] -- Detecting CXX compiler ABI info
[1.912s] -- Detecting CXX compiler ABI info - done
[1.916s] -- Check for working CXX compiler: /usr/bin/c++ - skipped
[1.917s] -- Detecting CXX compile features
[1.917s] -- Detecting CXX compile features - done
[1.981s] -- Found ament_cmake: 1.3.11 (/opt/ros/humble/share/ament_cmake/cmake)
[2.207s] -- Found Python3: /usr/bin/python3 (found version "3.10.12") found components: Interpreter 
[2.566s] -- Found ament_lint_auto: 0.12.12 (/opt/ros/humble/share/ament_lint_auto/cmake)
[2.781s] -- Added test 'lint_cmake' to check CMake code style
[2.796s] -- Added test 'xmllint' to check XML markup files
[2.808s] -- Configuring done
[2.815s] -- Generating done
[2.819s] -- Build files have been written to: /home/prithiv/tentacle2/build/tentacle_controller
[2.825s] Invoked command in '/home/prithiv/tentacle2/build/tentacle_controller' returned '0': CMAKE_PREFIX_PATH=/home/prithiv/tentacle2/install/tentacle_description:/opt/ros/humble /usr/bin/cmake /home/prithiv/tentacle2/src/tentacle_controller -DCMAKE_INSTALL_PREFIX=/home/prithiv/tentacle2/install/tentacle_controller
[2.826s] Invoking command in '/home/prithiv/tentacle2/build/tentacle_controller': CMAKE_PREFIX_PATH=/home/prithiv/tentacle2/install/tentacle_description:/opt/ros/humble /usr/bin/cmake --build /home/prithiv/tentacle2/build/tentacle_controller -- -j12 -l12
[2.873s] Invoked command in '/home/prithiv/tentacle2/build/tentacle_controller' returned '0': CMAKE_PREFIX_PATH=/home/prithiv/tentacle2/install/tentacle_description:/opt/ros/humble /usr/bin/cmake --build /home/prithiv/tentacle2/build/tentacle_controller -- -j12 -l12
[2.881s] Invoking command in '/home/prithiv/tentacle2/build/tentacle_controller': CMAKE_PREFIX_PATH=/home/prithiv/tentacle2/install/tentacle_description:/opt/ros/humble /usr/bin/cmake --install /home/prithiv/tentacle2/build/tentacle_controller
[2.888s] -- Install configuration: ""
[2.888s] -- Installing: /home/prithiv/tentacle2/install/tentacle_controller/share/ament_index/resource_index/package_run_dependencies/tentacle_controller
[2.888s] -- Installing: /home/prithiv/tentacle2/install/tentacle_controller/share/ament_index/resource_index/parent_prefix_path/tentacle_controller
[2.888s] -- Installing: /home/prithiv/tentacle2/install/tentacle_controller/share/tentacle_controller/environment/ament_prefix_path.sh
[2.888s] -- Installing: /home/prithiv/tentacle2/install/tentacle_controller/share/tentacle_controller/environment/ament_prefix_path.dsv
[2.889s] -- Installing: /home/prithiv/tentacle2/install/tentacle_controller/share/tentacle_controller/environment/path.sh
[2.889s] -- Installing: /home/prithiv/tentacle2/install/tentacle_controller/share/tentacle_controller/environment/path.dsv
[2.889s] -- Installing: /home/prithiv/tentacle2/install/tentacle_controller/share/tentacle_controller/local_setup.bash
[2.889s] -- Installing: /home/prithiv/tentacle2/install/tentacle_controller/share/tentacle_controller/local_setup.sh
[2.889s] -- Installing: /home/prithiv/tentacle2/install/tentacle_controller/share/tentacle_controller/local_setup.zsh
[2.889s] -- Installing: /home/prithiv/tentacle2/install/tentacle_controller/share/tentacle_controller/local_setup.dsv
[2.889s] -- Installing: /home/prithiv/tentacle2/install/tentacle_controller/share/tentacle_controller/package.dsv
[2.889s] -- Installing: /home/prithiv/tentacle2/install/tentacle_controller/share/ament_index/resource_index/packages/tentacle_controller
[2.889s] -- Installing: /home/prithiv/tentacle2/install/tentacle_controller/share/tentacle_controller/cmake/tentacle_controllerConfig.cmake
[2.889s] -- Installing: /home/prithiv/tentacle2/install/tentacle_controller/share/tentacle_controller/cmake/tentacle_controllerConfig-version.cmake
[2.889s] -- Installing: /home/prithiv/tentacle2/install/tentacle_controller/share/tentacle_controller/package.xml
[2.890s] Invoked command in '/home/prithiv/tentacle2/build/tentacle_controller' returned '0': CMAKE_PREFIX_PATH=/home/prithiv/tentacle2/install/tentacle_description:/opt/ros/humble /usr/bin/cmake --install /home/prithiv/tentacle2/build/tentacle_controller
