[0.011s] Invoking command in '/home/prithiv/tentacle2/build/ros_gz_sim': CMAKE_PREFIX_PATH=/opt/ros/humble /usr/bin/cmake --build /home/prithiv/tentacle2/build/ros_gz_sim -- -j12 -l12
[0.121s] [35m[1mConsolidate compiler generated dependencies of target gtest_main[0m
[0.121s] [35m[1mConsolidate compiler generated dependencies of target gtest[0m
[0.121s] [35m[1mConsolidate compiler generated dependencies of target ros_gz_sim[0m
[0.123s] [35m[1mConsolidate compiler generated dependencies of target create[0m
[0.141s] [ 20%] Built target gtest_main
[0.146s] [ 40%] Built target gtest
[0.152s] [ 60%] Built target ros_gz_sim
[0.160s] [35m[1mConsolidate compiler generated dependencies of target test_stopwatch[0m
[0.167s] [ 80%] Built target create
[0.198s] [100%] Built target test_stopwatch
[0.206s] Invoked command in '/home/prithiv/tentacle2/build/ros_gz_sim' returned '0': CMAKE_PREFIX_PATH=/opt/ros/humble /usr/bin/cmake --build /home/prithiv/tentacle2/build/ros_gz_sim -- -j12 -l12
[0.209s] Invoking command in '/home/prithiv/tentacle2/build/ros_gz_sim': CMAKE_PREFIX_PATH=/opt/ros/humble /usr/bin/cmake --install /home/prithiv/tentacle2/build/ros_gz_sim
[0.213s] -- Install configuration: ""
[0.214s] -- Up-to-date: /home/prithiv/tentacle2/install/ros_gz_sim/include/ros_gz_sim
[0.214s] -- Up-to-date: /home/prithiv/tentacle2/install/ros_gz_sim/include/ros_gz_sim/Stopwatch.hpp
[0.214s] -- Up-to-date: /home/prithiv/tentacle2/install/ros_gz_sim/share/ros_gz_sim/launch/gz_sim.launch.py
[0.215s] -- Up-to-date: /home/prithiv/tentacle2/install/ros_gz_sim/lib/ros_gz_sim/create
[0.216s] -- Up-to-date: /home/prithiv/tentacle2/install/ros_gz_sim/lib/libros_gz_sim.so
[0.217s] -- Up-to-date: /home/prithiv/tentacle2/install/ros_gz_sim/lib/ros_gz_sim/test_stopwatch
[0.218s] -- Up-to-date: /home/prithiv/tentacle2/install/ros_gz_sim/share/ament_index/resource_index/package_run_dependencies/ros_gz_sim
[0.218s] -- Up-to-date: /home/prithiv/tentacle2/install/ros_gz_sim/share/ament_index/resource_index/parent_prefix_path/ros_gz_sim
[0.218s] -- Up-to-date: /home/prithiv/tentacle2/install/ros_gz_sim/share/ros_gz_sim/environment/ament_prefix_path.sh
[0.218s] -- Up-to-date: /home/prithiv/tentacle2/install/ros_gz_sim/share/ros_gz_sim/environment/ament_prefix_path.dsv
[0.218s] -- Up-to-date: /home/prithiv/tentacle2/install/ros_gz_sim/share/ros_gz_sim/environment/path.sh
[0.218s] -- Up-to-date: /home/prithiv/tentacle2/install/ros_gz_sim/share/ros_gz_sim/environment/path.dsv
[0.218s] -- Up-to-date: /home/prithiv/tentacle2/install/ros_gz_sim/share/ros_gz_sim/local_setup.bash
[0.218s] -- Up-to-date: /home/prithiv/tentacle2/install/ros_gz_sim/share/ros_gz_sim/local_setup.sh
[0.218s] -- Up-to-date: /home/prithiv/tentacle2/install/ros_gz_sim/share/ros_gz_sim/local_setup.zsh
[0.218s] -- Up-to-date: /home/prithiv/tentacle2/install/ros_gz_sim/share/ros_gz_sim/local_setup.dsv
[0.218s] -- Installing: /home/prithiv/tentacle2/install/ros_gz_sim/share/ros_gz_sim/package.dsv
[0.218s] -- Up-to-date: /home/prithiv/tentacle2/install/ros_gz_sim/share/ament_index/resource_index/packages/ros_gz_sim
[0.219s] -- Up-to-date: /home/prithiv/tentacle2/install/ros_gz_sim/share/ros_gz_sim/cmake/ros_gz_simExport.cmake
[0.219s] -- Up-to-date: /home/prithiv/tentacle2/install/ros_gz_sim/share/ros_gz_sim/cmake/ros_gz_simExport-noconfig.cmake
[0.219s] -- Up-to-date: /home/prithiv/tentacle2/install/ros_gz_sim/share/ros_gz_sim/cmake/ament_cmake_export_targets-extras.cmake
[0.219s] -- Up-to-date: /home/prithiv/tentacle2/install/ros_gz_sim/share/ros_gz_sim/cmake/ament_cmake_export_dependencies-extras.cmake
[0.219s] -- Up-to-date: /home/prithiv/tentacle2/install/ros_gz_sim/share/ros_gz_sim/cmake/ros_gz_simConfig.cmake
[0.219s] -- Up-to-date: /home/prithiv/tentacle2/install/ros_gz_sim/share/ros_gz_sim/cmake/ros_gz_simConfig-version.cmake
[0.219s] -- Up-to-date: /home/prithiv/tentacle2/install/ros_gz_sim/share/ros_gz_sim/package.xml
[0.220s] Invoked command in '/home/prithiv/tentacle2/build/ros_gz_sim' returned '0': CMAKE_PREFIX_PATH=/opt/ros/humble /usr/bin/cmake --install /home/prithiv/tentacle2/build/ros_gz_sim
