running egg_info
writing ../../build/tentacle_description/tentacle_description.egg-info/PKG-INFO
writing dependency_links to ../../build/tentacle_description/tentacle_description.egg-info/dependency_links.txt
writing entry points to ../../build/tentacle_description/tentacle_description.egg-info/entry_points.txt
writing requirements to ../../build/tentacle_description/tentacle_description.egg-info/requires.txt
writing top-level names to ../../build/tentacle_description/tentacle_description.egg-info/top_level.txt
reading manifest file '../../build/tentacle_description/tentacle_description.egg-info/SOURCES.txt'
writing manifest file '../../build/tentacle_description/tentacle_description.egg-info/SOURCES.txt'
running build
running build_py
running install
running install_lib
running install_data
copying urdf/tentacle_ros2_control.xacro -> /home/prithiv/tentacle2/install/tentacle_description/share/tentacle_description/urdf
copying urdf/tentacle.xacro -> /home/prithiv/tentacle2/install/tentacle_description/share/tentacle_description/urdf
running install_egg_info
removing '/home/prithiv/tentacle2/install/tentacle_description/lib/python3.10/site-packages/tentacle_description-0.0.0-py3.10.egg-info' (and everything under it)
Copying ../../build/tentacle_description/tentacle_description.egg-info to /home/prithiv/tentacle2/install/tentacle_description/lib/python3.10/site-packages/tentacle_description-0.0.0-py3.10.egg-info
running install_scripts
writing list of installed files to '/home/prithiv/tentacle2/build/tentacle_description/install.log'
