[0.065s] DEBUG:colcon:Command line arguments: ['/usr/bin/colcon', 'build']
[0.065s] DEBUG:colcon:Parsed command line arguments: Namespace(log_base=None, log_level=None, verb_name='build', build_base='build', install_base='install', merge_install=False, symlink_install=False, test_result_base=None, continue_on_error=False, executor='parallel', parallel_workers=12, event_handlers=None, ignore_user_meta=False, metas=['./colcon.meta'], base_paths=['.'], packages_ignore=None, packages_ignore_regex=None, paths=None, packages_up_to=None, packages_up_to_regex=None, packages_above=None, packages_above_and_dependencies=None, packages_above_depth=None, packages_select_by_dep=None, packages_skip_by_dep=None, packages_skip_up_to=None, packages_select_build_failed=False, packages_skip_build_finished=False, packages_select_test_failures=False, packages_skip_test_passed=False, packages_select=None, packages_skip=None, packages_select_regex=None, packages_skip_regex=None, packages_start=None, packages_end=None, allow_overriding=[], cmake_args=None, cmake_target=None, cmake_target_skip_unavailable=False, cmake_clean_cache=False, cmake_clean_first=False, cmake_force_configure=False, ament_cmake_args=None, catkin_cmake_args=None, catkin_skip_building_tests=False, mixin_files=None, mixin=None, verb_parser=<colcon_mixin.mixin.mixin_argument.MixinArgumentDecorator object at 0x76c552e5ad70>, verb_extension=<colcon_core.verb.build.BuildVerb object at 0x76c552f5baf0>, main=<bound method BuildVerb.main of <colcon_core.verb.build.BuildVerb object at 0x76c552f5baf0>>, mixin_verb=('build',))
[0.158s] Level 1:colcon.colcon_core.package_discovery:discover_packages(colcon_meta) check parameters
[0.158s] Level 1:colcon.colcon_core.package_discovery:discover_packages(recursive) check parameters
[0.158s] Level 1:colcon.colcon_core.package_discovery:discover_packages(ignore) check parameters
[0.158s] Level 1:colcon.colcon_core.package_discovery:discover_packages(path) check parameters
[0.158s] Level 1:colcon.colcon_core.package_discovery:discover_packages(colcon_meta) discover
[0.158s] Level 1:colcon.colcon_core.package_discovery:discover_packages(recursive) discover
[0.158s] INFO:colcon.colcon_core.package_discovery:Crawling recursively for packages in '/home/prithiv/tentacle2'
[0.158s] Level 1:colcon.colcon_core.package_identification:_identify(.) by extensions ['ignore', 'ignore_ament_install']
[0.158s] Level 1:colcon.colcon_core.package_identification:_identify(.) by extension 'ignore'
[0.158s] Level 1:colcon.colcon_core.package_identification:_identify(.) by extension 'ignore_ament_install'
[0.158s] Level 1:colcon.colcon_core.package_identification:_identify(.) by extensions ['colcon_pkg']
[0.158s] Level 1:colcon.colcon_core.package_identification:_identify(.) by extension 'colcon_pkg'
[0.158s] Level 1:colcon.colcon_core.package_identification:_identify(.) by extensions ['colcon_meta']
[0.158s] Level 1:colcon.colcon_core.package_identification:_identify(.) by extension 'colcon_meta'
[0.158s] Level 1:colcon.colcon_core.package_identification:_identify(.) by extensions ['ros']
[0.158s] Level 1:colcon.colcon_core.package_identification:_identify(.) by extension 'ros'
[0.165s] Level 1:colcon.colcon_core.package_identification:_identify(.) by extensions ['cmake', 'python']
[0.165s] Level 1:colcon.colcon_core.package_identification:_identify(.) by extension 'cmake'
[0.165s] Level 1:colcon.colcon_core.package_identification:_identify(.) by extension 'python'
[0.165s] Level 1:colcon.colcon_core.package_identification:_identify(.) by extensions ['python_setup_py']
[0.165s] Level 1:colcon.colcon_core.package_identification:_identify(.) by extension 'python_setup_py'
[0.165s] Level 1:colcon.colcon_core.package_identification:_identify(build) by extensions ['ignore', 'ignore_ament_install']
[0.165s] Level 1:colcon.colcon_core.package_identification:_identify(build) by extension 'ignore'
[0.165s] Level 1:colcon.colcon_core.package_identification:_identify(build) ignored
[0.165s] Level 1:colcon.colcon_core.package_identification:_identify(install) by extensions ['ignore', 'ignore_ament_install']
[0.165s] Level 1:colcon.colcon_core.package_identification:_identify(install) by extension 'ignore'
[0.165s] Level 1:colcon.colcon_core.package_identification:_identify(install) ignored
[0.166s] Level 1:colcon.colcon_core.package_identification:_identify(log) by extensions ['ignore', 'ignore_ament_install']
[0.166s] Level 1:colcon.colcon_core.package_identification:_identify(log) by extension 'ignore'
[0.166s] Level 1:colcon.colcon_core.package_identification:_identify(log) ignored
[0.166s] Level 1:colcon.colcon_core.package_identification:_identify(src) by extensions ['ignore', 'ignore_ament_install']
[0.166s] Level 1:colcon.colcon_core.package_identification:_identify(src) by extension 'ignore'
[0.166s] Level 1:colcon.colcon_core.package_identification:_identify(src) by extension 'ignore_ament_install'
[0.166s] Level 1:colcon.colcon_core.package_identification:_identify(src) by extensions ['colcon_pkg']
[0.166s] Level 1:colcon.colcon_core.package_identification:_identify(src) by extension 'colcon_pkg'
[0.166s] Level 1:colcon.colcon_core.package_identification:_identify(src) by extensions ['colcon_meta']
[0.166s] Level 1:colcon.colcon_core.package_identification:_identify(src) by extension 'colcon_meta'
[0.166s] Level 1:colcon.colcon_core.package_identification:_identify(src) by extensions ['ros']
[0.166s] Level 1:colcon.colcon_core.package_identification:_identify(src) by extension 'ros'
[0.166s] Level 1:colcon.colcon_core.package_identification:_identify(src) by extensions ['cmake', 'python']
[0.166s] Level 1:colcon.colcon_core.package_identification:_identify(src) by extension 'cmake'
[0.166s] Level 1:colcon.colcon_core.package_identification:_identify(src) by extension 'python'
[0.166s] Level 1:colcon.colcon_core.package_identification:_identify(src) by extensions ['python_setup_py']
[0.166s] Level 1:colcon.colcon_core.package_identification:_identify(src) by extension 'python_setup_py'
[0.166s] Level 1:colcon.colcon_core.package_identification:_identify(src/tentacle_controller) by extensions ['ignore', 'ignore_ament_install']
[0.166s] Level 1:colcon.colcon_core.package_identification:_identify(src/tentacle_controller) by extension 'ignore'
[0.166s] Level 1:colcon.colcon_core.package_identification:_identify(src/tentacle_controller) by extension 'ignore_ament_install'
[0.166s] Level 1:colcon.colcon_core.package_identification:_identify(src/tentacle_controller) by extensions ['colcon_pkg']
[0.166s] Level 1:colcon.colcon_core.package_identification:_identify(src/tentacle_controller) by extension 'colcon_pkg'
[0.166s] Level 1:colcon.colcon_core.package_identification:_identify(src/tentacle_controller) by extensions ['colcon_meta']
[0.166s] Level 1:colcon.colcon_core.package_identification:_identify(src/tentacle_controller) by extension 'colcon_meta'
[0.166s] Level 1:colcon.colcon_core.package_identification:_identify(src/tentacle_controller) by extensions ['ros']
[0.166s] Level 1:colcon.colcon_core.package_identification:_identify(src/tentacle_controller) by extension 'ros'
[0.168s] DEBUG:colcon.colcon_core.package_identification:Package 'src/tentacle_controller' with type 'ros.ament_cmake' and name 'tentacle_controller'
[0.168s] Level 1:colcon.colcon_core.package_identification:_identify(src/tentacle_description) by extensions ['ignore', 'ignore_ament_install']
[0.168s] Level 1:colcon.colcon_core.package_identification:_identify(src/tentacle_description) by extension 'ignore'
[0.168s] Level 1:colcon.colcon_core.package_identification:_identify(src/tentacle_description) by extension 'ignore_ament_install'
[0.168s] Level 1:colcon.colcon_core.package_identification:_identify(src/tentacle_description) by extensions ['colcon_pkg']
[0.168s] Level 1:colcon.colcon_core.package_identification:_identify(src/tentacle_description) by extension 'colcon_pkg'
[0.168s] Level 1:colcon.colcon_core.package_identification:_identify(src/tentacle_description) by extensions ['colcon_meta']
[0.168s] Level 1:colcon.colcon_core.package_identification:_identify(src/tentacle_description) by extension 'colcon_meta'
[0.168s] Level 1:colcon.colcon_core.package_identification:_identify(src/tentacle_description) by extensions ['ros']
[0.168s] Level 1:colcon.colcon_core.package_identification:_identify(src/tentacle_description) by extension 'ros'
[0.170s] DEBUG:colcon.colcon_core.package_identification:Package 'src/tentacle_description' with type 'ros.ament_python' and name 'tentacle_description'
[0.170s] Level 1:colcon.colcon_core.package_discovery:discover_packages(recursive) using defaults
[0.171s] Level 1:colcon.colcon_core.package_discovery:discover_packages(ignore) discover
[0.171s] Level 1:colcon.colcon_core.package_discovery:discover_packages(ignore) using defaults
[0.171s] Level 1:colcon.colcon_core.package_discovery:discover_packages(path) discover
[0.171s] Level 1:colcon.colcon_core.package_discovery:discover_packages(path) using defaults
[0.188s] Level 1:colcon.colcon_core.package_discovery:discover_packages(prefix_path) check parameters
[0.188s] Level 1:colcon.colcon_core.package_discovery:discover_packages(prefix_path) discover
[0.189s] DEBUG:colcon.colcon_installed_package_information.package_discovery:Found 6 installed packages in /home/prithiv/tentacle2/install
[0.190s] DEBUG:colcon.colcon_installed_package_information.package_discovery:Found 391 installed packages in /opt/ros/humble
[0.191s] Level 1:colcon.colcon_core.package_discovery:discover_packages(prefix_path) using defaults
[0.216s] Level 5:colcon.colcon_core.verb:set package 'tentacle_description' build argument 'cmake_args' from command line to 'None'
[0.216s] Level 5:colcon.colcon_core.verb:set package 'tentacle_description' build argument 'cmake_target' from command line to 'None'
[0.216s] Level 5:colcon.colcon_core.verb:set package 'tentacle_description' build argument 'cmake_target_skip_unavailable' from command line to 'False'
[0.216s] Level 5:colcon.colcon_core.verb:set package 'tentacle_description' build argument 'cmake_clean_cache' from command line to 'False'
[0.216s] Level 5:colcon.colcon_core.verb:set package 'tentacle_description' build argument 'cmake_clean_first' from command line to 'False'
[0.216s] Level 5:colcon.colcon_core.verb:set package 'tentacle_description' build argument 'cmake_force_configure' from command line to 'False'
[0.216s] Level 5:colcon.colcon_core.verb:set package 'tentacle_description' build argument 'ament_cmake_args' from command line to 'None'
[0.216s] Level 5:colcon.colcon_core.verb:set package 'tentacle_description' build argument 'catkin_cmake_args' from command line to 'None'
[0.216s] Level 5:colcon.colcon_core.verb:set package 'tentacle_description' build argument 'catkin_skip_building_tests' from command line to 'False'
[0.216s] DEBUG:colcon.colcon_core.verb:Building package 'tentacle_description' with the following arguments: {'ament_cmake_args': None, 'build_base': '/home/prithiv/tentacle2/build/tentacle_description', 'catkin_cmake_args': None, 'catkin_skip_building_tests': False, 'cmake_args': None, 'cmake_clean_cache': False, 'cmake_clean_first': False, 'cmake_force_configure': False, 'cmake_target': None, 'cmake_target_skip_unavailable': False, 'install_base': '/home/prithiv/tentacle2/install/tentacle_description', 'merge_install': False, 'path': '/home/prithiv/tentacle2/src/tentacle_description', 'symlink_install': False, 'test_result_base': None}
[0.216s] Level 5:colcon.colcon_core.verb:set package 'tentacle_controller' build argument 'cmake_args' from command line to 'None'
[0.216s] Level 5:colcon.colcon_core.verb:set package 'tentacle_controller' build argument 'cmake_target' from command line to 'None'
[0.216s] Level 5:colcon.colcon_core.verb:set package 'tentacle_controller' build argument 'cmake_target_skip_unavailable' from command line to 'False'
[0.216s] Level 5:colcon.colcon_core.verb:set package 'tentacle_controller' build argument 'cmake_clean_cache' from command line to 'False'
[0.216s] Level 5:colcon.colcon_core.verb:set package 'tentacle_controller' build argument 'cmake_clean_first' from command line to 'False'
[0.216s] Level 5:colcon.colcon_core.verb:set package 'tentacle_controller' build argument 'cmake_force_configure' from command line to 'False'
[0.216s] Level 5:colcon.colcon_core.verb:set package 'tentacle_controller' build argument 'ament_cmake_args' from command line to 'None'
[0.216s] Level 5:colcon.colcon_core.verb:set package 'tentacle_controller' build argument 'catkin_cmake_args' from command line to 'None'
[0.216s] Level 5:colcon.colcon_core.verb:set package 'tentacle_controller' build argument 'catkin_skip_building_tests' from command line to 'False'
[0.216s] DEBUG:colcon.colcon_core.verb:Building package 'tentacle_controller' with the following arguments: {'ament_cmake_args': None, 'build_base': '/home/prithiv/tentacle2/build/tentacle_controller', 'catkin_cmake_args': None, 'catkin_skip_building_tests': False, 'cmake_args': None, 'cmake_clean_cache': False, 'cmake_clean_first': False, 'cmake_force_configure': False, 'cmake_target': None, 'cmake_target_skip_unavailable': False, 'install_base': '/home/prithiv/tentacle2/install/tentacle_controller', 'merge_install': False, 'path': '/home/prithiv/tentacle2/src/tentacle_controller', 'symlink_install': False, 'test_result_base': None}
[0.216s] INFO:colcon.colcon_core.executor:Executing jobs using 'parallel' executor
[0.217s] DEBUG:colcon.colcon_parallel_executor.executor.parallel:run_until_complete
[0.217s] INFO:colcon.colcon_ros.task.ament_python.build:Building ROS package in '/home/prithiv/tentacle2/src/tentacle_description' with build type 'ament_python'
[0.217s] Level 1:colcon.colcon_core.shell:create_environment_hook('tentacle_description', 'ament_prefix_path')
[0.218s] INFO:colcon.colcon_core.plugin_system:Skipping extension 'colcon_core.shell.bat': Not used on non-Windows systems
[0.219s] INFO:colcon.colcon_core.shell:Creating environment hook '/home/prithiv/tentacle2/install/tentacle_description/share/tentacle_description/hook/ament_prefix_path.ps1'
[0.219s] INFO:colcon.colcon_core.shell:Creating environment descriptor '/home/prithiv/tentacle2/install/tentacle_description/share/tentacle_description/hook/ament_prefix_path.dsv'
[0.219s] INFO:colcon.colcon_core.shell:Creating environment hook '/home/prithiv/tentacle2/install/tentacle_description/share/tentacle_description/hook/ament_prefix_path.sh'
[0.220s] INFO:colcon.colcon_core.shell:Skip shell extension 'powershell' for command environment: Not usable outside of PowerShell
[0.220s] DEBUG:colcon.colcon_core.shell:Skip shell extension 'dsv' for command environment
[0.366s] INFO:colcon.colcon_core.task.python.build:Building Python package in '/home/prithiv/tentacle2/src/tentacle_description'
[0.367s] INFO:colcon.colcon_core.shell:Skip shell extension 'powershell' for command environment: Not usable outside of PowerShell
[0.367s] DEBUG:colcon.colcon_core.shell:Skip shell extension 'dsv' for command environment
[0.574s] DEBUG:colcon.colcon_core.event_handler.log_command:Invoking command in '/home/prithiv/tentacle2/src/tentacle_description': PYTHONPATH=/home/prithiv/tentacle2/build/tentacle_description/prefix_override:/usr/lib/python3/dist-packages/colcon_core/task/python/colcon_distutils_commands:/home/prithiv/tentacle2/install/tentacle_description/lib/python3.10/site-packages:${PYTHONPATH} /usr/bin/python3 -W ignore:setup.py install is deprecated -W ignore:easy_install command is deprecated setup.py egg_info --egg-base ../../build/tentacle_description build --build-base /home/prithiv/tentacle2/build/tentacle_description/build install --record /home/prithiv/tentacle2/build/tentacle_description/install.log --single-version-externally-managed install_data
[0.745s] DEBUG:colcon.colcon_core.event_handler.log_command:Invoked command in '/home/prithiv/tentacle2/src/tentacle_description' returned '0': PYTHONPATH=/home/prithiv/tentacle2/build/tentacle_description/prefix_override:/usr/lib/python3/dist-packages/colcon_core/task/python/colcon_distutils_commands:/home/prithiv/tentacle2/install/tentacle_description/lib/python3.10/site-packages:${PYTHONPATH} /usr/bin/python3 -W ignore:setup.py install is deprecated -W ignore:easy_install command is deprecated setup.py egg_info --egg-base ../../build/tentacle_description build --build-base /home/prithiv/tentacle2/build/tentacle_description/build install --record /home/prithiv/tentacle2/build/tentacle_description/install.log --single-version-externally-managed install_data
[0.746s] Level 1:colcon.colcon_core.environment:checking '/home/prithiv/tentacle2/install/tentacle_description' for CMake module files
[0.746s] Level 1:colcon.colcon_core.environment:checking '/home/prithiv/tentacle2/install/tentacle_description' for CMake config files
[0.747s] Level 1:colcon.colcon_core.environment:checking '/home/prithiv/tentacle2/install/tentacle_description/lib'
[0.747s] Level 1:colcon.colcon_core.environment:checking '/home/prithiv/tentacle2/install/tentacle_description/bin'
[0.747s] Level 1:colcon.colcon_core.environment:checking '/home/prithiv/tentacle2/install/tentacle_description/lib/pkgconfig/tentacle_description.pc'
[0.747s] Level 1:colcon.colcon_core.environment:checking '/home/prithiv/tentacle2/install/tentacle_description/lib/python3.10/site-packages'
[0.747s] Level 1:colcon.colcon_core.shell:create_environment_hook('tentacle_description', 'pythonpath')
[0.747s] INFO:colcon.colcon_core.shell:Creating environment hook '/home/prithiv/tentacle2/install/tentacle_description/share/tentacle_description/hook/pythonpath.ps1'
[0.747s] INFO:colcon.colcon_core.shell:Creating environment descriptor '/home/prithiv/tentacle2/install/tentacle_description/share/tentacle_description/hook/pythonpath.dsv'
[0.748s] INFO:colcon.colcon_core.shell:Creating environment hook '/home/prithiv/tentacle2/install/tentacle_description/share/tentacle_description/hook/pythonpath.sh'
[0.748s] Level 1:colcon.colcon_core.environment:checking '/home/prithiv/tentacle2/install/tentacle_description/bin'
[0.748s] Level 1:colcon.colcon_core.environment:create_environment_scripts_only(tentacle_description)
[0.748s] INFO:colcon.colcon_core.shell:Creating package script '/home/prithiv/tentacle2/install/tentacle_description/share/tentacle_description/package.ps1'
[0.749s] INFO:colcon.colcon_core.shell:Creating package descriptor '/home/prithiv/tentacle2/install/tentacle_description/share/tentacle_description/package.dsv'
[0.749s] INFO:colcon.colcon_core.shell:Creating package script '/home/prithiv/tentacle2/install/tentacle_description/share/tentacle_description/package.sh'
[0.750s] INFO:colcon.colcon_core.shell:Creating package script '/home/prithiv/tentacle2/install/tentacle_description/share/tentacle_description/package.bash'
[0.750s] INFO:colcon.colcon_core.shell:Creating package script '/home/prithiv/tentacle2/install/tentacle_description/share/tentacle_description/package.zsh'
[0.750s] Level 1:colcon.colcon_core.environment:create_file_with_runtime_dependencies(/home/prithiv/tentacle2/install/tentacle_description/share/colcon-core/packages/tentacle_description)
[0.751s] INFO:colcon.colcon_ros.task.ament_cmake.build:Building ROS package in '/home/prithiv/tentacle2/src/tentacle_controller' with build type 'ament_cmake'
[0.751s] INFO:colcon.colcon_cmake.task.cmake.build:Building CMake package in '/home/prithiv/tentacle2/src/tentacle_controller'
[0.751s] INFO:colcon.colcon_core.shell:Skip shell extension 'powershell' for command environment: Not usable outside of PowerShell
[0.751s] DEBUG:colcon.colcon_core.shell:Skip shell extension 'dsv' for command environment
[0.756s] DEBUG:colcon.colcon_core.event_handler.log_command:Invoking command in '/home/prithiv/tentacle2/build/tentacle_controller': AMENT_PREFIX_PATH=/home/prithiv/tentacle2/install/tentacle_description:/home/prithiv/tentacle2/install/tentacle_controller:/home/prithiv/tentacle2/install/ros_ign_interfaces:/home/prithiv/tentacle2/install/ros_ign_gazebo:/home/prithiv/tentacle2/install/ros_gz_sim:/home/prithiv/tentacle2/install/ros_gz_interfaces:/opt/ros/humble CMAKE_PREFIX_PATH=${CMAKE_PREFIX_PATH}:/home/prithiv/tentacle2/install/tentacle_description:/opt/ros/humble /usr/bin/cmake --build /home/prithiv/tentacle2/build/tentacle_controller -- -j12 -l12
[0.776s] DEBUG:colcon.colcon_core.event_handler.log_command:Invoked command in '/home/prithiv/tentacle2/build/tentacle_controller' returned '0': AMENT_PREFIX_PATH=/home/prithiv/tentacle2/install/tentacle_description:/home/prithiv/tentacle2/install/tentacle_controller:/home/prithiv/tentacle2/install/ros_ign_interfaces:/home/prithiv/tentacle2/install/ros_ign_gazebo:/home/prithiv/tentacle2/install/ros_gz_sim:/home/prithiv/tentacle2/install/ros_gz_interfaces:/opt/ros/humble CMAKE_PREFIX_PATH=${CMAKE_PREFIX_PATH}:/home/prithiv/tentacle2/install/tentacle_description:/opt/ros/humble /usr/bin/cmake --build /home/prithiv/tentacle2/build/tentacle_controller -- -j12 -l12
[0.783s] DEBUG:colcon.colcon_core.event_handler.log_command:Invoking command in '/home/prithiv/tentacle2/build/tentacle_controller': AMENT_PREFIX_PATH=/home/prithiv/tentacle2/install/tentacle_description:/home/prithiv/tentacle2/install/tentacle_controller:/home/prithiv/tentacle2/install/ros_ign_interfaces:/home/prithiv/tentacle2/install/ros_ign_gazebo:/home/prithiv/tentacle2/install/ros_gz_sim:/home/prithiv/tentacle2/install/ros_gz_interfaces:/opt/ros/humble CMAKE_PREFIX_PATH=${CMAKE_PREFIX_PATH}:/home/prithiv/tentacle2/install/tentacle_description:/opt/ros/humble /usr/bin/cmake --install /home/prithiv/tentacle2/build/tentacle_controller
[0.788s] Level 1:colcon.colcon_core.environment:create_environment_scripts_only(tentacle_controller)
[0.788s] Level 1:colcon.colcon_core.environment:checking '/home/prithiv/tentacle2/install/tentacle_controller' for CMake module files
[0.788s] DEBUG:colcon.colcon_core.event_handler.log_command:Invoked command in '/home/prithiv/tentacle2/build/tentacle_controller' returned '0': AMENT_PREFIX_PATH=/home/prithiv/tentacle2/install/tentacle_description:/home/prithiv/tentacle2/install/tentacle_controller:/home/prithiv/tentacle2/install/ros_ign_interfaces:/home/prithiv/tentacle2/install/ros_ign_gazebo:/home/prithiv/tentacle2/install/ros_gz_sim:/home/prithiv/tentacle2/install/ros_gz_interfaces:/opt/ros/humble CMAKE_PREFIX_PATH=${CMAKE_PREFIX_PATH}:/home/prithiv/tentacle2/install/tentacle_description:/opt/ros/humble /usr/bin/cmake --install /home/prithiv/tentacle2/build/tentacle_controller
[0.788s] Level 1:colcon.colcon_core.environment:checking '/home/prithiv/tentacle2/install/tentacle_controller' for CMake config files
[0.788s] Level 1:colcon.colcon_core.shell:create_environment_hook('tentacle_controller', 'cmake_prefix_path')
[0.789s] INFO:colcon.colcon_core.shell:Creating environment hook '/home/prithiv/tentacle2/install/tentacle_controller/share/tentacle_controller/hook/cmake_prefix_path.ps1'
[0.789s] INFO:colcon.colcon_core.shell:Creating environment descriptor '/home/prithiv/tentacle2/install/tentacle_controller/share/tentacle_controller/hook/cmake_prefix_path.dsv'
[0.789s] INFO:colcon.colcon_core.shell:Creating environment hook '/home/prithiv/tentacle2/install/tentacle_controller/share/tentacle_controller/hook/cmake_prefix_path.sh'
[0.789s] Level 1:colcon.colcon_core.environment:checking '/home/prithiv/tentacle2/install/tentacle_controller/bin'
[0.789s] Level 1:colcon.colcon_core.environment:checking '/home/prithiv/tentacle2/install/tentacle_controller/lib/pkgconfig/tentacle_controller.pc'
[0.790s] Level 1:colcon.colcon_core.environment:checking '/home/prithiv/tentacle2/install/tentacle_controller/lib/python3.10/site-packages'
[0.790s] Level 1:colcon.colcon_core.environment:checking '/home/prithiv/tentacle2/install/tentacle_controller/bin'
[0.790s] INFO:colcon.colcon_core.shell:Creating package script '/home/prithiv/tentacle2/install/tentacle_controller/share/tentacle_controller/package.ps1'
[0.790s] INFO:colcon.colcon_core.shell:Creating package descriptor '/home/prithiv/tentacle2/install/tentacle_controller/share/tentacle_controller/package.dsv'
[0.790s] INFO:colcon.colcon_core.shell:Creating package script '/home/prithiv/tentacle2/install/tentacle_controller/share/tentacle_controller/package.sh'
[0.791s] INFO:colcon.colcon_core.shell:Creating package script '/home/prithiv/tentacle2/install/tentacle_controller/share/tentacle_controller/package.bash'
[0.791s] INFO:colcon.colcon_core.shell:Creating package script '/home/prithiv/tentacle2/install/tentacle_controller/share/tentacle_controller/package.zsh'
[0.791s] Level 1:colcon.colcon_core.environment:create_file_with_runtime_dependencies(/home/prithiv/tentacle2/install/tentacle_controller/share/colcon-core/packages/tentacle_controller)
[0.791s] Level 1:colcon.colcon_core.environment:create_environment_scripts_only(tentacle_controller)
[0.791s] Level 1:colcon.colcon_core.environment:checking '/home/prithiv/tentacle2/install/tentacle_controller' for CMake module files
[0.792s] Level 1:colcon.colcon_core.environment:checking '/home/prithiv/tentacle2/install/tentacle_controller' for CMake config files
[0.792s] Level 1:colcon.colcon_core.shell:create_environment_hook('tentacle_controller', 'cmake_prefix_path')
[0.792s] INFO:colcon.colcon_core.shell:Creating environment hook '/home/prithiv/tentacle2/install/tentacle_controller/share/tentacle_controller/hook/cmake_prefix_path.ps1'
[0.792s] INFO:colcon.colcon_core.shell:Creating environment descriptor '/home/prithiv/tentacle2/install/tentacle_controller/share/tentacle_controller/hook/cmake_prefix_path.dsv'
[0.792s] INFO:colcon.colcon_core.shell:Creating environment hook '/home/prithiv/tentacle2/install/tentacle_controller/share/tentacle_controller/hook/cmake_prefix_path.sh'
[0.792s] Level 1:colcon.colcon_core.environment:checking '/home/prithiv/tentacle2/install/tentacle_controller/bin'
[0.792s] Level 1:colcon.colcon_core.environment:checking '/home/prithiv/tentacle2/install/tentacle_controller/lib/pkgconfig/tentacle_controller.pc'
[0.793s] Level 1:colcon.colcon_core.environment:checking '/home/prithiv/tentacle2/install/tentacle_controller/lib/python3.10/site-packages'
[0.793s] Level 1:colcon.colcon_core.environment:checking '/home/prithiv/tentacle2/install/tentacle_controller/bin'
[0.793s] INFO:colcon.colcon_core.shell:Creating package script '/home/prithiv/tentacle2/install/tentacle_controller/share/tentacle_controller/package.ps1'
[0.793s] INFO:colcon.colcon_core.shell:Creating package descriptor '/home/prithiv/tentacle2/install/tentacle_controller/share/tentacle_controller/package.dsv'
[0.793s] INFO:colcon.colcon_core.shell:Creating package script '/home/prithiv/tentacle2/install/tentacle_controller/share/tentacle_controller/package.sh'
[0.794s] INFO:colcon.colcon_core.shell:Creating package script '/home/prithiv/tentacle2/install/tentacle_controller/share/tentacle_controller/package.bash'
[0.794s] INFO:colcon.colcon_core.shell:Creating package script '/home/prithiv/tentacle2/install/tentacle_controller/share/tentacle_controller/package.zsh'
[0.794s] Level 1:colcon.colcon_core.environment:create_file_with_runtime_dependencies(/home/prithiv/tentacle2/install/tentacle_controller/share/colcon-core/packages/tentacle_controller)
[0.794s] DEBUG:colcon.colcon_parallel_executor.executor.parallel:closing loop
[0.794s] DEBUG:colcon.colcon_parallel_executor.executor.parallel:loop closed
[0.794s] DEBUG:colcon.colcon_parallel_executor.executor.parallel:run_until_complete finished with '0'
[0.794s] DEBUG:colcon.colcon_core.event_reactor:joining thread
[0.797s] INFO:colcon.colcon_core.plugin_system:Skipping extension 'colcon_notification.desktop_notification.terminal_notifier': Not used on non-Darwin systems
[0.797s] INFO:colcon.colcon_core.plugin_system:Skipping extension 'colcon_notification.desktop_notification.win32': Not used on non-Windows systems
[0.797s] INFO:colcon.colcon_notification.desktop_notification:Sending desktop notification using 'notify2'
[0.807s] DEBUG:colcon.colcon_core.event_reactor:joined thread
[0.807s] INFO:colcon.colcon_core.shell:Creating prefix script '/home/prithiv/tentacle2/install/local_setup.ps1'
[0.808s] INFO:colcon.colcon_core.shell:Creating prefix util module '/home/prithiv/tentacle2/install/_local_setup_util_ps1.py'
[0.809s] INFO:colcon.colcon_core.shell:Creating prefix chain script '/home/prithiv/tentacle2/install/setup.ps1'
[0.810s] INFO:colcon.colcon_core.shell:Creating prefix script '/home/prithiv/tentacle2/install/local_setup.sh'
[0.810s] INFO:colcon.colcon_core.shell:Creating prefix util module '/home/prithiv/tentacle2/install/_local_setup_util_sh.py'
[0.810s] INFO:colcon.colcon_core.shell:Creating prefix chain script '/home/prithiv/tentacle2/install/setup.sh'
[0.811s] INFO:colcon.colcon_core.shell:Creating prefix script '/home/prithiv/tentacle2/install/local_setup.bash'
[0.811s] INFO:colcon.colcon_core.shell:Creating prefix chain script '/home/prithiv/tentacle2/install/setup.bash'
[0.812s] INFO:colcon.colcon_core.shell:Creating prefix script '/home/prithiv/tentacle2/install/local_setup.zsh'
[0.812s] INFO:colcon.colcon_core.shell:Creating prefix chain script '/home/prithiv/tentacle2/install/setup.zsh'
